2025-10-02T06:11:05.6954658Z Current runner version: '2.328.0'
2025-10-02T06:11:05.6977662Z ##[group]Runner Image Provisioner
2025-10-02T06:11:05.6978461Z Hosted Compute Agent
2025-10-02T06:11:05.6978951Z Version: 20250912.392
2025-10-02T06:11:05.6979499Z Commit: d921fda672a98b64f4f82364647e2f10b2267d0b
2025-10-02T06:11:05.6980116Z Build Date: 2025-09-12T15:23:14Z
2025-10-02T06:11:05.6980688Z ##[endgroup]
2025-10-02T06:11:05.6981331Z ##[group]Operating System
2025-10-02T06:11:05.6981887Z Ubuntu
2025-10-02T06:11:05.6982322Z 24.04.3
2025-10-02T06:11:05.6982778Z LTS
2025-10-02T06:11:05.6983155Z ##[endgroup]
2025-10-02T06:11:05.6983647Z ##[group]Runner Image
2025-10-02T06:11:05.6984159Z Image: ubuntu-24.04
2025-10-02T06:11:05.6984578Z Version: 20250922.53.1
2025-10-02T06:11:05.6985534Z Included Software: https://github.com/actions/runner-images/blob/ubuntu24/20250922.53/images/ubuntu/Ubuntu2404-Readme.md
2025-10-02T06:11:05.6986912Z Image Release: https://github.com/actions/runner-images/releases/tag/ubuntu24%2F20250922.53
2025-10-02T06:11:05.6987786Z ##[endgroup]
2025-10-02T06:11:05.6988793Z ##[group]GITHUB_TOKEN Permissions
2025-10-02T06:11:05.6990820Z Contents: read
2025-10-02T06:11:05.6991506Z Metadata: read
2025-10-02T06:11:05.6991939Z Packages: read
2025-10-02T06:11:05.6992438Z ##[endgroup]
2025-10-02T06:11:05.6994464Z Secret source: Actions
2025-10-02T06:11:05.6995084Z Prepare workflow directory
2025-10-02T06:11:05.7363305Z Prepare all required actions
2025-10-02T06:11:05.7400508Z Getting action download info
2025-10-02T06:11:06.1153442Z Download action repository 'actions/checkout@v4' (SHA:08eba0b27e820071cde6df949e0beb9ba4906955)
2025-10-02T06:11:06.5314226Z Download action repository 'dtolnay/rust-toolchain@stable' (SHA:5d458579430fc14a04a08a1e7d3694f545e91ce6)
2025-10-02T06:11:06.9346624Z Download action repository 'actions/cache@v3' (SHA:6f8efc29b200d32929f49075959781ed54ec270c)
2025-10-02T06:11:07.7640683Z Complete job name: Test (ubuntu-latest, stable)
2025-10-02T06:11:07.8430422Z ##[group]Run actions/checkout@v4
2025-10-02T06:11:07.8431752Z with:
2025-10-02T06:11:07.8432245Z   repository: shunrin824/gnt2influx
2025-10-02T06:11:07.8433093Z   token: ***
2025-10-02T06:11:07.8433556Z   ssh-strict: true
2025-10-02T06:11:07.8434018Z   ssh-user: git
2025-10-02T06:11:07.8434503Z   persist-credentials: true
2025-10-02T06:11:07.8435023Z   clean: true
2025-10-02T06:11:07.8435517Z   sparse-checkout-cone-mode: true
2025-10-02T06:11:07.8436076Z   fetch-depth: 1
2025-10-02T06:11:07.8436532Z   fetch-tags: false
2025-10-02T06:11:07.8436999Z   show-progress: true
2025-10-02T06:11:07.8437484Z   lfs: false
2025-10-02T06:11:07.8437927Z   submodules: false
2025-10-02T06:11:07.8438423Z   set-safe-directory: true
2025-10-02T06:11:07.8439190Z env:
2025-10-02T06:11:07.8439617Z   CARGO_TERM_COLOR: always
2025-10-02T06:11:07.8440131Z ##[endgroup]
2025-10-02T06:11:07.9491466Z Syncing repository: shunrin824/gnt2influx
2025-10-02T06:11:07.9493503Z ##[group]Getting Git version info
2025-10-02T06:11:07.9494381Z Working directory is '/home/runner/work/gnt2influx/gnt2influx'
2025-10-02T06:11:07.9495594Z [command]/usr/bin/git version
2025-10-02T06:11:08.0311863Z git version 2.51.0
2025-10-02T06:11:08.0338516Z ##[endgroup]
2025-10-02T06:11:08.0352944Z Temporarily overriding HOME='/home/runner/work/_temp/e77b5ef6-9692-411f-9330-6354bf312383' before making global git config changes
2025-10-02T06:11:08.0354449Z Adding repository directory to the temporary git global config as a safe directory
2025-10-02T06:11:08.0367076Z [command]/usr/bin/git config --global --add safe.directory /home/runner/work/gnt2influx/gnt2influx
2025-10-02T06:11:08.0451753Z Deleting the contents of '/home/runner/work/gnt2influx/gnt2influx'
2025-10-02T06:11:08.0455297Z ##[group]Initializing the repository
2025-10-02T06:11:08.0459420Z [command]/usr/bin/git init /home/runner/work/gnt2influx/gnt2influx
2025-10-02T06:11:08.1456246Z hint: Using 'master' as the name for the initial branch. This default branch name
2025-10-02T06:11:08.1458172Z hint: is subject to change. To configure the initial branch name to use in all
2025-10-02T06:11:08.1459854Z hint: of your new repositories, which will suppress this warning, call:
2025-10-02T06:11:08.1460613Z hint:
2025-10-02T06:11:08.1461348Z hint: 	git config --global init.defaultBranch <name>
2025-10-02T06:11:08.1462002Z hint:
2025-10-02T06:11:08.1462613Z hint: Names commonly chosen instead of 'master' are 'main', 'trunk' and
2025-10-02T06:11:08.1463578Z hint: 'development'. The just-created branch can be renamed via this command:
2025-10-02T06:11:08.1464355Z hint:
2025-10-02T06:11:08.1464779Z hint: 	git branch -m <name>
2025-10-02T06:11:08.1465284Z hint:
2025-10-02T06:11:08.1465926Z hint: Disable this message with "git config set advice.defaultBranchName false"
2025-10-02T06:11:08.1498423Z Initialized empty Git repository in /home/runner/work/gnt2influx/gnt2influx/.git/
2025-10-02T06:11:08.1509421Z [command]/usr/bin/git remote add origin https://github.com/shunrin824/gnt2influx
2025-10-02T06:11:08.1625312Z ##[endgroup]
2025-10-02T06:11:08.1626364Z ##[group]Disabling automatic garbage collection
2025-10-02T06:11:08.1629589Z [command]/usr/bin/git config --local gc.auto 0
2025-10-02T06:11:08.1657580Z ##[endgroup]
2025-10-02T06:11:08.1658388Z ##[group]Setting up auth
2025-10-02T06:11:08.1663991Z [command]/usr/bin/git config --local --name-only --get-regexp core\.sshCommand
2025-10-02T06:11:08.1690064Z [command]/usr/bin/git submodule foreach --recursive sh -c "git config --local --name-only --get-regexp 'core\.sshCommand' && git config --local --unset-all 'core.sshCommand' || :"
2025-10-02T06:11:08.3362505Z [command]/usr/bin/git config --local --name-only --get-regexp http\.https\:\/\/github\.com\/\.extraheader
2025-10-02T06:11:08.3392871Z [command]/usr/bin/git submodule foreach --recursive sh -c "git config --local --name-only --get-regexp 'http\.https\:\/\/github\.com\/\.extraheader' && git config --local --unset-all 'http.https://github.com/.extraheader' || :"
2025-10-02T06:11:08.3576250Z [command]/usr/bin/git config --local http.https://github.com/.extraheader AUTHORIZATION: basic ***
2025-10-02T06:11:08.3606413Z ##[endgroup]
2025-10-02T06:11:08.3623272Z ##[group]Fetching the repository
2025-10-02T06:11:08.3624546Z [command]/usr/bin/git -c protocol.version=2 fetch --no-tags --prune --no-recurse-submodules --depth=1 origin +fbfa1b5e270fccc32c2ee472c1f9d3b85886eaa4:refs/remotes/origin/master
2025-10-02T06:11:08.8848936Z From https://github.com/shunrin824/gnt2influx
2025-10-02T06:11:08.8851591Z  * [new ref]         fbfa1b5e270fccc32c2ee472c1f9d3b85886eaa4 -> origin/master
2025-10-02T06:11:08.8921814Z ##[endgroup]
2025-10-02T06:11:08.8923614Z ##[group]Determining the checkout info
2025-10-02T06:11:08.8925096Z ##[endgroup]
2025-10-02T06:11:08.8927393Z [command]/usr/bin/git sparse-checkout disable
2025-10-02T06:11:08.9009810Z [command]/usr/bin/git config --local --unset-all extensions.worktreeConfig
2025-10-02T06:11:08.9039575Z ##[group]Checking out the ref
2025-10-02T06:11:08.9043276Z [command]/usr/bin/git checkout --progress --force -B master refs/remotes/origin/master
2025-10-02T06:11:08.9133516Z Reset branch 'master'
2025-10-02T06:11:08.9135534Z branch 'master' set up to track 'origin/master'.
2025-10-02T06:11:08.9141410Z ##[endgroup]
2025-10-02T06:11:08.9175333Z [command]/usr/bin/git log -1 --format=%H
2025-10-02T06:11:08.9194817Z fbfa1b5e270fccc32c2ee472c1f9d3b85886eaa4
2025-10-02T06:11:08.9639152Z ##[group]Run dtolnay/rust-toolchain@stable
2025-10-02T06:11:08.9640246Z with:
2025-10-02T06:11:08.9641124Z   toolchain: stable
2025-10-02T06:11:08.9641923Z env:
2025-10-02T06:11:08.9642688Z   CARGO_TERM_COLOR: always
2025-10-02T06:11:08.9643574Z ##[endgroup]
2025-10-02T06:11:08.9781223Z ##[group]Run : parse toolchain version
2025-10-02T06:11:08.9782483Z [36;1m: parse toolchain version[0m
2025-10-02T06:11:08.9783515Z [36;1mif [[ -z $toolchain ]]; then[0m
2025-10-02T06:11:08.9785181Z [36;1m  # GitHub does not enforce `required: true` inputs itself. https://github.com/actions/runner/issues/1070[0m
2025-10-02T06:11:08.9786946Z [36;1m  echo "'toolchain' is a required input" >&2[0m
2025-10-02T06:11:08.9788242Z [36;1m  exit 1[0m
2025-10-02T06:11:08.9789360Z [36;1melif [[ $toolchain =~ ^stable' '[0-9]+' '(year|month|week|day)s?' 'ago$ ]]; then[0m
2025-10-02T06:11:08.9790727Z [36;1m  if [[ Linux == macOS ]]; then[0m
2025-10-02T06:11:08.9792485Z [36;1m    echo "toolchain=1.$((($(date -v-$(sed 's/stable \([0-9]*\) \(.\).*/\1\2/' <<< $toolchain) +%s)/60/60/24-16569)/7/6))" >> $GITHUB_OUTPUT[0m
2025-10-02T06:11:08.9794080Z [36;1m  else[0m
2025-10-02T06:11:08.9795405Z [36;1m    echo "toolchain=1.$((($(date --date "${toolchain#stable }" +%s)/60/60/24-16569)/7/6))" >> $GITHUB_OUTPUT[0m
2025-10-02T06:11:08.9796906Z [36;1m  fi[0m
2025-10-02T06:11:08.9797941Z [36;1melif [[ $toolchain =~ ^stable' 'minus' '[0-9]+' 'releases?$ ]]; then[0m
2025-10-02T06:11:08.9799664Z [36;1m  echo "toolchain=1.$((($(date +%s)/60/60/24-16569)/7/6-${toolchain//[^0-9]/}))" >> $GITHUB_OUTPUT[0m
2025-10-02T06:11:08.9801248Z [36;1melif [[ $toolchain =~ ^1\.[0-9]+$ ]]; then[0m
2025-10-02T06:11:08.9802940Z [36;1m  echo "toolchain=1.$((i=${toolchain#1.}, c=($(date +%s)/60/60/24-16569)/7/6, i+9*i*(10*i<=c)+90*i*(100*i<=c)))" >> $GITHUB_OUTPUT[0m
2025-10-02T06:11:08.9804540Z [36;1melse[0m
2025-10-02T06:11:08.9805415Z [36;1m  echo "toolchain=$toolchain" >> $GITHUB_OUTPUT[0m
2025-10-02T06:11:08.9806467Z [36;1mfi[0m
2025-10-02T06:11:08.9834918Z shell: /usr/bin/bash --noprofile --norc -e -o pipefail {0}
2025-10-02T06:11:08.9836101Z env:
2025-10-02T06:11:08.9836820Z   CARGO_TERM_COLOR: always
2025-10-02T06:11:08.9837664Z   toolchain: stable
2025-10-02T06:11:08.9838409Z ##[endgroup]
2025-10-02T06:11:08.9996852Z ##[group]Run : construct rustup command line
2025-10-02T06:11:08.9997972Z [36;1m: construct rustup command line[0m
2025-10-02T06:11:08.9999461Z [36;1mecho "targets=$(for t in ${targets//,/ }; do echo -n ' --target' $t; done)" >> $GITHUB_OUTPUT[0m
2025-10-02T06:11:09.0001747Z [36;1mecho "components=$(for c in ${components//,/ }; do echo -n ' --component' $c; done)" >> $GITHUB_OUTPUT[0m
2025-10-02T06:11:09.0003398Z [36;1mecho "downgrade=" >> $GITHUB_OUTPUT[0m
2025-10-02T06:11:09.0026966Z shell: /usr/bin/bash --noprofile --norc -e -o pipefail {0}
2025-10-02T06:11:09.0028141Z env:
2025-10-02T06:11:09.0028846Z   CARGO_TERM_COLOR: always
2025-10-02T06:11:09.0029665Z   targets: 
2025-10-02T06:11:09.0030387Z   components: 
2025-10-02T06:11:09.0031292Z ##[endgroup]
2025-10-02T06:11:09.0132124Z ##[group]Run : set $CARGO_HOME
2025-10-02T06:11:09.0133067Z [36;1m: set $CARGO_HOME[0m
2025-10-02T06:11:09.0134215Z [36;1mecho CARGO_HOME=${CARGO_HOME:-"$HOME/.cargo"} >> $GITHUB_ENV[0m
2025-10-02T06:11:09.0156163Z shell: /usr/bin/bash --noprofile --norc -e -o pipefail {0}
2025-10-02T06:11:09.0157306Z env:
2025-10-02T06:11:09.0158012Z   CARGO_TERM_COLOR: always
2025-10-02T06:11:09.0158837Z ##[endgroup]
2025-10-02T06:11:09.0283642Z ##[group]Run : install rustup if needed
2025-10-02T06:11:09.0285356Z [36;1m: install rustup if needed[0m
2025-10-02T06:11:09.0287081Z [36;1mif ! command -v rustup &>/dev/null; then[0m
2025-10-02T06:11:09.0291175Z [36;1m  curl --proto '=https' --tlsv1.2 --retry 10 --retry-connrefused --location --silent --show-error --fail https://sh.rustup.rs | sh -s -- --default-toolchain none -y[0m
2025-10-02T06:11:09.0295152Z [36;1m  echo "$CARGO_HOME/bin" >> $GITHUB_PATH[0m
2025-10-02T06:11:09.0297181Z [36;1mfi[0m
2025-10-02T06:11:09.0332306Z shell: /usr/bin/bash --noprofile --norc -e -o pipefail {0}
2025-10-02T06:11:09.0333881Z env:
2025-10-02T06:11:09.0334841Z   CARGO_TERM_COLOR: always
2025-10-02T06:11:09.0335983Z   CARGO_HOME: /home/runner/.cargo
2025-10-02T06:11:09.0337277Z ##[endgroup]
2025-10-02T06:11:09.0446121Z ##[group]Run rustup toolchain install stable --profile minimal --no-self-update
2025-10-02T06:11:09.0447902Z [36;1mrustup toolchain install stable --profile minimal --no-self-update[0m
2025-10-02T06:11:09.0472497Z shell: /usr/bin/bash --noprofile --norc -e -o pipefail {0}
2025-10-02T06:11:09.0473627Z env:
2025-10-02T06:11:09.0474330Z   CARGO_TERM_COLOR: always
2025-10-02T06:11:09.0475355Z   CARGO_HOME: /home/runner/.cargo
2025-10-02T06:11:09.0476245Z ##[endgroup]
2025-10-02T06:11:09.5857047Z info: syncing channel updates for 'stable-x86_64-unknown-linux-gnu'
2025-10-02T06:11:09.9433075Z info: latest update on 2025-09-18, rust version 1.90.0 (1159e78c4 2025-09-14)
2025-10-02T06:11:09.9434535Z info: downloading component 'cargo'
2025-10-02T06:11:10.1998572Z info: downloading component 'rust-std'
2025-10-02T06:11:10.6382072Z info: downloading component 'rustc'
2025-10-02T06:11:11.6808130Z info: installing component 'cargo'
2025-10-02T06:11:12.4522719Z info: installing component 'rust-std'
2025-10-02T06:11:14.5287716Z info: installing component 'rustc'
2025-10-02T06:11:19.9845500Z 
2025-10-02T06:11:19.9947587Z   stable-x86_64-unknown-linux-gnu installed - rustc 1.90.0 (1159e78c4 2025-09-14)
2025-10-02T06:11:19.9948154Z 
2025-10-02T06:11:19.9993677Z ##[group]Run rustup default stable
2025-10-02T06:11:19.9993974Z [36;1mrustup default stable[0m
2025-10-02T06:11:20.0013724Z shell: /usr/bin/bash --noprofile --norc -e -o pipefail {0}
2025-10-02T06:11:20.0014063Z env:
2025-10-02T06:11:20.0014273Z   CARGO_TERM_COLOR: always
2025-10-02T06:11:20.0014502Z   CARGO_HOME: /home/runner/.cargo
2025-10-02T06:11:20.0014789Z ##[endgroup]
2025-10-02T06:11:20.0104317Z info: using existing install for 'stable-x86_64-unknown-linux-gnu'
2025-10-02T06:11:20.0415910Z info: default toolchain set to 'stable-x86_64-unknown-linux-gnu'
2025-10-02T06:11:20.0416374Z 
2025-10-02T06:11:20.0514740Z   stable-x86_64-unknown-linux-gnu unchanged - rustc 1.90.0 (1159e78c4 2025-09-14)
2025-10-02T06:11:20.0515489Z 
2025-10-02T06:11:20.0551243Z ##[group]Run : create cachekey
2025-10-02T06:11:20.0551599Z [36;1m: create cachekey[0m
2025-10-02T06:11:20.0552027Z [36;1mDATE=$(rustc +stable --version --verbose | sed -ne 's/^commit-date: \(20[0-9][0-9]\)-\([01][0-9]\)-\([0-3][0-9]\)$/\1\2\3/p')[0m
2025-10-02T06:11:20.0552578Z [36;1mHASH=$(rustc +stable --version --verbose | sed -ne 's/^commit-hash: //p')[0m
2025-10-02T06:11:20.0553010Z [36;1mecho "cachekey=$(echo $DATE$HASH | head -c12)" >> $GITHUB_OUTPUT[0m
2025-10-02T06:11:20.0572649Z shell: /usr/bin/bash --noprofile --norc -e -o pipefail {0}
2025-10-02T06:11:20.0572948Z env:
2025-10-02T06:11:20.0573165Z   CARGO_TERM_COLOR: always
2025-10-02T06:11:20.0573412Z   CARGO_HOME: /home/runner/.cargo
2025-10-02T06:11:20.0573640Z ##[endgroup]
2025-10-02T06:11:20.0975609Z ##[group]Run : disable incremental compilation
2025-10-02T06:11:20.0975947Z [36;1m: disable incremental compilation[0m
2025-10-02T06:11:20.0976288Z [36;1mif [ -z "${CARGO_INCREMENTAL+set}" ]; then[0m
2025-10-02T06:11:20.0976570Z [36;1m  echo CARGO_INCREMENTAL=0 >> $GITHUB_ENV[0m
2025-10-02T06:11:20.0976820Z [36;1mfi[0m
2025-10-02T06:11:20.0996299Z shell: /usr/bin/bash --noprofile --norc -e -o pipefail {0}
2025-10-02T06:11:20.0996612Z env:
2025-10-02T06:11:20.0996805Z   CARGO_TERM_COLOR: always
2025-10-02T06:11:20.0997026Z   CARGO_HOME: /home/runner/.cargo
2025-10-02T06:11:20.0997251Z ##[endgroup]
2025-10-02T06:11:20.1058503Z ##[group]Run : enable colors in Cargo output
2025-10-02T06:11:20.1058854Z [36;1m: enable colors in Cargo output[0m
2025-10-02T06:11:20.1059138Z [36;1mif [ -z "${CARGO_TERM_COLOR+set}" ]; then[0m
2025-10-02T06:11:20.1059440Z [36;1m  echo CARGO_TERM_COLOR=always >> $GITHUB_ENV[0m
2025-10-02T06:11:20.1059851Z [36;1mfi[0m
2025-10-02T06:11:20.1079065Z shell: /usr/bin/bash --noprofile --norc -e -o pipefail {0}
2025-10-02T06:11:20.1079370Z env:
2025-10-02T06:11:20.1079545Z   CARGO_TERM_COLOR: always
2025-10-02T06:11:20.1079765Z   CARGO_HOME: /home/runner/.cargo
2025-10-02T06:11:20.1079987Z   CARGO_INCREMENTAL: 0
2025-10-02T06:11:20.1080180Z ##[endgroup]
2025-10-02T06:11:20.1143400Z ##[group]Run : enable Cargo sparse registry
2025-10-02T06:11:20.1143720Z [36;1m: enable Cargo sparse registry[0m
2025-10-02T06:11:20.1144038Z [36;1m# implemented in 1.66, stabilized in 1.68, made default in 1.70[0m
2025-10-02T06:11:20.1144643Z [36;1mif [ -z "${CARGO_REGISTRIES_CRATES_IO_PROTOCOL+set}" -o -f "/home/runner/work/_temp"/.implicit_cargo_registries_crates_io_protocol ]; then[0m
2025-10-02T06:11:20.1145370Z [36;1m  if rustc +stable --version --verbose | grep -q '^release: 1\.6[89]\.'; then[0m
2025-10-02T06:11:20.1145869Z [36;1m    touch "/home/runner/work/_temp"/.implicit_cargo_registries_crates_io_protocol || true[0m
2025-10-02T06:11:20.1146334Z [36;1m    echo CARGO_REGISTRIES_CRATES_IO_PROTOCOL=sparse >> $GITHUB_ENV[0m
2025-10-02T06:11:20.1146757Z [36;1m  elif rustc +stable --version --verbose | grep -q '^release: 1\.6[67]\.'; then[0m
2025-10-02T06:11:20.1147251Z [36;1m    touch "/home/runner/work/_temp"/.implicit_cargo_registries_crates_io_protocol || true[0m
2025-10-02T06:11:20.1147694Z [36;1m    echo CARGO_REGISTRIES_CRATES_IO_PROTOCOL=git >> $GITHUB_ENV[0m
2025-10-02T06:11:20.1147981Z [36;1m  fi[0m
2025-10-02T06:11:20.1148158Z [36;1mfi[0m
2025-10-02T06:11:20.1166803Z shell: /usr/bin/bash --noprofile --norc -e -o pipefail {0}
2025-10-02T06:11:20.1167141Z env:
2025-10-02T06:11:20.1167326Z   CARGO_TERM_COLOR: always
2025-10-02T06:11:20.1167582Z   CARGO_HOME: /home/runner/.cargo
2025-10-02T06:11:20.1167809Z   CARGO_INCREMENTAL: 0
2025-10-02T06:11:20.1168012Z ##[endgroup]
2025-10-02T06:11:20.1529444Z ##[group]Run : work around spurious network errors in curl 8.0
2025-10-02T06:11:20.1529872Z [36;1m: work around spurious network errors in curl 8.0[0m
2025-10-02T06:11:20.1530362Z [36;1m# https://rust-lang.zulipchat.com/#narrow/stream/246057-t-cargo/topic/timeout.20investigation[0m
2025-10-02T06:11:20.1531120Z [36;1mif rustc +stable --version --verbose | grep -q '^release: 1\.7[01]\.'; then[0m
2025-10-02T06:11:20.1531545Z [36;1m  echo CARGO_HTTP_MULTIPLEXING=false >> $GITHUB_ENV[0m
2025-10-02T06:11:20.1531848Z [36;1mfi[0m
2025-10-02T06:11:20.1551394Z shell: /usr/bin/bash --noprofile --norc -e -o pipefail {0}
2025-10-02T06:11:20.1551705Z env:
2025-10-02T06:11:20.1551899Z   CARGO_TERM_COLOR: always
2025-10-02T06:11:20.1552126Z   CARGO_HOME: /home/runner/.cargo
2025-10-02T06:11:20.1552358Z   CARGO_INCREMENTAL: 0
2025-10-02T06:11:20.1552577Z ##[endgroup]
2025-10-02T06:11:20.1761578Z ##[group]Run rustc +stable --version --verbose
2025-10-02T06:11:20.1761928Z [36;1mrustc +stable --version --verbose[0m
2025-10-02T06:11:20.1781819Z shell: /usr/bin/bash --noprofile --norc -e -o pipefail {0}
2025-10-02T06:11:20.1782149Z env:
2025-10-02T06:11:20.1782342Z   CARGO_TERM_COLOR: always
2025-10-02T06:11:20.1782568Z   CARGO_HOME: /home/runner/.cargo
2025-10-02T06:11:20.1782801Z   CARGO_INCREMENTAL: 0
2025-10-02T06:11:20.1782993Z ##[endgroup]
2025-10-02T06:11:20.1957375Z rustc 1.90.0 (1159e78c4 2025-09-14)
2025-10-02T06:11:20.1958236Z binary: rustc
2025-10-02T06:11:20.1958775Z commit-hash: 1159e78c4747b02ef996e55082b704c09b970588
2025-10-02T06:11:20.1959328Z commit-date: 2025-09-14
2025-10-02T06:11:20.1959711Z host: x86_64-unknown-linux-gnu
2025-10-02T06:11:20.1960115Z release: 1.90.0
2025-10-02T06:11:20.1960524Z LLVM version: 20.1.8
2025-10-02T06:11:20.2764994Z ##[group]Run actions/cache@v3
2025-10-02T06:11:20.2765258Z with:
2025-10-02T06:11:20.2765467Z   path: ~/.cargo/registry
2025-10-02T06:11:20.2765889Z   key: Linux-cargo-registry-ec3c6112cc8a5edfc9f2c1a3466b4b38ea0701746b086b761ada5a5a15ddadc8
2025-10-02T06:11:20.2766325Z   enableCrossOsArchive: false
2025-10-02T06:11:20.2766553Z   fail-on-cache-miss: false
2025-10-02T06:11:20.2766755Z   lookup-only: false
2025-10-02T06:11:20.2766935Z env:
2025-10-02T06:11:20.2767105Z   CARGO_TERM_COLOR: always
2025-10-02T06:11:20.2767310Z   CARGO_HOME: /home/runner/.cargo
2025-10-02T06:11:20.2767534Z   CARGO_INCREMENTAL: 0
2025-10-02T06:11:20.2767714Z ##[endgroup]
2025-10-02T06:11:20.3784595Z ##[error]The operation was canceled.
2025-10-02T06:11:20.3887702Z Post job cleanup.
2025-10-02T06:11:20.4825807Z [command]/usr/bin/git version
2025-10-02T06:11:20.4860355Z git version 2.51.0
2025-10-02T06:11:20.4902724Z Temporarily overriding HOME='/home/runner/work/_temp/4e6191fe-6323-439e-83fa-dc7e322d508c' before making global git config changes
2025-10-02T06:11:20.4904016Z Adding repository directory to the temporary git global config as a safe directory
2025-10-02T06:11:20.4909698Z [command]/usr/bin/git config --global --add safe.directory /home/runner/work/gnt2influx/gnt2influx
2025-10-02T06:11:20.4947205Z [command]/usr/bin/git config --local --name-only --get-regexp core\.sshCommand
2025-10-02T06:11:20.4979258Z [command]/usr/bin/git submodule foreach --recursive sh -c "git config --local --name-only --get-regexp 'core\.sshCommand' && git config --local --unset-all 'core.sshCommand' || :"
2025-10-02T06:11:20.5217039Z [command]/usr/bin/git config --local --name-only --get-regexp http\.https\:\/\/github\.com\/\.extraheader
2025-10-02T06:11:20.5239301Z http.https://github.com/.extraheader
2025-10-02T06:11:20.5251926Z [command]/usr/bin/git config --local --unset-all http.https://github.com/.extraheader
2025-10-02T06:11:20.5283018Z [command]/usr/bin/git submodule foreach --recursive sh -c "git config --local --name-only --get-regexp 'http\.https\:\/\/github\.com\/\.extraheader' && git config --local --unset-all 'http.https://github.com/.extraheader' || :"
2025-10-02T06:11:20.5566181Z Cleaning up orphan processes
