2025-10-02T06:23:39.7890805Z Current runner version: '2.328.0'
2025-10-02T06:23:39.7914120Z ##[group]Runner Image Provisioner
2025-10-02T06:23:39.7914896Z Hosted Compute Agent
2025-10-02T06:23:39.7915400Z Version: 20250912.392
2025-10-02T06:23:39.7916089Z Commit: d921fda672a98b64f4f82364647e2f10b2267d0b
2025-10-02T06:23:39.7917035Z Build Date: 2025-09-12T15:23:14Z
2025-10-02T06:23:39.7917587Z ##[endgroup]
2025-10-02T06:23:39.7918208Z ##[group]Operating System
2025-10-02T06:23:39.7918737Z Ubuntu
2025-10-02T06:23:39.7919223Z 24.04.3
2025-10-02T06:23:39.7919688Z LTS
2025-10-02T06:23:39.7920157Z ##[endgroup]
2025-10-02T06:23:39.7920610Z ##[group]Runner Image
2025-10-02T06:23:39.7921219Z Image: ubuntu-24.04
2025-10-02T06:23:39.7921802Z Version: 20250922.53.1
2025-10-02T06:23:39.7922767Z Included Software: https://github.com/actions/runner-images/blob/ubuntu24/20250922.53/images/ubuntu/Ubuntu2404-Readme.md
2025-10-02T06:23:39.7924342Z Image Release: https://github.com/actions/runner-images/releases/tag/ubuntu24%2F20250922.53
2025-10-02T06:23:39.7925386Z ##[endgroup]
2025-10-02T06:23:39.7926854Z ##[group]GITHUB_TOKEN Permissions
2025-10-02T06:23:39.7928984Z Contents: read
2025-10-02T06:23:39.7929606Z Metadata: read
2025-10-02T06:23:39.7930149Z Packages: read
2025-10-02T06:23:39.7930619Z ##[endgroup]
2025-10-02T06:23:39.7933292Z Secret source: Actions
2025-10-02T06:23:39.7933973Z Prepare workflow directory
2025-10-02T06:23:39.8318773Z Prepare all required actions
2025-10-02T06:23:39.8356892Z Getting action download info
2025-10-02T06:23:40.2204374Z Download action repository 'actions/checkout@v4' (SHA:08eba0b27e820071cde6df949e0beb9ba4906955)
2025-10-02T06:23:40.6663347Z Download action repository 'dtolnay/rust-toolchain@stable' (SHA:5d458579430fc14a04a08a1e7d3694f545e91ce6)
2025-10-02T06:23:40.8969492Z Download action repository 'actions/cache@v3' (SHA:6f8efc29b200d32929f49075959781ed54ec270c)
2025-10-02T06:23:41.4641920Z Complete job name: Test (ubuntu-latest, stable)
2025-10-02T06:23:41.5430721Z ##[group]Run actions/checkout@v4
2025-10-02T06:23:41.5432001Z with:
2025-10-02T06:23:41.5432743Z   repository: shunrin824/gnt2influx
2025-10-02T06:23:41.5433950Z   token: ***
2025-10-02T06:23:41.5434671Z   ssh-strict: true
2025-10-02T06:23:41.5435420Z   ssh-user: git
2025-10-02T06:23:41.5436185Z   persist-credentials: true
2025-10-02T06:23:41.5437209Z   clean: true
2025-10-02T06:23:41.5437992Z   sparse-checkout-cone-mode: true
2025-10-02T06:23:41.5438927Z   fetch-depth: 1
2025-10-02T06:23:41.5439684Z   fetch-tags: false
2025-10-02T06:23:41.5440461Z   show-progress: true
2025-10-02T06:23:41.5441250Z   lfs: false
2025-10-02T06:23:41.5441968Z   submodules: false
2025-10-02T06:23:41.5442756Z   set-safe-directory: true
2025-10-02T06:23:41.5443858Z env:
2025-10-02T06:23:41.5444561Z   CARGO_TERM_COLOR: always
2025-10-02T06:23:41.5445393Z ##[endgroup]
2025-10-02T06:23:41.6503145Z Syncing repository: shunrin824/gnt2influx
2025-10-02T06:23:41.6505642Z ##[group]Getting Git version info
2025-10-02T06:23:41.6507329Z Working directory is '/home/runner/work/gnt2influx/gnt2influx'
2025-10-02T06:23:41.6509162Z [command]/usr/bin/git version
2025-10-02T06:23:41.6574085Z git version 2.51.0
2025-10-02T06:23:41.6599592Z ##[endgroup]
2025-10-02T06:23:41.6619589Z Temporarily overriding HOME='/home/runner/work/_temp/78d935a4-3b08-4e0d-b76e-8d1af375e616' before making global git config changes
2025-10-02T06:23:41.6622917Z Adding repository directory to the temporary git global config as a safe directory
2025-10-02T06:23:41.6626086Z [command]/usr/bin/git config --global --add safe.directory /home/runner/work/gnt2influx/gnt2influx
2025-10-02T06:23:41.6659148Z Deleting the contents of '/home/runner/work/gnt2influx/gnt2influx'
2025-10-02T06:23:41.6662564Z ##[group]Initializing the repository
2025-10-02T06:23:41.6666157Z [command]/usr/bin/git init /home/runner/work/gnt2influx/gnt2influx
2025-10-02T06:23:41.6801790Z hint: Using 'master' as the name for the initial branch. This default branch name
2025-10-02T06:23:41.6804512Z hint: is subject to change. To configure the initial branch name to use in all
2025-10-02T06:23:41.6807106Z hint: of your new repositories, which will suppress this warning, call:
2025-10-02T06:23:41.6809406Z hint:
2025-10-02T06:23:41.6810496Z hint: 	git config --global init.defaultBranch <name>
2025-10-02T06:23:41.6811774Z hint:
2025-10-02T06:23:41.6813007Z hint: Names commonly chosen instead of 'master' are 'main', 'trunk' and
2025-10-02T06:23:41.6814772Z hint: 'development'. The just-created branch can be renamed via this command:
2025-10-02T06:23:41.6816163Z hint:
2025-10-02T06:23:41.6817442Z hint: 	git branch -m <name>
2025-10-02T06:23:41.6818363Z hint:
2025-10-02T06:23:41.6819523Z hint: Disable this message with "git config set advice.defaultBranchName false"
2025-10-02T06:23:41.6821408Z Initialized empty Git repository in /home/runner/work/gnt2influx/gnt2influx/.git/
2025-10-02T06:23:41.6824312Z [command]/usr/bin/git remote add origin https://github.com/shunrin824/gnt2influx
2025-10-02T06:23:41.6860620Z ##[endgroup]
2025-10-02T06:23:41.6861953Z ##[group]Disabling automatic garbage collection
2025-10-02T06:23:41.6863729Z [command]/usr/bin/git config --local gc.auto 0
2025-10-02T06:23:41.6891678Z ##[endgroup]
2025-10-02T06:23:41.6892906Z ##[group]Setting up auth
2025-10-02T06:23:41.6898998Z [command]/usr/bin/git config --local --name-only --get-regexp core\.sshCommand
2025-10-02T06:23:41.6931652Z [command]/usr/bin/git submodule foreach --recursive sh -c "git config --local --name-only --get-regexp 'core\.sshCommand' && git config --local --unset-all 'core.sshCommand' || :"
2025-10-02T06:23:41.7279279Z [command]/usr/bin/git config --local --name-only --get-regexp http\.https\:\/\/github\.com\/\.extraheader
2025-10-02T06:23:41.7307838Z [command]/usr/bin/git submodule foreach --recursive sh -c "git config --local --name-only --get-regexp 'http\.https\:\/\/github\.com\/\.extraheader' && git config --local --unset-all 'http.https://github.com/.extraheader' || :"
2025-10-02T06:23:41.7521909Z [command]/usr/bin/git config --local http.https://github.com/.extraheader AUTHORIZATION: basic ***
2025-10-02T06:23:41.7555186Z ##[endgroup]
2025-10-02T06:23:41.7557614Z ##[group]Fetching the repository
2025-10-02T06:23:41.7566535Z [command]/usr/bin/git -c protocol.version=2 fetch --no-tags --prune --no-recurse-submodules --depth=1 origin +3e66a8e9dcf2922cac496904b3d5a092fea76653:refs/remotes/origin/master
2025-10-02T06:23:42.0023838Z From https://github.com/shunrin824/gnt2influx
2025-10-02T06:23:42.0026232Z  * [new ref]         3e66a8e9dcf2922cac496904b3d5a092fea76653 -> origin/master
2025-10-02T06:23:42.0059858Z ##[endgroup]
2025-10-02T06:23:42.0061502Z ##[group]Determining the checkout info
2025-10-02T06:23:42.0063097Z ##[endgroup]
2025-10-02T06:23:42.0066676Z [command]/usr/bin/git sparse-checkout disable
2025-10-02T06:23:42.0115943Z [command]/usr/bin/git config --local --unset-all extensions.worktreeConfig
2025-10-02T06:23:42.0145045Z ##[group]Checking out the ref
2025-10-02T06:23:42.0147388Z [command]/usr/bin/git checkout --progress --force -B master refs/remotes/origin/master
2025-10-02T06:23:42.0219379Z Reset branch 'master'
2025-10-02T06:23:42.0222283Z branch 'master' set up to track 'origin/master'.
2025-10-02T06:23:42.0229342Z ##[endgroup]
2025-10-02T06:23:42.0262183Z [command]/usr/bin/git log -1 --format=%H
2025-10-02T06:23:42.0283553Z 3e66a8e9dcf2922cac496904b3d5a092fea76653
2025-10-02T06:23:42.0703740Z ##[group]Run dtolnay/rust-toolchain@stable
2025-10-02T06:23:42.0704737Z with:
2025-10-02T06:23:42.0705413Z   toolchain: stable
2025-10-02T06:23:42.0706158Z   components: rustfmt, clippy
2025-10-02T06:23:42.0707126Z env:
2025-10-02T06:23:42.0707784Z   CARGO_TERM_COLOR: always
2025-10-02T06:23:42.0708570Z ##[endgroup]
2025-10-02T06:23:42.0839750Z ##[group]Run : parse toolchain version
2025-10-02T06:23:42.0840831Z [36;1m: parse toolchain version[0m
2025-10-02T06:23:42.0841778Z [36;1mif [[ -z $toolchain ]]; then[0m
2025-10-02T06:23:42.0843412Z [36;1m  # GitHub does not enforce `required: true` inputs itself. https://github.com/actions/runner/issues/1070[0m
2025-10-02T06:23:42.0845163Z [36;1m  echo "'toolchain' is a required input" >&2[0m
2025-10-02T06:23:42.0846562Z [36;1m  exit 1[0m
2025-10-02T06:23:42.0847652Z [36;1melif [[ $toolchain =~ ^stable' '[0-9]+' '(year|month|week|day)s?' 'ago$ ]]; then[0m
2025-10-02T06:23:42.0848967Z [36;1m  if [[ Linux == macOS ]]; then[0m
2025-10-02T06:23:42.0850604Z [36;1m    echo "toolchain=1.$((($(date -v-$(sed 's/stable \([0-9]*\) \(.\).*/\1\2/' <<< $toolchain) +%s)/60/60/24-16569)/7/6))" >> $GITHUB_OUTPUT[0m
2025-10-02T06:23:42.0852178Z [36;1m  else[0m
2025-10-02T06:23:42.0853471Z [36;1m    echo "toolchain=1.$((($(date --date "${toolchain#stable }" +%s)/60/60/24-16569)/7/6))" >> $GITHUB_OUTPUT[0m
2025-10-02T06:23:42.0854936Z [36;1m  fi[0m
2025-10-02T06:23:42.0855932Z [36;1melif [[ $toolchain =~ ^stable' 'minus' '[0-9]+' 'releases?$ ]]; then[0m
2025-10-02T06:23:42.0857728Z [36;1m  echo "toolchain=1.$((($(date +%s)/60/60/24-16569)/7/6-${toolchain//[^0-9]/}))" >> $GITHUB_OUTPUT[0m
2025-10-02T06:23:42.0859208Z [36;1melif [[ $toolchain =~ ^1\.[0-9]+$ ]]; then[0m
2025-10-02T06:23:42.0860859Z [36;1m  echo "toolchain=1.$((i=${toolchain#1.}, c=($(date +%s)/60/60/24-16569)/7/6, i+9*i*(10*i<=c)+90*i*(100*i<=c)))" >> $GITHUB_OUTPUT[0m
2025-10-02T06:23:42.0862404Z [36;1melse[0m
2025-10-02T06:23:42.0863247Z [36;1m  echo "toolchain=$toolchain" >> $GITHUB_OUTPUT[0m
2025-10-02T06:23:42.0864265Z [36;1mfi[0m
2025-10-02T06:23:42.0902844Z shell: /usr/bin/bash --noprofile --norc -e -o pipefail {0}
2025-10-02T06:23:42.0903979Z env:
2025-10-02T06:23:42.0904642Z   CARGO_TERM_COLOR: always
2025-10-02T06:23:42.0905456Z   toolchain: stable
2025-10-02T06:23:42.0906166Z ##[endgroup]
2025-10-02T06:23:42.1147551Z ##[group]Run : construct rustup command line
2025-10-02T06:23:42.1148645Z [36;1m: construct rustup command line[0m
2025-10-02T06:23:42.1150078Z [36;1mecho "targets=$(for t in ${targets//,/ }; do echo -n ' --target' $t; done)" >> $GITHUB_OUTPUT[0m
2025-10-02T06:23:42.1152079Z [36;1mecho "components=$(for c in ${components//,/ }; do echo -n ' --component' $c; done)" >> $GITHUB_OUTPUT[0m
2025-10-02T06:23:42.1153681Z [36;1mecho "downgrade=" >> $GITHUB_OUTPUT[0m
2025-10-02T06:23:42.1188423Z shell: /usr/bin/bash --noprofile --norc -e -o pipefail {0}
2025-10-02T06:23:42.1189524Z env:
2025-10-02T06:23:42.1190201Z   CARGO_TERM_COLOR: always
2025-10-02T06:23:42.1191004Z   targets: 
2025-10-02T06:23:42.1191725Z   components: rustfmt, clippy
2025-10-02T06:23:42.1192553Z ##[endgroup]
2025-10-02T06:23:42.1297954Z ##[group]Run : set $CARGO_HOME
2025-10-02T06:23:42.1298846Z [36;1m: set $CARGO_HOME[0m
2025-10-02T06:23:42.1299948Z [36;1mecho CARGO_HOME=${CARGO_HOME:-"$HOME/.cargo"} >> $GITHUB_ENV[0m
2025-10-02T06:23:42.1332772Z shell: /usr/bin/bash --noprofile --norc -e -o pipefail {0}
2025-10-02T06:23:42.1333868Z env:
2025-10-02T06:23:42.1334538Z   CARGO_TERM_COLOR: always
2025-10-02T06:23:42.1335330Z ##[endgroup]
2025-10-02T06:23:42.1440751Z ##[group]Run : install rustup if needed
2025-10-02T06:23:42.1441741Z [36;1m: install rustup if needed[0m
2025-10-02T06:23:42.1442747Z [36;1mif ! command -v rustup &>/dev/null; then[0m
2025-10-02T06:23:42.1445015Z [36;1m  curl --proto '=https' --tlsv1.2 --retry 10 --retry-connrefused --location --silent --show-error --fail https://sh.rustup.rs | sh -s -- --default-toolchain none -y[0m
2025-10-02T06:23:42.1447680Z [36;1m  echo "$CARGO_HOME/bin" >> $GITHUB_PATH[0m
2025-10-02T06:23:42.1448664Z [36;1mfi[0m
2025-10-02T06:23:42.1480880Z shell: /usr/bin/bash --noprofile --norc -e -o pipefail {0}
2025-10-02T06:23:42.1481982Z env:
2025-10-02T06:23:42.1482658Z   CARGO_TERM_COLOR: always
2025-10-02T06:23:42.1483504Z   CARGO_HOME: /home/runner/.cargo
2025-10-02T06:23:42.1484365Z ##[endgroup]
2025-10-02T06:23:42.1591293Z ##[group]Run rustup toolchain install stable --component rustfmt --component clippy --profile minimal --no-self-update
2025-10-02T06:23:42.1593822Z [36;1mrustup toolchain install stable --component rustfmt --component clippy --profile minimal --no-self-update[0m
2025-10-02T06:23:42.1627248Z shell: /usr/bin/bash --noprofile --norc -e -o pipefail {0}
2025-10-02T06:23:42.1628503Z env:
2025-10-02T06:23:42.1629172Z   CARGO_TERM_COLOR: always
2025-10-02T06:23:42.1630068Z   CARGO_HOME: /home/runner/.cargo
2025-10-02T06:23:42.1630941Z ##[endgroup]
2025-10-02T06:23:42.2081330Z info: syncing channel updates for 'stable-x86_64-unknown-linux-gnu'
2025-10-02T06:23:42.2767158Z info: latest update on 2025-09-18, rust version 1.90.0 (1159e78c4 2025-09-14)
2025-10-02T06:23:42.2769205Z info: downloading component 'cargo'
2025-10-02T06:23:42.3185924Z info: downloading component 'clippy'
2025-10-02T06:23:42.3459160Z info: downloading component 'rust-std'
2025-10-02T06:23:42.4444454Z info: downloading component 'rustc'
2025-10-02T06:23:42.7034492Z info: downloading component 'rustfmt'
2025-10-02T06:23:42.7234993Z info: installing component 'cargo'
2025-10-02T06:23:43.4147351Z info: installing component 'clippy'
2025-10-02T06:23:43.7888866Z info: installing component 'rust-std'
2025-10-02T06:23:45.6698406Z info: installing component 'rustc'
2025-10-02T06:23:50.3535737Z info: installing component 'rustfmt'
2025-10-02T06:23:50.6409938Z 
2025-10-02T06:23:50.6506823Z   stable-x86_64-unknown-linux-gnu installed - rustc 1.90.0 (1159e78c4 2025-09-14)
2025-10-02T06:23:50.6507594Z 
2025-10-02T06:23:50.6569239Z ##[group]Run rustup default stable
2025-10-02T06:23:50.6569564Z [36;1mrustup default stable[0m
2025-10-02T06:23:50.6602846Z shell: /usr/bin/bash --noprofile --norc -e -o pipefail {0}
2025-10-02T06:23:50.6603215Z env:
2025-10-02T06:23:50.6603431Z   CARGO_TERM_COLOR: always
2025-10-02T06:23:50.6603688Z   CARGO_HOME: /home/runner/.cargo
2025-10-02T06:23:50.6603949Z ##[endgroup]
2025-10-02T06:23:50.6706948Z info: using existing install for 'stable-x86_64-unknown-linux-gnu'
2025-10-02T06:23:50.7039573Z info: default toolchain set to 'stable-x86_64-unknown-linux-gnu'
2025-10-02T06:23:50.7040139Z 
2025-10-02T06:23:50.7129173Z   stable-x86_64-unknown-linux-gnu unchanged - rustc 1.90.0 (1159e78c4 2025-09-14)
2025-10-02T06:23:50.7129694Z 
2025-10-02T06:23:50.7175012Z ##[group]Run : create cachekey
2025-10-02T06:23:50.7175313Z [36;1m: create cachekey[0m
2025-10-02T06:23:50.7175795Z [36;1mDATE=$(rustc +stable --version --verbose | sed -ne 's/^commit-date: \(20[0-9][0-9]\)-\([01][0-9]\)-\([0-3][0-9]\)$/\1\2\3/p')[0m
2025-10-02T06:23:50.7177050Z [36;1mHASH=$(rustc +stable --version --verbose | sed -ne 's/^commit-hash: //p')[0m
2025-10-02T06:23:50.7177570Z [36;1mecho "cachekey=$(echo $DATE$HASH | head -c12)" >> $GITHUB_OUTPUT[0m
2025-10-02T06:23:50.7211919Z shell: /usr/bin/bash --noprofile --norc -e -o pipefail {0}
2025-10-02T06:23:50.7212262Z env:
2025-10-02T06:23:50.7212476Z   CARGO_TERM_COLOR: always
2025-10-02T06:23:50.7212750Z   CARGO_HOME: /home/runner/.cargo
2025-10-02T06:23:50.7213002Z ##[endgroup]
2025-10-02T06:23:50.7610860Z ##[group]Run : disable incremental compilation
2025-10-02T06:23:50.7611263Z [36;1m: disable incremental compilation[0m
2025-10-02T06:23:50.7611602Z [36;1mif [ -z "${CARGO_INCREMENTAL+set}" ]; then[0m
2025-10-02T06:23:50.7611964Z [36;1m  echo CARGO_INCREMENTAL=0 >> $GITHUB_ENV[0m
2025-10-02T06:23:50.7612250Z [36;1mfi[0m
2025-10-02T06:23:50.7644995Z shell: /usr/bin/bash --noprofile --norc -e -o pipefail {0}
2025-10-02T06:23:50.7645400Z env:
2025-10-02T06:23:50.7645607Z   CARGO_TERM_COLOR: always
2025-10-02T06:23:50.7646098Z   CARGO_HOME: /home/runner/.cargo
2025-10-02T06:23:50.7646548Z ##[endgroup]
2025-10-02T06:23:50.7717645Z ##[group]Run : enable colors in Cargo output
2025-10-02T06:23:50.7717978Z [36;1m: enable colors in Cargo output[0m
2025-10-02T06:23:50.7718295Z [36;1mif [ -z "${CARGO_TERM_COLOR+set}" ]; then[0m
2025-10-02T06:23:50.7718640Z [36;1m  echo CARGO_TERM_COLOR=always >> $GITHUB_ENV[0m
2025-10-02T06:23:50.7718938Z [36;1mfi[0m
2025-10-02T06:23:50.7750209Z shell: /usr/bin/bash --noprofile --norc -e -o pipefail {0}
2025-10-02T06:23:50.7750553Z env:
2025-10-02T06:23:50.7750761Z   CARGO_TERM_COLOR: always
2025-10-02T06:23:50.7751019Z   CARGO_HOME: /home/runner/.cargo
2025-10-02T06:23:50.7751277Z   CARGO_INCREMENTAL: 0
2025-10-02T06:23:50.7751667Z ##[endgroup]
2025-10-02T06:23:50.7823387Z ##[group]Run : enable Cargo sparse registry
2025-10-02T06:23:50.7823726Z [36;1m: enable Cargo sparse registry[0m
2025-10-02T06:23:50.7824121Z [36;1m# implemented in 1.66, stabilized in 1.68, made default in 1.70[0m
2025-10-02T06:23:50.7824788Z [36;1mif [ -z "${CARGO_REGISTRIES_CRATES_IO_PROTOCOL+set}" -o -f "/home/runner/work/_temp"/.implicit_cargo_registries_crates_io_protocol ]; then[0m
2025-10-02T06:23:50.7825456Z [36;1m  if rustc +stable --version --verbose | grep -q '^release: 1\.6[89]\.'; then[0m
2025-10-02T06:23:50.7826004Z [36;1m    touch "/home/runner/work/_temp"/.implicit_cargo_registries_crates_io_protocol || true[0m
2025-10-02T06:23:50.7826765Z [36;1m    echo CARGO_REGISTRIES_CRATES_IO_PROTOCOL=sparse >> $GITHUB_ENV[0m
2025-10-02T06:23:50.7827246Z [36;1m  elif rustc +stable --version --verbose | grep -q '^release: 1\.6[67]\.'; then[0m
2025-10-02T06:23:50.7827779Z [36;1m    touch "/home/runner/work/_temp"/.implicit_cargo_registries_crates_io_protocol || true[0m
2025-10-02T06:23:50.7828278Z [36;1m    echo CARGO_REGISTRIES_CRATES_IO_PROTOCOL=git >> $GITHUB_ENV[0m
2025-10-02T06:23:50.7828621Z [36;1m  fi[0m
2025-10-02T06:23:50.7828822Z [36;1mfi[0m
2025-10-02T06:23:50.7859814Z shell: /usr/bin/bash --noprofile --norc -e -o pipefail {0}
2025-10-02T06:23:50.7860179Z env:
2025-10-02T06:23:50.7860382Z   CARGO_TERM_COLOR: always
2025-10-02T06:23:50.7860638Z   CARGO_HOME: /home/runner/.cargo
2025-10-02T06:23:50.7860898Z   CARGO_INCREMENTAL: 0
2025-10-02T06:23:50.7861123Z ##[endgroup]
2025-10-02T06:23:50.8231657Z ##[group]Run : work around spurious network errors in curl 8.0
2025-10-02T06:23:50.8232117Z [36;1m: work around spurious network errors in curl 8.0[0m
2025-10-02T06:23:50.8232659Z [36;1m# https://rust-lang.zulipchat.com/#narrow/stream/246057-t-cargo/topic/timeout.20investigation[0m
2025-10-02T06:23:50.8233263Z [36;1mif rustc +stable --version --verbose | grep -q '^release: 1\.7[01]\.'; then[0m
2025-10-02T06:23:50.8233723Z [36;1m  echo CARGO_HTTP_MULTIPLEXING=false >> $GITHUB_ENV[0m
2025-10-02T06:23:50.8234051Z [36;1mfi[0m
2025-10-02T06:23:50.8268870Z shell: /usr/bin/bash --noprofile --norc -e -o pipefail {0}
2025-10-02T06:23:50.8269221Z env:
2025-10-02T06:23:50.8269453Z   CARGO_TERM_COLOR: always
2025-10-02T06:23:50.8269709Z   CARGO_HOME: /home/runner/.cargo
2025-10-02T06:23:50.8269977Z   CARGO_INCREMENTAL: 0
2025-10-02T06:23:50.8270209Z ##[endgroup]
2025-10-02T06:23:50.8499731Z ##[group]Run rustc +stable --version --verbose
2025-10-02T06:23:50.8500121Z [36;1mrustc +stable --version --verbose[0m
2025-10-02T06:23:50.8534699Z shell: /usr/bin/bash --noprofile --norc -e -o pipefail {0}
2025-10-02T06:23:50.8535068Z env:
2025-10-02T06:23:50.8535285Z   CARGO_TERM_COLOR: always
2025-10-02T06:23:50.8535548Z   CARGO_HOME: /home/runner/.cargo
2025-10-02T06:23:50.8535827Z   CARGO_INCREMENTAL: 0
2025-10-02T06:23:50.8536057Z ##[endgroup]
2025-10-02T06:23:50.8724927Z rustc 1.90.0 (1159e78c4 2025-09-14)
2025-10-02T06:23:50.8725532Z binary: rustc
2025-10-02T06:23:50.8726017Z commit-hash: 1159e78c4747b02ef996e55082b704c09b970588
2025-10-02T06:23:50.8726641Z commit-date: 2025-09-14
2025-10-02T06:23:50.8727111Z host: x86_64-unknown-linux-gnu
2025-10-02T06:23:50.8727424Z release: 1.90.0
2025-10-02T06:23:50.8728020Z LLVM version: 20.1.8
2025-10-02T06:23:50.9552810Z ##[group]Run actions/cache@v3
2025-10-02T06:23:50.9553127Z with:
2025-10-02T06:23:50.9553348Z   path: ~/.cargo/registry
2025-10-02T06:23:50.9553799Z   key: Linux-cargo-registry-ec3c6112cc8a5edfc9f2c1a3466b4b38ea0701746b086b761ada5a5a15ddadc8
2025-10-02T06:23:50.9554294Z   enableCrossOsArchive: false
2025-10-02T06:23:50.9554560Z   fail-on-cache-miss: false
2025-10-02T06:23:50.9554812Z   lookup-only: false
2025-10-02T06:23:50.9555037Z env:
2025-10-02T06:23:50.9555235Z   CARGO_TERM_COLOR: always
2025-10-02T06:23:50.9555500Z   CARGO_HOME: /home/runner/.cargo
2025-10-02T06:23:50.9555767Z   CARGO_INCREMENTAL: 0
2025-10-02T06:23:50.9555999Z ##[endgroup]
2025-10-02T06:23:51.2073296Z Cache not found for input keys: Linux-cargo-registry-ec3c6112cc8a5edfc9f2c1a3466b4b38ea0701746b086b761ada5a5a15ddadc8
2025-10-02T06:23:51.2823255Z ##[group]Run actions/cache@v3
2025-10-02T06:23:51.2823526Z with:
2025-10-02T06:23:51.2823704Z   path: ~/.cargo/git
2025-10-02T06:23:51.2824108Z   key: Linux-cargo-index-ec3c6112cc8a5edfc9f2c1a3466b4b38ea0701746b086b761ada5a5a15ddadc8
2025-10-02T06:23:51.2824544Z   enableCrossOsArchive: false
2025-10-02T06:23:51.2824782Z   fail-on-cache-miss: false
2025-10-02T06:23:51.2825003Z   lookup-only: false
2025-10-02T06:23:51.2825185Z env:
2025-10-02T06:23:51.2825361Z   CARGO_TERM_COLOR: always
2025-10-02T06:23:51.2825582Z   CARGO_HOME: /home/runner/.cargo
2025-10-02T06:23:51.2825818Z   CARGO_INCREMENTAL: 0
2025-10-02T06:23:51.2826011Z ##[endgroup]
2025-10-02T06:23:51.5122537Z Cache not found for input keys: Linux-cargo-index-ec3c6112cc8a5edfc9f2c1a3466b4b38ea0701746b086b761ada5a5a15ddadc8
2025-10-02T06:23:51.5867549Z ##[group]Run actions/cache@v3
2025-10-02T06:23:51.5867819Z with:
2025-10-02T06:23:51.5867988Z   path: target
2025-10-02T06:23:51.5868401Z   key: Linux-cargo-build-target-ec3c6112cc8a5edfc9f2c1a3466b4b38ea0701746b086b761ada5a5a15ddadc8
2025-10-02T06:23:51.5868870Z   enableCrossOsArchive: false
2025-10-02T06:23:51.5869097Z   fail-on-cache-miss: false
2025-10-02T06:23:51.5869311Z   lookup-only: false
2025-10-02T06:23:51.5869499Z env:
2025-10-02T06:23:51.5869671Z   CARGO_TERM_COLOR: always
2025-10-02T06:23:51.5869890Z   CARGO_HOME: /home/runner/.cargo
2025-10-02T06:23:51.5870120Z   CARGO_INCREMENTAL: 0
2025-10-02T06:23:51.5870306Z ##[endgroup]
2025-10-02T06:23:51.8207303Z Cache not found for input keys: Linux-cargo-build-target-ec3c6112cc8a5edfc9f2c1a3466b4b38ea0701746b086b761ada5a5a15ddadc8
2025-10-02T06:23:51.8281971Z ##[group]Run cargo fmt -- --check
2025-10-02T06:23:51.8282437Z [36;1mcargo fmt -- --check[0m
2025-10-02T06:23:51.8329119Z shell: /usr/bin/bash -e {0}
2025-10-02T06:23:51.8329522Z env:
2025-10-02T06:23:51.8329867Z   CARGO_TERM_COLOR: always
2025-10-02T06:23:51.8330290Z   CARGO_HOME: /home/runner/.cargo
2025-10-02T06:23:51.8330702Z   CARGO_INCREMENTAL: 0
2025-10-02T06:23:51.8331047Z ##[endgroup]
2025-10-02T06:23:51.9988100Z ##[group]Run cargo clippy -- -D warnings
2025-10-02T06:23:51.9988419Z [36;1mcargo clippy -- -D warnings[0m
2025-10-02T06:23:52.0019918Z shell: /usr/bin/bash -e {0}
2025-10-02T06:23:52.0020138Z env:
2025-10-02T06:23:52.0020316Z   CARGO_TERM_COLOR: always
2025-10-02T06:23:52.0020537Z   CARGO_HOME: /home/runner/.cargo
2025-10-02T06:23:52.0020769Z   CARGO_INCREMENTAL: 0
2025-10-02T06:23:52.0020968Z ##[endgroup]
2025-10-02T06:23:52.1472972Z [1m[32m    Updating[0m crates.io index
2025-10-02T06:23:52.7283502Z [1m[32m Downloading[0m crates ...
2025-10-02T06:23:52.7654365Z [1m[32m  Downloaded[0m autocfg v1.5.0
2025-10-02T06:23:52.7685697Z [1m[32m  Downloaded[0m percent-encoding v2.3.2
2025-10-02T06:23:52.7699409Z [1m[32m  Downloaded[0m once_cell v1.21.3
2025-10-02T06:23:52.7737407Z [1m[32m  Downloaded[0m sync_wrapper v0.1.2
2025-10-02T06:23:52.7753976Z [1m[32m  Downloaded[0m cc v1.2.39
2025-10-02T06:23:52.7813014Z [1m[32m  Downloaded[0m zerofrom v0.1.6
2025-10-02T06:23:52.7840777Z [1m[32m  Downloaded[0m zerovec-derive v0.11.1
2025-10-02T06:23:52.7872426Z [1m[32m  Downloaded[0m zerofrom-derive v0.1.6
2025-10-02T06:23:52.7896571Z [1m[32m  Downloaded[0m utf8parse v0.2.2
2025-10-02T06:23:52.7913385Z [1m[32m  Downloaded[0m icu_normalizer v2.0.0
2025-10-02T06:23:52.7952904Z [1m[32m  Downloaded[0m displaydoc v0.2.5
2025-10-02T06:23:52.7990860Z [1m[32m  Downloaded[0m indexmap v2.11.4
2025-10-02T06:23:52.8042115Z [1m[32m  Downloaded[0m winnow v0.7.13
2025-10-02T06:23:52.8141140Z [1m[32m  Downloaded[0m anstyle v1.0.13
2025-10-02T06:23:52.8162552Z [1m[32m  Downloaded[0m tokio-util v0.7.16
2025-10-02T06:23:52.8249494Z [1m[32m  Downloaded[0m idna v1.1.0
2025-10-02T06:23:52.8292069Z [1m[32m  Downloaded[0m zerotrie v0.2.2
2025-10-02T06:23:52.8334234Z [1m[32m  Downloaded[0m webpki-roots v0.25.4
2025-10-02T06:23:52.8376247Z [1m[32m  Downloaded[0m zerovec v0.11.4
2025-10-02T06:23:52.8435691Z [1m[32m  Downloaded[0m url v2.5.7
2025-10-02T06:23:52.8469260Z [1m[32m  Downloaded[0m smallvec v1.15.1
2025-10-02T06:23:52.8495749Z [1m[32m  Downloaded[0m socket2 v0.6.0
2025-10-02T06:23:52.8518287Z [1m[32m  Downloaded[0m serde_core v1.0.228
2025-10-02T06:23:52.8549594Z [1m[32m  Downloaded[0m icu_collections v2.0.0
2025-10-02T06:23:52.8614386Z [1m[32m  Downloaded[0m memchr v2.7.6
2025-10-02T06:23:52.8670648Z [1m[32m  Downloaded[0m serde_json v1.0.145
2025-10-02T06:23:52.8746041Z [1m[32m  Downloaded[0m hashbrown v0.16.0
2025-10-02T06:23:52.8799427Z [1m[32m  Downloaded[0m http v0.2.12
2025-10-02T06:23:52.8835469Z [1m[32m  Downloaded[0m rustls-webpki v0.101.7
2025-10-02T06:23:52.8994846Z [1m[32m  Downloaded[0m reqwest v0.11.27
2025-10-02T06:23:52.9065464Z [1m[32m  Downloaded[0m hyper v0.14.32
2025-10-02T06:23:52.9141556Z [1m[32m  Downloaded[0m h2 v0.3.27
2025-10-02T06:23:52.9204855Z [1m[32m  Downloaded[0m futures-util v0.3.31
2025-10-02T06:23:52.9335720Z [1m[32m  Downloaded[0m icu_properties v2.0.1
2025-10-02T06:23:52.9358052Z [1m[32m  Downloaded[0m rustls v0.21.12
2025-10-02T06:23:52.9468954Z [1m[32m  Downloaded[0m socket2 v0.5.10
2025-10-02T06:23:52.9488033Z [1m[32m  Downloaded[0m serde_derive v1.0.228
2025-10-02T06:23:52.9518483Z [1m[32m  Downloaded[0m regex-syntax v0.8.6
2025-10-02T06:23:52.9588332Z [1m[32m  Downloaded[0m sct v0.7.1
2025-10-02T06:23:52.9628305Z [1m[32m  Downloaded[0m mio v1.0.4
2025-10-02T06:23:52.9687483Z [1m[32m  Downloaded[0m log v0.4.28
2025-10-02T06:23:52.9713648Z [1m[32m  Downloaded[0m icu_provider v2.0.0
2025-10-02T06:23:52.9739819Z [1m[32m  Downloaded[0m anyhow v1.0.100
2025-10-02T06:23:52.9780585Z [1m[32m  Downloaded[0m ryu v1.0.20
2025-10-02T06:23:52.9812059Z [1m[32m  Downloaded[0m quote v1.0.41
2025-10-02T06:23:52.9838753Z [1m[32m  Downloaded[0m proc-macro2 v1.0.101
2025-10-02T06:23:52.9866952Z [1m[32m  Downloaded[0m parking_lot_core v0.9.11
2025-10-02T06:23:52.9896462Z [1m[32m  Downloaded[0m regex-automata v0.4.11
2025-10-02T06:23:53.0049364Z [1m[32m  Downloaded[0m parking_lot v0.12.4
2025-10-02T06:23:53.0073904Z [1m[32m  Downloaded[0m num-traits v0.2.19
2025-10-02T06:23:53.0099381Z [1m[32m  Downloaded[0m iana-time-zone v0.1.64
2025-10-02T06:23:53.0125344Z [1m[32m  Downloaded[0m getrandom v0.2.16
2025-10-02T06:23:53.0154656Z [1m[32m  Downloaded[0m pin-project-lite v0.2.16
2025-10-02T06:23:53.0211406Z [1m[32m  Downloaded[0m litemap v0.8.0
2025-10-02T06:23:53.0234071Z [1m[32m  Downloaded[0m hyper-rustls v0.24.2
2025-10-02T06:23:53.0258687Z [1m[32m  Downloaded[0m futures-sink v0.3.31
2025-10-02T06:23:53.0266945Z [1m[32m  Downloaded[0m env_logger v0.10.2
2025-10-02T06:23:53.0294857Z [1m[32m  Downloaded[0m base64 v0.21.7
2025-10-02T06:23:53.0332082Z [1m[32m  Downloaded[0m tracing v0.1.41
2025-10-02T06:23:53.0373291Z [1m[32m  Downloaded[0m slab v0.4.11
2025-10-02T06:23:53.0385698Z [1m[32m  Downloaded[0m signal-hook-registry v1.4.6
2025-10-02T06:23:53.0397570Z [1m[32m  Downloaded[0m libc v0.2.176
2025-10-02T06:23:53.0666684Z [1m[32m  Downloaded[0m shlex v1.3.0
2025-10-02T06:23:53.0678803Z [1m[32m  Downloaded[0m scopeguard v1.2.0
2025-10-02T06:23:53.0690795Z [1m[32m  Downloaded[0m rustls-pemfile v1.0.4
2025-10-02T06:23:53.0712745Z [1m[32m  Downloaded[0m potential_utf v0.1.3
2025-10-02T06:23:53.0722568Z [1m[32m  Downloaded[0m csv v1.3.1
2025-10-02T06:23:53.0903985Z [1m[32m  Downloaded[0m is-terminal v0.4.16
2025-10-02T06:23:53.0912557Z [1m[32m  Downloaded[0m ipnet v2.11.0
2025-10-02T06:23:53.0927918Z [1m[32m  Downloaded[0m futures-macro v0.3.31
2025-10-02T06:23:53.0937455Z [1m[32m  Downloaded[0m toml_edit v0.22.27
2025-10-02T06:23:53.0979348Z [1m[32m  Downloaded[0m tokio v1.47.1
2025-10-02T06:23:53.1382738Z [1m[32m  Downloaded[0m serde_urlencoded v0.7.1
2025-10-02T06:23:53.1398642Z [1m[32m  Downloaded[0m pin-utils v0.1.0
2025-10-02T06:23:53.1410416Z [1m[32m  Downloaded[0m itoa v1.0.15
2025-10-02T06:23:53.1423831Z [1m[32m  Downloaded[0m idna_adapter v1.2.1
2025-10-02T06:23:53.1432544Z [1m[32m  Downloaded[0m humantime v2.3.0
2025-10-02T06:23:53.1448385Z [1m[32m  Downloaded[0m futures-task v0.3.31
2025-10-02T06:23:53.1459484Z [1m[32m  Downloaded[0m fnv v1.0.7
2025-10-02T06:23:53.1467748Z [1m[32m  Downloaded[0m bytes v1.10.1
2025-10-02T06:23:53.1507770Z [1m[32m  Downloaded[0m anstyle-parse v0.2.7
2025-10-02T06:23:53.1522852Z [1m[32m  Downloaded[0m serde_spanned v0.6.9
2025-10-02T06:23:53.1532970Z [1m[32m  Downloaded[0m regex v1.11.3
2025-10-02T06:23:53.1594483Z [1m[32m  Downloaded[0m icu_normalizer_data v2.0.0
2025-10-02T06:23:53.1614857Z [1m[32m  Downloaded[0m equivalent v1.0.2
2025-10-02T06:23:53.1624534Z [1m[32m  Downloaded[0m is_terminal_polyfill v1.70.1
2025-10-02T06:23:53.1633141Z [1m[32m  Downloaded[0m http-body v0.4.6
2025-10-02T06:23:53.1649623Z [1m[32m  Downloaded[0m futures-core v0.3.31
2025-10-02T06:23:53.1662117Z [1m[32m  Downloaded[0m anstream v0.6.20
2025-10-02T06:23:53.1680982Z [1m[32m  Downloaded[0m syn v2.0.106
2025-10-02T06:23:53.1784997Z [1m[32m  Downloaded[0m form_urlencoded v1.2.2
2025-10-02T06:23:53.1793421Z [1m[32m  Downloaded[0m csv-core v0.1.12
2025-10-02T06:23:53.1806756Z [1m[32m  Downloaded[0m clap_derive v4.5.47
2025-10-02T06:23:53.1827890Z [1m[32m  Downloaded[0m heck v0.5.0
2025-10-02T06:23:53.1840304Z [1m[32m  Downloaded[0m clap_builder v4.5.48
2025-10-02T06:23:53.1902332Z [1m[32m  Downloaded[0m chrono v0.4.42
2025-10-02T06:23:53.1968492Z [1m[32m  Downloaded[0m utf8_iter v1.0.4
2025-10-02T06:23:53.1978641Z [1m[32m  Downloaded[0m toml_datetime v0.6.11
2025-10-02T06:23:53.1989502Z [1m[32m  Downloaded[0m toml v0.8.23
2025-10-02T06:23:53.2012452Z [1m[32m  Downloaded[0m futures-channel v0.3.31
2025-10-02T06:23:53.2030506Z [1m[32m  Downloaded[0m ring v0.17.14
2025-10-02T06:23:53.2448030Z [1m[32m  Downloaded[0m yoke-derive v0.8.0
2025-10-02T06:23:53.2456937Z [1m[32m  Downloaded[0m try-lock v0.2.5
2025-10-02T06:23:53.2465542Z [1m[32m  Downloaded[0m tokio-rustls v0.24.1
2025-10-02T06:23:53.2490479Z [1m[32m  Downloaded[0m tokio-macros v2.5.0
2025-10-02T06:23:53.2499674Z [1m[32m  Downloaded[0m thiserror-impl v1.0.69
2025-10-02T06:23:53.2512478Z [1m[32m  Downloaded[0m synstructure v0.13.2
2025-10-02T06:23:53.2522435Z [1m[32m  Downloaded[0m httpdate v1.0.3
2025-10-02T06:23:53.2533908Z [1m[32m  Downloaded[0m colorchoice v1.0.4
2025-10-02T06:23:53.2543034Z [1m[32m  Downloaded[0m anstyle-query v1.1.4
2025-10-02T06:23:53.2553960Z [1m[32m  Downloaded[0m writeable v0.6.1
2025-10-02T06:23:53.2571320Z [1m[32m  Downloaded[0m untrusted v0.9.0
2025-10-02T06:23:53.2587036Z [1m[32m  Downloaded[0m unicode-ident v1.0.19
2025-10-02T06:23:53.2614103Z [1m[32m  Downloaded[0m tracing-core v0.1.34
2025-10-02T06:23:53.2640324Z [1m[32m  Downloaded[0m toml_write v0.1.2
2025-10-02T06:23:53.2652426Z [1m[32m  Downloaded[0m termcolor v1.4.1
2025-10-02T06:23:53.2664477Z [1m[32m  Downloaded[0m strsim v0.11.1
2025-10-02T06:23:53.2676998Z [1m[32m  Downloaded[0m icu_properties_data v2.0.1
2025-10-02T06:23:53.2772310Z [1m[32m  Downloaded[0m encoding_rs v0.8.35
2025-10-02T06:23:53.2971300Z [1m[32m  Downloaded[0m clap v4.5.48
2025-10-02T06:23:53.3064609Z [1m[32m  Downloaded[0m yoke v0.8.0
2025-10-02T06:23:53.3080381Z [1m[32m  Downloaded[0m want v0.3.1
2025-10-02T06:23:53.3089214Z [1m[32m  Downloaded[0m tower-service v0.3.3
2025-10-02T06:23:53.3097414Z [1m[32m  Downloaded[0m tinystr v0.8.1
2025-10-02T06:23:53.3116071Z [1m[32m  Downloaded[0m thiserror v1.0.69
2025-10-02T06:23:53.3170692Z [1m[32m  Downloaded[0m aho-corasick v1.1.3
2025-10-02T06:23:53.3221590Z [1m[32m  Downloaded[0m stable_deref_trait v1.2.0
2025-10-02T06:23:53.3229734Z [1m[32m  Downloaded[0m serde v1.0.228
2025-10-02T06:23:53.3263359Z [1m[32m  Downloaded[0m lock_api v0.4.13
2025-10-02T06:23:53.3276735Z [1m[32m  Downloaded[0m icu_locale_core v2.0.0
2025-10-02T06:23:53.3344633Z [1m[32m  Downloaded[0m mime v0.3.17
2025-10-02T06:23:53.3356852Z [1m[32m  Downloaded[0m httparse v1.10.1
2025-10-02T06:23:53.3381093Z [1m[32m  Downloaded[0m lazy_static v1.5.0
2025-10-02T06:23:53.3398200Z [1m[32m  Downloaded[0m influxdb v0.7.2
2025-10-02T06:23:53.3416271Z [1m[32m  Downloaded[0m find-msvc-tools v0.1.2
2025-10-02T06:23:53.3431634Z [1m[32m  Downloaded[0m clap_lex v0.7.5
2025-10-02T06:23:53.3442186Z [1m[32m  Downloaded[0m cfg-if v1.0.3
2025-10-02T06:23:53.3837602Z [1m[32m   Compiling[0m proc-macro2 v1.0.101
2025-10-02T06:23:53.3838426Z [1m[32m   Compiling[0m unicode-ident v1.0.19
2025-10-02T06:23:53.3838916Z [1m[32m   Compiling[0m quote v1.0.41
2025-10-02T06:23:53.3852798Z [1m[32m   Compiling[0m libc v0.2.176
2025-10-02T06:23:53.4439826Z [1m[32m   Compiling[0m autocfg v1.5.0
2025-10-02T06:23:53.6317735Z [1m[32m    Checking[0m cfg-if v1.0.3
2025-10-02T06:23:53.6572477Z [1m[32m    Checking[0m stable_deref_trait v1.2.0
2025-10-02T06:23:53.6863264Z [1m[32m   Compiling[0m serde_core v1.0.228
2025-10-02T06:23:53.7411898Z [1m[32m    Checking[0m smallvec v1.15.1
2025-10-02T06:23:53.8681010Z [1m[32m   Compiling[0m serde v1.0.228
2025-10-02T06:23:54.0488264Z [1m[32m   Compiling[0m find-msvc-tools v0.1.2
2025-10-02T06:23:54.2965629Z [1m[32m   Compiling[0m shlex v1.3.0
2025-10-02T06:23:54.4192458Z [1m[32m   Compiling[0m syn v2.0.106
2025-10-02T06:23:54.4429548Z [1m[32m   Compiling[0m cc v1.2.39
2025-10-02T06:23:54.5902060Z [1m[32m   Compiling[0m lock_api v0.4.13
2025-10-02T06:23:54.6894856Z [1m[32m   Compiling[0m parking_lot_core v0.9.11
2025-10-02T06:23:54.8107090Z [1m[32m    Checking[0m pin-project-lite v0.2.16
2025-10-02T06:23:54.8920277Z [1m[32m    Checking[0m bytes v1.10.1
2025-10-02T06:23:55.2975053Z [1m[32m    Checking[0m scopeguard v1.2.0
2025-10-02T06:23:55.3374386Z [1m[32m    Checking[0m itoa v1.0.15
2025-10-02T06:23:55.6827241Z [1m[32m    Checking[0m writeable v0.6.1
2025-10-02T06:23:55.7791332Z [1m[32m   Compiling[0m ring v0.17.14
2025-10-02T06:23:55.7823201Z [1m[32m    Checking[0m litemap v0.8.0
2025-10-02T06:23:55.8141420Z [1m[32m    Checking[0m parking_lot v0.12.4
2025-10-02T06:23:55.9290711Z [1m[32m    Checking[0m signal-hook-registry v1.4.6
2025-10-02T06:23:55.9669382Z [1m[32m    Checking[0m getrandom v0.2.16
2025-10-02T06:23:56.0221347Z [1m[32m    Checking[0m socket2 v0.6.0
2025-10-02T06:23:56.0520840Z [1m[32m    Checking[0m mio v1.0.4
2025-10-02T06:23:56.2392437Z [1m[32m    Checking[0m untrusted v0.9.0
2025-10-02T06:23:56.2846102Z [1m[32m   Compiling[0m icu_properties_data v2.0.1
2025-10-02T06:23:56.3048057Z [1m[32m    Checking[0m equivalent v1.0.2
2025-10-02T06:23:56.3344128Z [1m[32m    Checking[0m hashbrown v0.16.0
2025-10-02T06:23:56.3666841Z [1m[32m    Checking[0m futures-core v0.3.31
2025-10-02T06:23:56.4229577Z [1m[32m   Compiling[0m icu_normalizer_data v2.0.0
2025-10-02T06:23:56.5135649Z [1m[32m    Checking[0m memchr v2.7.6
2025-10-02T06:23:56.7718813Z [1m[32m    Checking[0m indexmap v2.11.4
2025-10-02T06:23:56.8981292Z [1m[32m    Checking[0m once_cell v1.21.3
2025-10-02T06:23:57.0104583Z [1m[32m    Checking[0m fnv v1.0.7
2025-10-02T06:23:57.0473894Z [1m[32m    Checking[0m http v0.2.12
2025-10-02T06:23:57.2928660Z [1m[32m    Checking[0m tracing-core v0.1.34
2025-10-02T06:23:57.6140200Z [1m[32m   Compiling[0m rustls v0.21.12
2025-10-02T06:23:57.6278235Z [1m[32m    Checking[0m pin-utils v0.1.0
2025-10-02T06:23:57.6607808Z [1m[32m   Compiling[0m httparse v1.10.1
2025-10-02T06:23:57.7022855Z [1m[32m    Checking[0m slab v0.4.11
2025-10-02T06:23:57.7986877Z [1m[32m   Compiling[0m synstructure v0.13.2
2025-10-02T06:23:57.8497734Z [1m[32m    Checking[0m futures-sink v0.3.31
2025-10-02T06:23:57.8958297Z [1m[32m    Checking[0m log v0.4.28
2025-10-02T06:23:58.0038979Z [1m[32m    Checking[0m futures-task v0.3.31
2025-10-02T06:23:58.1032133Z [1m[32m    Checking[0m tracing v0.1.41
2025-10-02T06:23:58.2270623Z [1m[32m    Checking[0m try-lock v0.2.5
2025-10-02T06:23:58.2668524Z [1m[32m    Checking[0m ryu v1.0.20
2025-10-02T06:23:58.2913848Z [1m[32m    Checking[0m percent-encoding v2.3.2
2025-10-02T06:23:58.3539075Z [1m[32m    Checking[0m want v0.3.1
2025-10-02T06:23:58.3567645Z [1m[32m    Checking[0m form_urlencoded v1.2.2
2025-10-02T06:23:58.4197404Z [1m[32m    Checking[0m http-body v0.4.6
2025-10-02T06:23:58.5461116Z [1m[32m    Checking[0m aho-corasick v1.1.3
2025-10-02T06:23:58.5550751Z [1m[32m    Checking[0m futures-channel v0.3.31
2025-10-02T06:23:58.6743591Z [1m[32m    Checking[0m socket2 v0.5.10
2025-10-02T06:23:58.8603409Z [1m[32m   Compiling[0m num-traits v0.2.19
2025-10-02T06:23:58.9291863Z [1m[32m    Checking[0m regex-syntax v0.8.6
2025-10-02T06:23:59.1741557Z [1m[32m    Checking[0m utf8parse v0.2.2
2025-10-02T06:23:59.2067478Z [1m[32m    Checking[0m httpdate v1.0.3
2025-10-02T06:23:59.2636840Z [1m[32m    Checking[0m utf8_iter v1.0.4
2025-10-02T06:23:59.3084125Z [1m[32m    Checking[0m tower-service v0.3.3
2025-10-02T06:23:59.3343082Z [1m[32m    Checking[0m anstyle-parse v0.2.7
2025-10-02T06:23:59.4489198Z [1m[32m   Compiling[0m zerofrom-derive v0.1.6
2025-10-02T06:23:59.4791463Z [1m[32m   Compiling[0m yoke-derive v0.8.0
2025-10-02T06:23:59.6508004Z [1m[32m   Compiling[0m zerovec-derive v0.11.1
2025-10-02T06:24:00.2238247Z [1m[32m   Compiling[0m displaydoc v0.2.5
2025-10-02T06:24:00.3756824Z [1m[32m   Compiling[0m serde_derive v1.0.228
2025-10-02T06:24:00.6295931Z [1m[32m   Compiling[0m tokio-macros v2.5.0
2025-10-02T06:24:00.6447426Z [1m[32m    Checking[0m zerofrom v0.1.6
2025-10-02T06:24:00.7153361Z [1m[32m    Checking[0m yoke v0.8.0
2025-10-02T06:24:00.8333773Z [1m[32m    Checking[0m zerovec v0.11.4
2025-10-02T06:24:01.1296823Z [1m[32m    Checking[0m zerotrie v0.2.2
2025-10-02T06:24:01.3329459Z [1m[32m    Checking[0m tokio v1.47.1
2025-10-02T06:24:01.6263007Z [1m[32m    Checking[0m tinystr v0.8.1
2025-10-02T06:24:01.7453774Z [1m[32m    Checking[0m icu_locale_core v2.0.0
2025-10-02T06:24:01.7999278Z [1m[32m    Checking[0m potential_utf v0.1.3
2025-10-02T06:24:01.8597396Z [1m[32m    Checking[0m icu_collections v2.0.0
2025-10-02T06:24:02.0884524Z [1m[32m   Compiling[0m futures-macro v0.3.31
2025-10-02T06:24:02.1963560Z [1m[32m    Checking[0m icu_provider v2.0.0
2025-10-02T06:24:02.3779967Z [1m[32m    Checking[0m icu_normalizer v2.0.0
2025-10-02T06:24:02.6439082Z [1m[32m    Checking[0m icu_properties v2.0.1
2025-10-02T06:24:02.7750153Z [1m[32m    Checking[0m futures-util v0.3.31
2025-10-02T06:24:03.5727890Z [1m[32m    Checking[0m rustls-webpki v0.101.7
2025-10-02T06:24:03.8977838Z [1m[32m    Checking[0m sct v0.7.1
2025-10-02T06:24:03.9488790Z [1m[32m    Checking[0m idna_adapter v1.2.1
2025-10-02T06:24:04.0084242Z [1m[32m    Checking[0m idna v1.1.0
2025-10-02T06:24:04.1972621Z [1m[32m    Checking[0m regex-automata v0.4.11
2025-10-02T06:24:04.4250315Z [1m[32m    Checking[0m colorchoice v1.0.4
2025-10-02T06:24:04.4659617Z [1m[32m    Checking[0m anstyle v1.0.13
2025-10-02T06:24:04.5945582Z [1m[32m    Checking[0m base64 v0.21.7
2025-10-02T06:24:04.7908742Z [1m[32m    Checking[0m is_terminal_polyfill v1.70.1
2025-10-02T06:24:04.8265437Z [1m[32m   Compiling[0m serde_json v1.0.145
2025-10-02T06:24:04.8614795Z [1m[32m    Checking[0m tokio-util v0.7.16
2025-10-02T06:24:04.9289980Z [1m[32m    Checking[0m anstyle-query v1.1.4
2025-10-02T06:24:04.9680401Z [1m[32m   Compiling[0m thiserror v1.0.69
2025-10-02T06:24:05.1863331Z [1m[32m    Checking[0m anstream v0.6.20
2025-10-02T06:24:05.2401908Z [1m[32m    Checking[0m h2 v0.3.27
2025-10-02T06:24:05.3302938Z [1m[32m    Checking[0m rustls-pemfile v1.0.4
2025-10-02T06:24:05.3719805Z [1m[32m    Checking[0m tokio-rustls v0.24.1
2025-10-02T06:24:05.3914659Z [1m[32m    Checking[0m url v2.5.7
2025-10-02T06:24:05.4954133Z [1m[32m    Checking[0m toml_datetime v0.6.11
2025-10-02T06:24:05.6254540Z [1m[32m    Checking[0m serde_urlencoded v0.7.1
2025-10-02T06:24:05.7248323Z [1m[32m    Checking[0m regex v1.11.3
2025-10-02T06:24:05.7895182Z [1m[32m    Checking[0m serde_spanned v0.6.9
2025-10-02T06:24:05.8521168Z [1m[32m   Compiling[0m thiserror-impl v1.0.69
2025-10-02T06:24:05.9782225Z [1m[32m    Checking[0m encoding_rs v0.8.35
2025-10-02T06:24:06.3158349Z [1m[32m    Checking[0m iana-time-zone v0.1.64
2025-10-02T06:24:06.3797949Z [1m[32m    Checking[0m clap_lex v0.7.5
2025-10-02T06:24:06.4677901Z [1m[32m    Checking[0m webpki-roots v0.25.4
2025-10-02T06:24:06.5211352Z [1m[32m   Compiling[0m anyhow v1.0.100
2025-10-02T06:24:06.7017466Z [1m[32m    Checking[0m toml_write v0.1.2
2025-10-02T06:24:06.8103069Z [1m[32m    Checking[0m winnow v0.7.13
2025-10-02T06:24:06.9163969Z [1m[32m    Checking[0m ipnet v2.11.0
2025-10-02T06:24:06.9275446Z [1m[32m    Checking[0m mime v0.3.17
2025-10-02T06:24:07.0414244Z [1m[32m   Compiling[0m heck v0.5.0
2025-10-02T06:24:07.1004236Z [1m[32m    Checking[0m strsim v0.11.1
2025-10-02T06:24:07.2013931Z [1m[32m    Checking[0m sync_wrapper v0.1.2
2025-10-02T06:24:07.2048794Z [1m[32m    Checking[0m clap_builder v4.5.48
2025-10-02T06:24:07.2344624Z [1m[32m    Checking[0m hyper v0.14.32
2025-10-02T06:24:07.2383743Z [1m[32m   Compiling[0m clap_derive v4.5.47
2025-10-02T06:24:08.1711494Z [1m[32m    Checking[0m toml_edit v0.22.27
2025-10-02T06:24:08.6657267Z [1m[32m    Checking[0m chrono v0.4.42
2025-10-02T06:24:08.9203592Z [1m[32m    Checking[0m hyper-rustls v0.24.2
2025-10-02T06:24:09.0199306Z [1m[32m    Checking[0m reqwest v0.11.27
2025-10-02T06:24:09.5318101Z [1m[32m    Checking[0m csv-core v0.1.12
2025-10-02T06:24:09.5428144Z [1m[32m    Checking[0m is-terminal v0.4.16
2025-10-02T06:24:09.5797154Z [1m[32m    Checking[0m lazy_static v1.5.0
2025-10-02T06:24:09.5849829Z [1m[32m    Checking[0m termcolor v1.4.1
2025-10-02T06:24:09.6150505Z [1m[32m    Checking[0m humantime v2.3.0
2025-10-02T06:24:09.6496771Z [1m[32m    Checking[0m csv v1.3.1
2025-10-02T06:24:09.6569119Z [1m[32m    Checking[0m influxdb v0.7.2
2025-10-02T06:24:09.7363113Z [1m[32m    Checking[0m toml v0.8.23
2025-10-02T06:24:09.7413028Z [1m[32m    Checking[0m env_logger v0.10.2
2025-10-02T06:24:09.9217800Z [1m[32m    Checking[0m clap v4.5.48
2025-10-02T06:24:10.0678544Z [1m[32m    Checking[0m gnt2influx v0.1.0 (/home/runner/work/gnt2influx/gnt2influx)
2025-10-02T06:24:10.3233425Z [0m[1m[38;5;9merror[0m[0m[1m: this `if` statement can be collapsed[0m
2025-10-02T06:24:10.3234299Z [0m   [0m[0m[1m[38;5;12m--> [0m[0msrc/parser.rs:258:5[0m
2025-10-02T06:24:10.3234819Z [0m    [0m[0m[1m[38;5;12m|[0m
2025-10-02T06:24:10.3241697Z [0m[1m[38;5;12m258[0m[0m [0m[0m[1m[38;5;12m|[0m[0m [0m[0m[1m[38;5;9m/[0m[0m [0m[0m    if let Ok(timestamp) = value.parse::<i64>() {[0m
2025-10-02T06:24:10.3243094Z [0m[1m[38;5;12m259[0m[0m [0m[0m[1m[38;5;12m|[0m[0m [0m[0m[1m[38;5;9m|[0m[0m [0m[0m        if let Some(dt) = DateTime::from_timestamp(timestamp, 0) {[0m
2025-10-02T06:24:10.3244221Z [0m[1m[38;5;12m260[0m[0m [0m[0m[1m[38;5;12m|[0m[0m [0m[0m[1m[38;5;9m|[0m[0m [0m[0m            return Ok(dt);[0m
2025-10-02T06:24:10.3245089Z [0m[1m[38;5;12m261[0m[0m [0m[0m[1m[38;5;12m|[0m[0m [0m[0m[1m[38;5;9m|[0m[0m [0m[0m        }[0m
2025-10-02T06:24:10.3245902Z [0m[1m[38;5;12m262[0m[0m [0m[0m[1m[38;5;12m|[0m[0m [0m[0m[1m[38;5;9m|[0m[0m [0m[0m    }[0m
2025-10-02T06:24:10.3246834Z [0m    [0m[0m[1m[38;5;12m|[0m[0m [0m[0m[1m[38;5;9m|_____^[0m
2025-10-02T06:24:10.3247367Z [0m    [0m[0m[1m[38;5;12m|[0m
2025-10-02T06:24:10.3248491Z [0m    [0m[0m[1m[38;5;12m= [0m[0m[1mhelp[0m[0m: for further information visit https://rust-lang.github.io/rust-clippy/master/index.html#collapsible_if[0m
2025-10-02T06:24:10.3249871Z [0m    [0m[0m[1m[38;5;12m= [0m[0m[1mnote[0m[0m: `-D clippy::collapsible-if` implied by `-D warnings`[0m
2025-10-02T06:24:10.3251006Z [0m    [0m[0m[1m[38;5;12m= [0m[0m[1mhelp[0m[0m: to override `-D warnings` add `#[allow(clippy::collapsible_if)]`[0m
2025-10-02T06:24:10.3252175Z [0m[1m[38;5;14mhelp[0m[0m: collapse nested if block[0m
2025-10-02T06:24:10.3252689Z [0m    [0m[0m[1m[38;5;12m|[0m
2025-10-02T06:24:10.3253498Z [0m[1m[38;5;12m258[0m[0m [0m[0m[38;5;10m~ [0m[0m    if let Ok(timestamp) = value.parse::<i64>()[0m
2025-10-02T06:24:10.3254711Z [0m[1m[38;5;12m259[0m[0m [0m[0m[38;5;10m~ [0m[0m        [0m[0m[38;5;10m&&[0m[0m let Some(dt) = DateTime::from_timestamp(timestamp, 0) {[0m
2025-10-02T06:24:10.3255644Z [0m[1m[38;5;12m260[0m[0m [0m[0m[1m[38;5;12m|[0m[0m             return Ok(dt);[0m
2025-10-02T06:24:10.3256549Z [0m[1m[38;5;12m261[0m[0m [0m[0m[38;5;10m~ [0m[0m        }[0m
2025-10-02T06:24:10.3257108Z [0m    [0m[0m[1m[38;5;12m|[0m
2025-10-02T06:24:10.3257373Z 
2025-10-02T06:24:10.3483013Z [1m[31merror[0m[1m:[0m could not compile `gnt2influx` (bin "gnt2influx") due to 1 previous error
2025-10-02T06:24:10.3945816Z ##[error]Process completed with exit code 101.
2025-10-02T06:24:10.4043361Z Post job cleanup.
2025-10-02T06:24:10.4955171Z [command]/usr/bin/git version
2025-10-02T06:24:10.4990271Z git version 2.51.0
2025-10-02T06:24:10.5032966Z Temporarily overriding HOME='/home/runner/work/_temp/2735f31e-26fe-4b33-b61f-49c74d7191ae' before making global git config changes
2025-10-02T06:24:10.5034230Z Adding repository directory to the temporary git global config as a safe directory
2025-10-02T06:24:10.5039408Z [command]/usr/bin/git config --global --add safe.directory /home/runner/work/gnt2influx/gnt2influx
2025-10-02T06:24:10.5074192Z [command]/usr/bin/git config --local --name-only --get-regexp core\.sshCommand
2025-10-02T06:24:10.5106678Z [command]/usr/bin/git submodule foreach --recursive sh -c "git config --local --name-only --get-regexp 'core\.sshCommand' && git config --local --unset-all 'core.sshCommand' || :"
2025-10-02T06:24:10.5333824Z [command]/usr/bin/git config --local --name-only --get-regexp http\.https\:\/\/github\.com\/\.extraheader
2025-10-02T06:24:10.5357723Z http.https://github.com/.extraheader
2025-10-02T06:24:10.5370393Z [command]/usr/bin/git config --local --unset-all http.https://github.com/.extraheader
2025-10-02T06:24:10.5402729Z [command]/usr/bin/git submodule foreach --recursive sh -c "git config --local --name-only --get-regexp 'http\.https\:\/\/github\.com\/\.extraheader' && git config --local --unset-all 'http.https://github.com/.extraheader' || :"
2025-10-02T06:24:10.5755860Z Cleaning up orphan processes
