2025-10-02T06:23:38.2453700Z Current runner version: '2.328.0'
2025-10-02T06:23:38.2467050Z ##[group]Runner Image Provisioner
2025-10-02T06:23:38.2467530Z Hosted Compute Agent
2025-10-02T06:23:38.2467860Z Version: 20250912.392
2025-10-02T06:23:38.2468240Z Commit: d921fda672a98b64f4f82364647e2f10b2267d0b
2025-10-02T06:23:38.2468770Z Build Date: 2025-09-12T15:23:14Z
2025-10-02T06:23:38.2469140Z ##[endgroup]
2025-10-02T06:23:38.2469460Z ##[group]Operating System
2025-10-02T06:23:38.2469810Z macOS
2025-10-02T06:23:38.2470100Z 15.6.1
2025-10-02T06:23:38.2470390Z 24G90
2025-10-02T06:23:38.2470670Z ##[endgroup]
2025-10-02T06:23:38.2470970Z ##[group]Runner Image
2025-10-02T06:23:38.2471290Z Image: macos-15-arm64
2025-10-02T06:23:38.2471610Z Version: 20250922.2357
2025-10-02T06:23:38.2472300Z Included Software: https://github.com/actions/runner-images/blob/macos-15-arm64/20250922.2357/images/macos/macos-15-arm64-Readme.md
2025-10-02T06:23:38.2473300Z Image Release: https://github.com/actions/runner-images/releases/tag/macos-15-arm64%2F20250922.2357
2025-10-02T06:23:38.2473890Z ##[endgroup]
2025-10-02T06:23:38.2474570Z ##[group]GITHUB_TOKEN Permissions
2025-10-02T06:23:38.2475510Z Contents: read
2025-10-02T06:23:38.2475810Z Metadata: read
2025-10-02T06:23:38.2476110Z Packages: read
2025-10-02T06:23:38.2476410Z ##[endgroup]
2025-10-02T06:23:38.2477660Z Secret source: Actions
2025-10-02T06:23:38.2478050Z Prepare workflow directory
2025-10-02T06:23:38.2727230Z Prepare all required actions
2025-10-02T06:23:38.2752650Z Getting action download info
2025-10-02T06:23:38.6050240Z Download action repository 'actions/checkout@v4' (SHA:08eba0b27e820071cde6df949e0beb9ba4906955)
2025-10-02T06:23:38.9659260Z Download action repository 'dtolnay/rust-toolchain@stable' (SHA:5d458579430fc14a04a08a1e7d3694f545e91ce6)
2025-10-02T06:23:39.6852950Z Download action repository 'actions/cache@v3' (SHA:6f8efc29b200d32929f49075959781ed54ec270c)
2025-10-02T06:23:40.9490730Z Complete job name: Test (macos-latest, stable)
2025-10-02T06:23:40.9909940Z ##[group]Run actions/checkout@v4
2025-10-02T06:23:40.9910700Z with:
2025-10-02T06:23:40.9911180Z   repository: shunrin824/gnt2influx
2025-10-02T06:23:40.9912000Z   token: ***
2025-10-02T06:23:40.9912470Z   ssh-strict: true
2025-10-02T06:23:40.9912950Z   ssh-user: git
2025-10-02T06:23:40.9913470Z   persist-credentials: true
2025-10-02T06:23:40.9914060Z   clean: true
2025-10-02T06:23:40.9914590Z   sparse-checkout-cone-mode: true
2025-10-02T06:23:40.9915230Z   fetch-depth: 1
2025-10-02T06:23:40.9915720Z   fetch-tags: false
2025-10-02T06:23:40.9916230Z   show-progress: true
2025-10-02T06:23:40.9916880Z   lfs: false
2025-10-02T06:23:40.9917560Z   submodules: false
2025-10-02T06:23:40.9918330Z   set-safe-directory: true
2025-10-02T06:23:40.9919270Z env:
2025-10-02T06:23:40.9919740Z   CARGO_TERM_COLOR: always
2025-10-02T06:23:40.9920290Z ##[endgroup]
2025-10-02T06:23:41.2653760Z Syncing repository: shunrin824/gnt2influx
2025-10-02T06:23:41.2655820Z ##[group]Getting Git version info
2025-10-02T06:23:41.2656900Z Working directory is '/Users/runner/work/gnt2influx/gnt2influx'
2025-10-02T06:23:41.2658220Z [command]/opt/homebrew/bin/git version
2025-10-02T06:23:41.3181070Z git version 2.50.1
2025-10-02T06:23:41.3206500Z ##[endgroup]
2025-10-02T06:23:41.3213210Z Copying '/Users/runner/.gitconfig' to '/Users/runner/work/_temp/4bc233cd-c02d-4b33-8baf-fba67d91b249/.gitconfig'
2025-10-02T06:23:41.3223520Z Temporarily overriding HOME='/Users/runner/work/_temp/4bc233cd-c02d-4b33-8baf-fba67d91b249' before making global git config changes
2025-10-02T06:23:41.3225620Z Adding repository directory to the temporary git global config as a safe directory
2025-10-02T06:23:41.3227820Z [command]/opt/homebrew/bin/git config --global --add safe.directory /Users/runner/work/gnt2influx/gnt2influx
2025-10-02T06:23:41.3312180Z Deleting the contents of '/Users/runner/work/gnt2influx/gnt2influx'
2025-10-02T06:23:41.3314440Z ##[group]Initializing the repository
2025-10-02T06:23:41.3317900Z [command]/opt/homebrew/bin/git init /Users/runner/work/gnt2influx/gnt2influx
2025-10-02T06:23:41.3502100Z hint: Using 'master' as the name for the initial branch. This default branch name
2025-10-02T06:23:41.3503980Z hint: is subject to change. To configure the initial branch name to use in all
2025-10-02T06:23:41.3505280Z hint: of your new repositories, which will suppress this warning, call:
2025-10-02T06:23:41.3506170Z hint:
2025-10-02T06:23:41.3506770Z hint: 	git config --global init.defaultBranch <name>
2025-10-02T06:23:41.3507500Z hint:
2025-10-02T06:23:41.3508200Z hint: Names commonly chosen instead of 'master' are 'main', 'trunk' and
2025-10-02T06:23:41.3509380Z hint: 'development'. The just-created branch can be renamed via this command:
2025-10-02T06:23:41.3510300Z hint:
2025-10-02T06:23:41.3510760Z hint: 	git branch -m <name>
2025-10-02T06:23:41.3511310Z hint:
2025-10-02T06:23:41.3512060Z hint: Disable this message with "git config set advice.defaultBranchName false"
2025-10-02T06:23:41.3513420Z Initialized empty Git repository in /Users/runner/work/gnt2influx/gnt2influx/.git/
2025-10-02T06:23:41.3515820Z [command]/opt/homebrew/bin/git remote add origin https://github.com/shunrin824/gnt2influx
2025-10-02T06:23:41.3573940Z ##[endgroup]
2025-10-02T06:23:41.3574940Z ##[group]Disabling automatic garbage collection
2025-10-02T06:23:41.3575860Z [command]/opt/homebrew/bin/git config --local gc.auto 0
2025-10-02T06:23:41.3622780Z ##[endgroup]
2025-10-02T06:23:41.3623640Z ##[group]Setting up auth
2025-10-02T06:23:41.3626710Z [command]/opt/homebrew/bin/git config --local --name-only --get-regexp core\.sshCommand
2025-10-02T06:23:41.3672650Z [command]/opt/homebrew/bin/git submodule foreach --recursive sh -c "git config --local --name-only --get-regexp 'core\.sshCommand' && git config --local --unset-all 'core.sshCommand' || :"
2025-10-02T06:23:41.5158760Z [command]/opt/homebrew/bin/git config --local --name-only --get-regexp http\.https\:\/\/github\.com\/\.extraheader
2025-10-02T06:23:41.5427610Z [command]/opt/homebrew/bin/git submodule foreach --recursive sh -c "git config --local --name-only --get-regexp 'http\.https\:\/\/github\.com\/\.extraheader' && git config --local --unset-all 'http.https://github.com/.extraheader' || :"
2025-10-02T06:23:41.6062400Z [command]/opt/homebrew/bin/git config --local http.https://github.com/.extraheader AUTHORIZATION: basic ***
2025-10-02T06:23:41.6124140Z ##[endgroup]
2025-10-02T06:23:41.6125300Z ##[group]Fetching the repository
2025-10-02T06:23:41.6130330Z [command]/opt/homebrew/bin/git -c protocol.version=2 fetch --no-tags --prune --no-recurse-submodules --depth=1 origin +3e66a8e9dcf2922cac496904b3d5a092fea76653:refs/remotes/origin/master
2025-10-02T06:23:42.2541280Z From https://github.com/shunrin824/gnt2influx
2025-10-02T06:23:42.2542550Z  * [new ref]         3e66a8e9dcf2922cac496904b3d5a092fea76653 -> origin/master
2025-10-02T06:23:42.2607280Z ##[endgroup]
2025-10-02T06:23:42.2608170Z ##[group]Determining the checkout info
2025-10-02T06:23:42.2609220Z ##[endgroup]
2025-10-02T06:23:42.2610500Z [command]/opt/homebrew/bin/git sparse-checkout disable
2025-10-02T06:23:42.2676500Z [command]/opt/homebrew/bin/git config --local --unset-all extensions.worktreeConfig
2025-10-02T06:23:42.2731290Z ##[group]Checking out the ref
2025-10-02T06:23:42.2733640Z [command]/opt/homebrew/bin/git checkout --progress --force -B master refs/remotes/origin/master
2025-10-02T06:23:42.2871540Z Reset branch 'master'
2025-10-02T06:23:42.2974320Z branch 'master' set up to track 'origin/master'.
2025-10-02T06:23:42.3194130Z ##[endgroup]
2025-10-02T06:23:42.3196210Z [command]/opt/homebrew/bin/git log -1 --format=%H
2025-10-02T06:23:42.3197400Z 3e66a8e9dcf2922cac496904b3d5a092fea76653
2025-10-02T06:23:42.3480560Z ##[group]Run dtolnay/rust-toolchain@stable
2025-10-02T06:23:42.3481310Z with:
2025-10-02T06:23:42.3481770Z   toolchain: stable
2025-10-02T06:23:42.3482310Z   components: rustfmt, clippy
2025-10-02T06:23:42.3482890Z env:
2025-10-02T06:23:42.3483350Z   CARGO_TERM_COLOR: always
2025-10-02T06:23:42.3483900Z ##[endgroup]
2025-10-02T06:23:42.3608280Z ##[group]Run : parse toolchain version
2025-10-02T06:23:42.3609540Z [36;1m: parse toolchain version[0m
2025-10-02T06:23:42.3610190Z [36;1mif [[ -z $toolchain ]]; then[0m
2025-10-02T06:23:42.3611350Z [36;1m  # GitHub does not enforce `required: true` inputs itself. https://github.com/actions/runner/issues/1070[0m
2025-10-02T06:23:42.3612600Z [36;1m  echo "'toolchain' is a required input" >&2[0m
2025-10-02T06:23:42.3613280Z [36;1m  exit 1[0m
2025-10-02T06:23:42.3614030Z [36;1melif [[ $toolchain =~ ^stable' '[0-9]+' '(year|month|week|day)s?' 'ago$ ]]; then[0m
2025-10-02T06:23:42.3614960Z [36;1m  if [[ macOS == macOS ]]; then[0m
2025-10-02T06:23:42.3616120Z [36;1m    echo "toolchain=1.$((($(date -v-$(sed 's/stable \([0-9]*\) \(.\).*/\1\2/' <<< $toolchain) +%s)/60/60/24-16569)/7/6))" >> $GITHUB_OUTPUT[0m
2025-10-02T06:23:42.3617290Z [36;1m  else[0m
2025-10-02T06:23:42.3618220Z [36;1m    echo "toolchain=1.$((($(date --date "${toolchain#stable }" +%s)/60/60/24-16569)/7/6))" >> $GITHUB_OUTPUT[0m
2025-10-02T06:23:42.3619290Z [36;1m  fi[0m
2025-10-02T06:23:42.3619980Z [36;1melif [[ $toolchain =~ ^stable' 'minus' '[0-9]+' 'releases?$ ]]; then[0m
2025-10-02T06:23:42.3621210Z [36;1m  echo "toolchain=1.$((($(date +%s)/60/60/24-16569)/7/6-${toolchain//[^0-9]/}))" >> $GITHUB_OUTPUT[0m
2025-10-02T06:23:42.3622300Z [36;1melif [[ $toolchain =~ ^1\.[0-9]+$ ]]; then[0m
2025-10-02T06:23:42.3623530Z [36;1m  echo "toolchain=1.$((i=${toolchain#1.}, c=($(date +%s)/60/60/24-16569)/7/6, i+9*i*(10*i<=c)+90*i*(100*i<=c)))" >> $GITHUB_OUTPUT[0m
2025-10-02T06:23:42.3624730Z [36;1melse[0m
2025-10-02T06:23:42.3625310Z [36;1m  echo "toolchain=$toolchain" >> $GITHUB_OUTPUT[0m
2025-10-02T06:23:42.3626010Z [36;1mfi[0m
2025-10-02T06:23:42.3671320Z shell: /bin/bash --noprofile --norc -e -o pipefail {0}
2025-10-02T06:23:42.3672090Z env:
2025-10-02T06:23:42.3672530Z   CARGO_TERM_COLOR: always
2025-10-02T06:23:42.3673070Z   toolchain: stable
2025-10-02T06:23:42.3673640Z ##[endgroup]
2025-10-02T06:23:42.3987270Z ##[group]Run : construct rustup command line
2025-10-02T06:23:42.3988310Z [36;1m: construct rustup command line[0m
2025-10-02T06:23:42.3989340Z [36;1mecho "targets=$(for t in ${targets//,/ }; do echo -n ' --target' $t; done)" >> $GITHUB_OUTPUT[0m
2025-10-02T06:23:42.3990810Z [36;1mecho "components=$(for c in ${components//,/ }; do echo -n ' --component' $c; done)" >> $GITHUB_OUTPUT[0m
2025-10-02T06:23:42.3991960Z [36;1mecho "downgrade=" >> $GITHUB_OUTPUT[0m
2025-10-02T06:23:42.4025500Z shell: /bin/bash --noprofile --norc -e -o pipefail {0}
2025-10-02T06:23:42.4026270Z env:
2025-10-02T06:23:42.4026740Z   CARGO_TERM_COLOR: always
2025-10-02T06:23:42.4027330Z   targets: 
2025-10-02T06:23:42.4027830Z   components: rustfmt, clippy
2025-10-02T06:23:42.4028420Z ##[endgroup]
2025-10-02T06:23:42.4298090Z ##[group]Run : set $CARGO_HOME
2025-10-02T06:23:42.4298750Z [36;1m: set $CARGO_HOME[0m
2025-10-02T06:23:42.4299510Z [36;1mecho CARGO_HOME=${CARGO_HOME:-"$HOME/.cargo"} >> $GITHUB_ENV[0m
2025-10-02T06:23:42.4331390Z shell: /bin/bash --noprofile --norc -e -o pipefail {0}
2025-10-02T06:23:42.4332150Z env:
2025-10-02T06:23:42.4332570Z   CARGO_TERM_COLOR: always
2025-10-02T06:23:42.4333070Z ##[endgroup]
2025-10-02T06:23:42.4593980Z ##[group]Run : install rustup if needed
2025-10-02T06:23:42.4594750Z [36;1m: install rustup if needed[0m
2025-10-02T06:23:42.4595430Z [36;1mif ! command -v rustup &>/dev/null; then[0m
2025-10-02T06:23:42.4597100Z [36;1m  curl --proto '=https' --tlsv1.2 --retry 10 --retry-connrefused --location --silent --show-error --fail https://sh.rustup.rs | sh -s -- --default-toolchain none -y[0m
2025-10-02T06:23:42.4599120Z [36;1m  echo "$CARGO_HOME/bin" >> $GITHUB_PATH[0m
2025-10-02T06:23:42.4599820Z [36;1mfi[0m
2025-10-02T06:23:42.4634440Z shell: /bin/bash --noprofile --norc -e -o pipefail {0}
2025-10-02T06:23:42.4635210Z env:
2025-10-02T06:23:42.4635670Z   CARGO_TERM_COLOR: always
2025-10-02T06:23:42.4636270Z   CARGO_HOME: /Users/runner/.cargo
2025-10-02T06:23:42.4636870Z ##[endgroup]
2025-10-02T06:23:42.4902250Z ##[group]Run rustup toolchain install stable --component rustfmt --component clippy --profile minimal --no-self-update
2025-10-02T06:23:42.4904410Z [36;1mrustup toolchain install stable --component rustfmt --component clippy --profile minimal --no-self-update[0m
2025-10-02T06:23:42.4939390Z shell: /bin/bash --noprofile --norc -e -o pipefail {0}
2025-10-02T06:23:42.4940220Z env:
2025-10-02T06:23:42.4940680Z   CARGO_TERM_COLOR: always
2025-10-02T06:23:42.4941300Z   CARGO_HOME: /Users/runner/.cargo
2025-10-02T06:23:42.4941940Z ##[endgroup]
2025-10-02T06:23:42.5522990Z info: syncing channel updates for 'stable-aarch64-apple-darwin'
2025-10-02T06:23:42.8531940Z info: latest update on 2025-09-18, rust version 1.90.0 (1159e78c4 2025-09-14)
2025-10-02T06:23:42.8532970Z info: downloading component 'cargo'
2025-10-02T06:23:43.0126120Z info: downloading component 'clippy'
2025-10-02T06:23:43.1127330Z info: downloading component 'rust-std'
2025-10-02T06:23:43.4729920Z info: downloading component 'rustc'
2025-10-02T06:23:44.0581240Z info: downloading component 'rustfmt'
2025-10-02T06:23:44.1639150Z info: installing component 'cargo'
2025-10-02T06:23:44.8437470Z info: installing component 'clippy'
2025-10-02T06:23:45.1543720Z info: installing component 'rust-std'
2025-10-02T06:23:46.8630020Z info: installing component 'rustc'
2025-10-02T06:23:50.1204980Z info: installing component 'rustfmt'
2025-10-02T06:23:50.4018700Z 
2025-10-02T06:23:50.5143330Z info: self-update is disabled for this build of rustup
2025-10-02T06:23:50.5143920Z   stable-aarch64-apple-darwin installed - rustc 1.90.0 (1159e78c4 2025-09-14)
2025-10-02T06:23:50.5149290Z info: any updates to rustup will need to be fetched with your system package manager
2025-10-02T06:23:50.5149560Z 
2025-10-02T06:23:50.5250710Z ##[group]Run rustup default stable
2025-10-02T06:23:50.5251100Z [36;1mrustup default stable[0m
2025-10-02T06:23:50.5307920Z shell: /bin/bash --noprofile --norc -e -o pipefail {0}
2025-10-02T06:23:50.5308240Z env:
2025-10-02T06:23:50.5308500Z   CARGO_TERM_COLOR: always
2025-10-02T06:23:50.5308720Z   CARGO_HOME: /Users/runner/.cargo
2025-10-02T06:23:50.5308920Z ##[endgroup]
2025-10-02T06:23:50.5845980Z info: using existing install for 'stable-aarch64-apple-darwin'
2025-10-02T06:23:50.6077320Z info: default toolchain set to 'stable-aarch64-apple-darwin'
2025-10-02T06:23:50.6077590Z 
2025-10-02T06:23:50.6162470Z   stable-aarch64-apple-darwin unchanged - rustc 1.90.0 (1159e78c4 2025-09-14)
2025-10-02T06:23:50.6172420Z 
2025-10-02T06:23:50.6195860Z ##[group]Run : create cachekey
2025-10-02T06:23:50.6196130Z [36;1m: create cachekey[0m
2025-10-02T06:23:50.6196520Z [36;1mDATE=$(rustc +stable --version --verbose | sed -ne 's/^commit-date: \(20[0-9][0-9]\)-\([01][0-9]\)-\([0-3][0-9]\)$/\1\2\3/p')[0m
2025-10-02T06:23:50.6197020Z [36;1mHASH=$(rustc +stable --version --verbose | sed -ne 's/^commit-hash: //p')[0m
2025-10-02T06:23:50.6197400Z [36;1mecho "cachekey=$(echo $DATE$HASH | head -c12)" >> $GITHUB_OUTPUT[0m
2025-10-02T06:23:50.6228270Z shell: /bin/bash --noprofile --norc -e -o pipefail {0}
2025-10-02T06:23:50.6228580Z env:
2025-10-02T06:23:50.6228780Z   CARGO_TERM_COLOR: always
2025-10-02T06:23:50.6228980Z   CARGO_HOME: /Users/runner/.cargo
2025-10-02T06:23:50.6229200Z ##[endgroup]
2025-10-02T06:23:50.6985370Z ##[group]Run : disable incremental compilation
2025-10-02T06:23:50.6985920Z [36;1m: disable incremental compilation[0m
2025-10-02T06:23:50.6986320Z [36;1mif [ -z "${CARGO_INCREMENTAL+set}" ]; then[0m
2025-10-02T06:23:50.6986650Z [36;1m  echo CARGO_INCREMENTAL=0 >> $GITHUB_ENV[0m
2025-10-02T06:23:50.6986970Z [36;1mfi[0m
2025-10-02T06:23:50.7031340Z shell: /bin/bash --noprofile --norc -e -o pipefail {0}
2025-10-02T06:23:50.7031810Z env:
2025-10-02T06:23:50.7032030Z   CARGO_TERM_COLOR: always
2025-10-02T06:23:50.7032340Z   CARGO_HOME: /Users/runner/.cargo
2025-10-02T06:23:50.7032560Z ##[endgroup]
2025-10-02T06:23:50.7367910Z ##[group]Run : enable colors in Cargo output
2025-10-02T06:23:50.7368230Z [36;1m: enable colors in Cargo output[0m
2025-10-02T06:23:50.7368480Z [36;1mif [ -z "${CARGO_TERM_COLOR+set}" ]; then[0m
2025-10-02T06:23:50.7376180Z [36;1m  echo CARGO_TERM_COLOR=always >> $GITHUB_ENV[0m
2025-10-02T06:23:50.7376400Z [36;1mfi[0m
2025-10-02T06:23:50.7413270Z shell: /bin/bash --noprofile --norc -e -o pipefail {0}
2025-10-02T06:23:50.7413600Z env:
2025-10-02T06:23:50.7413760Z   CARGO_TERM_COLOR: always
2025-10-02T06:23:50.7413990Z   CARGO_HOME: /Users/runner/.cargo
2025-10-02T06:23:50.7414170Z   CARGO_INCREMENTAL: 0
2025-10-02T06:23:50.7414360Z ##[endgroup]
2025-10-02T06:23:50.7758550Z ##[group]Run : enable Cargo sparse registry
2025-10-02T06:23:50.7758860Z [36;1m: enable Cargo sparse registry[0m
2025-10-02T06:23:50.7759130Z [36;1m# implemented in 1.66, stabilized in 1.68, made default in 1.70[0m
2025-10-02T06:23:50.7759610Z [36;1mif [ -z "${CARGO_REGISTRIES_CRATES_IO_PROTOCOL+set}" -o -f "/Users/runner/work/_temp"/.implicit_cargo_registries_crates_io_protocol ]; then[0m
2025-10-02T06:23:50.7760110Z [36;1m  if rustc +stable --version --verbose | grep -q '^release: 1\.6[89]\.'; then[0m
2025-10-02T06:23:50.7760570Z [36;1m    touch "/Users/runner/work/_temp"/.implicit_cargo_registries_crates_io_protocol || true[0m
2025-10-02T06:23:50.7760980Z [36;1m    echo CARGO_REGISTRIES_CRATES_IO_PROTOCOL=sparse >> $GITHUB_ENV[0m
2025-10-02T06:23:50.7761320Z [36;1m  elif rustc +stable --version --verbose | grep -q '^release: 1\.6[67]\.'; then[0m
2025-10-02T06:23:50.7761710Z [36;1m    touch "/Users/runner/work/_temp"/.implicit_cargo_registries_crates_io_protocol || true[0m
2025-10-02T06:23:50.7762210Z [36;1m    echo CARGO_REGISTRIES_CRATES_IO_PROTOCOL=git >> $GITHUB_ENV[0m
2025-10-02T06:23:50.7762450Z [36;1m  fi[0m
2025-10-02T06:23:50.7762580Z [36;1mfi[0m
2025-10-02T06:23:50.7793910Z shell: /bin/bash --noprofile --norc -e -o pipefail {0}
2025-10-02T06:23:50.7794150Z env:
2025-10-02T06:23:50.7794280Z   CARGO_TERM_COLOR: always
2025-10-02T06:23:50.7794490Z   CARGO_HOME: /Users/runner/.cargo
2025-10-02T06:23:50.7794670Z   CARGO_INCREMENTAL: 0
2025-10-02T06:23:50.7794850Z ##[endgroup]
2025-10-02T06:23:50.8425430Z ##[group]Run : work around spurious network errors in curl 8.0
2025-10-02T06:23:50.8425820Z [36;1m: work around spurious network errors in curl 8.0[0m
2025-10-02T06:23:50.8426250Z [36;1m# https://rust-lang.zulipchat.com/#narrow/stream/246057-t-cargo/topic/timeout.20investigation[0m
2025-10-02T06:23:50.8426700Z [36;1mif rustc +stable --version --verbose | grep -q '^release: 1\.7[01]\.'; then[0m
2025-10-02T06:23:50.8427040Z [36;1m  echo CARGO_HTTP_MULTIPLEXING=false >> $GITHUB_ENV[0m
2025-10-02T06:23:50.8427260Z [36;1mfi[0m
2025-10-02T06:23:50.8459100Z shell: /bin/bash --noprofile --norc -e -o pipefail {0}
2025-10-02T06:23:50.8459360Z env:
2025-10-02T06:23:50.8459500Z   CARGO_TERM_COLOR: always
2025-10-02T06:23:50.8459670Z   CARGO_HOME: /Users/runner/.cargo
2025-10-02T06:23:50.8459860Z   CARGO_INCREMENTAL: 0
2025-10-02T06:23:50.8460010Z ##[endgroup]
2025-10-02T06:23:50.8908210Z ##[group]Run rustc +stable --version --verbose
2025-10-02T06:23:50.8908520Z [36;1mrustc +stable --version --verbose[0m
2025-10-02T06:23:50.8940270Z shell: /bin/bash --noprofile --norc -e -o pipefail {0}
2025-10-02T06:23:50.8940510Z env:
2025-10-02T06:23:50.8940660Z   CARGO_TERM_COLOR: always
2025-10-02T06:23:50.8940840Z   CARGO_HOME: /Users/runner/.cargo
2025-10-02T06:23:50.8941020Z   CARGO_INCREMENTAL: 0
2025-10-02T06:23:50.8941180Z ##[endgroup]
2025-10-02T06:23:50.9378840Z rustc 1.90.0 (1159e78c4 2025-09-14)
2025-10-02T06:23:50.9412230Z binary: rustc
2025-10-02T06:23:50.9412880Z commit-hash: 1159e78c4747b02ef996e55082b704c09b970588
2025-10-02T06:23:50.9413670Z commit-date: 2025-09-14
2025-10-02T06:23:50.9414020Z host: aarch64-apple-darwin
2025-10-02T06:23:50.9414400Z release: 1.90.0
2025-10-02T06:23:50.9414960Z LLVM version: 20.1.8
2025-10-02T06:23:51.0266920Z ##[group]Run actions/cache@v3
2025-10-02T06:23:51.0267160Z with:
2025-10-02T06:23:51.0267300Z   path: ~/.cargo/registry
2025-10-02T06:23:51.0267650Z   key: macOS-cargo-registry-ec3c6112cc8a5edfc9f2c1a3466b4b38ea0701746b086b761ada5a5a15ddadc8
2025-10-02T06:23:51.0268340Z   enableCrossOsArchive: false
2025-10-02T06:23:51.0268520Z   fail-on-cache-miss: false
2025-10-02T06:23:51.0268690Z   lookup-only: false
2025-10-02T06:23:51.0268830Z env:
2025-10-02T06:23:51.0268960Z   CARGO_TERM_COLOR: always
2025-10-02T06:23:51.0269130Z   CARGO_HOME: /Users/runner/.cargo
2025-10-02T06:23:51.0269350Z   CARGO_INCREMENTAL: 0
2025-10-02T06:23:51.0269500Z ##[endgroup]
2025-10-02T06:23:51.3120360Z Cache not found for input keys: macOS-cargo-registry-ec3c6112cc8a5edfc9f2c1a3466b4b38ea0701746b086b761ada5a5a15ddadc8
2025-10-02T06:23:51.3957160Z ##[group]Run actions/cache@v3
2025-10-02T06:23:51.3957390Z with:
2025-10-02T06:23:51.3957660Z   path: ~/.cargo/git
2025-10-02T06:23:51.3958040Z   key: macOS-cargo-index-ec3c6112cc8a5edfc9f2c1a3466b4b38ea0701746b086b761ada5a5a15ddadc8
2025-10-02T06:23:51.3958470Z   enableCrossOsArchive: false
2025-10-02T06:23:51.3958730Z   fail-on-cache-miss: false
2025-10-02T06:23:51.3958910Z   lookup-only: false
2025-10-02T06:23:51.3959150Z env:
2025-10-02T06:23:51.3959360Z   CARGO_TERM_COLOR: always
2025-10-02T06:23:51.3959600Z   CARGO_HOME: /Users/runner/.cargo
2025-10-02T06:23:51.3959940Z   CARGO_INCREMENTAL: 0
2025-10-02T06:23:51.3960140Z ##[endgroup]
2025-10-02T06:23:51.6529310Z Cache not found for input keys: macOS-cargo-index-ec3c6112cc8a5edfc9f2c1a3466b4b38ea0701746b086b761ada5a5a15ddadc8
2025-10-02T06:23:51.7280800Z ##[group]Run actions/cache@v3
2025-10-02T06:23:51.7281010Z with:
2025-10-02T06:23:51.7281140Z   path: target
2025-10-02T06:23:51.7281440Z   key: macOS-cargo-build-target-ec3c6112cc8a5edfc9f2c1a3466b4b38ea0701746b086b761ada5a5a15ddadc8
2025-10-02T06:23:51.7281800Z   enableCrossOsArchive: false
2025-10-02T06:23:51.7281960Z   fail-on-cache-miss: false
2025-10-02T06:23:51.7282130Z   lookup-only: false
2025-10-02T06:23:51.7282260Z env:
2025-10-02T06:23:51.7282390Z   CARGO_TERM_COLOR: always
2025-10-02T06:23:51.7282540Z   CARGO_HOME: /Users/runner/.cargo
2025-10-02T06:23:51.7282720Z   CARGO_INCREMENTAL: 0
2025-10-02T06:23:51.7282890Z ##[endgroup]
2025-10-02T06:23:51.9865250Z Cache not found for input keys: macOS-cargo-build-target-ec3c6112cc8a5edfc9f2c1a3466b4b38ea0701746b086b761ada5a5a15ddadc8
2025-10-02T06:23:51.9888880Z ##[group]Run cargo fmt -- --check
2025-10-02T06:23:51.9889160Z [36;1mcargo fmt -- --check[0m
2025-10-02T06:23:51.9930940Z shell: /bin/bash -e {0}
2025-10-02T06:23:51.9931140Z env:
2025-10-02T06:23:51.9931270Z   CARGO_TERM_COLOR: always
2025-10-02T06:23:51.9931440Z   CARGO_HOME: /Users/runner/.cargo
2025-10-02T06:23:51.9931600Z   CARGO_INCREMENTAL: 0
2025-10-02T06:23:51.9931740Z ##[endgroup]
2025-10-02T06:23:52.2306250Z ##[group]Run cargo clippy -- -D warnings
2025-10-02T06:23:52.2306540Z [36;1mcargo clippy -- -D warnings[0m
2025-10-02T06:23:52.2339090Z shell: /bin/bash -e {0}
2025-10-02T06:23:52.2339290Z env:
2025-10-02T06:23:52.2339520Z   CARGO_TERM_COLOR: always
2025-10-02T06:23:52.2339690Z   CARGO_HOME: /Users/runner/.cargo
2025-10-02T06:23:52.2339870Z   CARGO_INCREMENTAL: 0
2025-10-02T06:23:52.2340080Z ##[endgroup]
2025-10-02T06:23:52.4220940Z [1m[32m    Updating[0m crates.io index
2025-10-02T06:23:53.3967320Z [1m[32m Downloading[0m crates ...
2025-10-02T06:23:53.6109660Z [1m[32m  Downloaded[0m anstream v0.6.20
2025-10-02T06:23:53.6353470Z [1m[32m  Downloaded[0m anstyle v1.0.13
2025-10-02T06:23:53.6381060Z [1m[32m  Downloaded[0m anstyle-query v1.1.4
2025-10-02T06:23:53.6454520Z [1m[32m  Downloaded[0m anstyle-parse v0.2.7
2025-10-02T06:23:53.6482250Z [1m[32m  Downloaded[0m colorchoice v1.0.4
2025-10-02T06:23:53.6509660Z [1m[32m  Downloaded[0m is_terminal_polyfill v1.70.1
2025-10-02T06:23:53.6751640Z [1m[32m  Downloaded[0m smallvec v1.15.1
2025-10-02T06:23:53.6799580Z [1m[32m  Downloaded[0m stable_deref_trait v1.2.0
2025-10-02T06:23:53.6982850Z [1m[32m  Downloaded[0m synstructure v0.13.2
2025-10-02T06:23:53.7172260Z [1m[32m  Downloaded[0m cfg-if v1.0.3
2025-10-02T06:23:53.7194920Z [1m[32m  Downloaded[0m autocfg v1.5.0
2025-10-02T06:23:53.7231160Z [1m[32m  Downloaded[0m aho-corasick v1.1.3
2025-10-02T06:23:53.7341040Z [1m[32m  Downloaded[0m bitflags v1.3.2
2025-10-02T06:23:53.7401120Z [1m[32m  Downloaded[0m clap_derive v4.5.47
2025-10-02T06:23:53.7445020Z [1m[32m  Downloaded[0m anyhow v1.0.100
2025-10-02T06:23:53.7527980Z [1m[32m  Downloaded[0m futures-channel v0.3.31
2025-10-02T06:23:53.7573530Z [1m[32m  Downloaded[0m getrandom v0.2.16
2025-10-02T06:23:53.8028600Z [1m[32m  Downloaded[0m untrusted v0.9.0
2025-10-02T06:23:53.8076110Z [1m[32m  Downloaded[0m utf8_iter v1.0.4
2025-10-02T06:23:53.8086550Z [1m[32m  Downloaded[0m writeable v0.6.1
2025-10-02T06:23:53.8127190Z [1m[32m  Downloaded[0m zerofrom-derive v0.1.6
2025-10-02T06:23:53.8163560Z [1m[32m  Downloaded[0m zerotrie v0.2.2
2025-10-02T06:23:53.8257750Z [1m[32m  Downloaded[0m zerovec-derive v0.11.1
2025-10-02T06:23:53.8317590Z [1m[32m  Downloaded[0m utf8parse v0.2.2
2025-10-02T06:23:53.8353550Z [1m[32m  Downloaded[0m toml_write v0.1.2
2025-10-02T06:23:53.8398370Z [1m[32m  Downloaded[0m winnow v0.7.13
2025-10-02T06:23:53.8985740Z [1m[32m  Downloaded[0m socket2 v0.5.10
2025-10-02T06:23:53.9080370Z [1m[32m  Downloaded[0m tracing v0.1.41
2025-10-02T06:23:53.9210500Z [1m[32m  Downloaded[0m tracing-core v0.1.34
2025-10-02T06:23:53.9310310Z [1m[32m  Downloaded[0m httpdate v1.0.3
2025-10-02T06:23:53.9370900Z [1m[32m  Downloaded[0m toml_edit v0.22.27
2025-10-02T06:23:53.9475710Z [1m[32m  Downloaded[0m ryu v1.0.20
2025-10-02T06:23:53.9548630Z [1m[32m  Downloaded[0m shlex v1.3.0
2025-10-02T06:23:53.9592220Z [1m[32m  Downloaded[0m serde_core v1.0.228
2025-10-02T06:23:54.0014000Z [1m[32m  Downloaded[0m serde_json v1.0.145
2025-10-02T06:23:54.0165200Z [1m[32m  Downloaded[0m reqwest v0.11.27
2025-10-02T06:23:54.0288260Z [1m[32m  Downloaded[0m serde_derive v1.0.228
2025-10-02T06:23:54.0353890Z [1m[32m  Downloaded[0m webpki-roots v0.25.4
2025-10-02T06:23:54.0418190Z [1m[32m  Downloaded[0m proc-macro2 v1.0.101
2025-10-02T06:23:54.0751560Z [1m[32m  Downloaded[0m serde v1.0.228
2025-10-02T06:23:54.0853810Z [1m[32m  Downloaded[0m pin-project-lite v0.2.16
2025-10-02T06:23:54.0958680Z [1m[32m  Downloaded[0m mime v0.3.17
2025-10-02T06:23:54.0988820Z [1m[32m  Downloaded[0m quote v1.0.41
2025-10-02T06:23:54.1040670Z [1m[32m  Downloaded[0m socket2 v0.6.0
2025-10-02T06:23:54.1079900Z [1m[32m  Downloaded[0m rustls v0.21.12
2025-10-02T06:23:54.1600830Z [1m[32m  Downloaded[0m regex-syntax v0.8.6
2025-10-02T06:23:54.1716030Z [1m[32m  Downloaded[0m parking_lot_core v0.9.11
2025-10-02T06:23:54.1757250Z [1m[32m  Downloaded[0m num-traits v0.2.19
2025-10-02T06:23:54.1817830Z [1m[32m  Downloaded[0m lock_api v0.4.13
2025-10-02T06:23:54.1838610Z [1m[32m  Downloaded[0m regex-automata v0.4.11
2025-10-02T06:23:54.2477130Z [1m[32m  Downloaded[0m influxdb v0.7.2
2025-10-02T06:23:54.2510440Z [1m[32m  Downloaded[0m litemap v0.8.0
2025-10-02T06:23:54.2552360Z [1m[32m  Downloaded[0m lazy_static v1.5.0
2025-10-02T06:23:54.2597290Z [1m[32m  Downloaded[0m itoa v1.0.15
2025-10-02T06:23:54.2623680Z [1m[32m  Downloaded[0m icu_provider v2.0.0
2025-10-02T06:23:54.2668100Z [1m[32m  Downloaded[0m icu_properties v2.0.1
2025-10-02T06:23:54.2716510Z [1m[32m  Downloaded[0m hyper-rustls v0.24.2
2025-10-02T06:23:54.2760270Z [1m[32m  Downloaded[0m futures-macro v0.3.31
2025-10-02T06:23:54.2781150Z [1m[32m  Downloaded[0m icu_normalizer v2.0.0
2025-10-02T06:23:54.3122490Z [1m[32m  Downloaded[0m csv v1.3.1
2025-10-02T06:23:54.3390510Z [1m[32m  Downloaded[0m icu_locale_core v2.0.0
2025-10-02T06:23:54.3528900Z [1m[32m  Downloaded[0m icu_collections v2.0.0
2025-10-02T06:23:54.3670560Z [1m[32m  Downloaded[0m libc v0.2.176
2025-10-02T06:23:54.4637010Z [1m[32m  Downloaded[0m hashbrown v0.16.0
2025-10-02T06:23:54.4783370Z [1m[32m  Downloaded[0m h2 v0.3.27
2025-10-02T06:23:54.4898100Z [1m[32m  Downloaded[0m chrono v0.4.42
2025-10-02T06:23:54.5006770Z [1m[32m  Downloaded[0m httparse v1.10.1
2025-10-02T06:23:54.5052510Z [1m[32m  Downloaded[0m heck v0.5.0
2025-10-02T06:23:54.5075670Z [1m[32m  Downloaded[0m futures-task v0.3.31
2025-10-02T06:23:54.5095740Z [1m[32m  Downloaded[0m fnv v1.0.7
2025-10-02T06:23:54.5112060Z [1m[32m  Downloaded[0m env_logger v0.10.2
2025-10-02T06:23:54.5443020Z [1m[32m  Downloaded[0m displaydoc v0.2.5
2025-10-02T06:23:54.5498520Z [1m[32m  Downloaded[0m csv-core v0.1.12
2025-10-02T06:23:54.5521430Z [1m[32m  Downloaded[0m core-foundation-sys v0.8.7
2025-10-02T06:23:54.5581130Z [1m[32m  Downloaded[0m clap_lex v0.7.5
2025-10-02T06:23:54.5599300Z [1m[32m  Downloaded[0m clap v4.5.48
2025-10-02T06:23:54.6081570Z [1m[32m  Downloaded[0m cc v1.2.39
2025-10-02T06:23:54.6129500Z [1m[32m  Downloaded[0m bytes v1.10.1
2025-10-02T06:23:54.6206290Z [1m[32m  Downloaded[0m toml v0.8.23
2025-10-02T06:23:54.6243230Z [1m[32m  Downloaded[0m thiserror v1.0.69
2025-10-02T06:23:54.6359220Z [1m[32m  Downloaded[0m termcolor v1.4.1
2025-10-02T06:23:54.6389720Z [1m[32m  Downloaded[0m slab v0.4.11
2025-10-02T06:23:54.6417590Z [1m[32m  Downloaded[0m signal-hook-registry v1.4.6
2025-10-02T06:23:54.6451720Z [1m[32m  Downloaded[0m serde_urlencoded v0.7.1
2025-10-02T06:23:54.6771560Z [1m[32m  Downloaded[0m rustls-webpki v0.101.7
2025-10-02T06:23:54.7072440Z [1m[32m  Downloaded[0m regex v1.11.3
2025-10-02T06:23:54.7495110Z [1m[32m  Downloaded[0m tokio-macros v2.5.0
2025-10-02T06:23:54.7511160Z [1m[32m  Downloaded[0m tokio v1.47.1
2025-10-02T06:23:54.8864160Z [1m[32m  Downloaded[0m thiserror-impl v1.0.69
2025-10-02T06:23:54.8887650Z [1m[32m  Downloaded[0m serde_spanned v0.6.9
2025-10-02T06:23:54.8904390Z [1m[32m  Downloaded[0m sct v0.7.1
2025-10-02T06:23:54.8976450Z [1m[32m  Downloaded[0m scopeguard v1.2.0
2025-10-02T06:23:54.8996470Z [1m[32m  Downloaded[0m rustls-pemfile v1.0.4
2025-10-02T06:23:54.9128650Z [1m[32m  Downloaded[0m pin-utils v0.1.0
2025-10-02T06:23:54.9158580Z [1m[32m  Downloaded[0m parking_lot v0.12.4
2025-10-02T06:23:54.9159040Z [1m[32m  Downloaded[0m mio v1.0.4
2025-10-02T06:23:54.9516190Z [1m[32m  Downloaded[0m idna v1.1.0
2025-10-02T06:23:54.9572140Z [1m[32m  Downloaded[0m memchr v2.7.6
2025-10-02T06:23:54.9666410Z [1m[32m  Downloaded[0m icu_properties_data v2.0.1
2025-10-02T06:23:54.9865380Z [1m[32m  Downloaded[0m toml_datetime v0.6.11
2025-10-02T06:23:54.9883130Z [1m[32m  Downloaded[0m tokio-rustls v0.24.1
2025-10-02T06:23:55.0232640Z [1m[32m  Downloaded[0m system-configuration-sys v0.5.0
2025-10-02T06:23:55.0258860Z [1m[32m  Downloaded[0m system-configuration v0.5.1
2025-10-02T06:23:55.0279790Z [1m[32m  Downloaded[0m percent-encoding v2.3.2
2025-10-02T06:23:55.0292630Z [1m[32m  Downloaded[0m encoding_rs v0.8.35
2025-10-02T06:23:55.0580590Z [1m[32m  Downloaded[0m once_cell v1.21.3
2025-10-02T06:23:55.0621630Z [1m[32m  Downloaded[0m ring v0.17.14
2025-10-02T06:23:55.2275580Z [1m[32m  Downloaded[0m zerovec v0.11.4
2025-10-02T06:23:55.2374620Z [1m[32m  Downloaded[0m potential_utf v0.1.3
2025-10-02T06:23:55.2387230Z [1m[32m  Downloaded[0m log v0.4.28
2025-10-02T06:23:55.2426640Z [1m[32m  Downloaded[0m icu_normalizer_data v2.0.0
2025-10-02T06:23:55.2462750Z [1m[32m  Downloaded[0m hyper v0.14.32
2025-10-02T06:23:55.2998560Z [1m[32m  Downloaded[0m is-terminal v0.4.16
2025-10-02T06:23:55.3011270Z [1m[32m  Downloaded[0m ipnet v2.11.0
2025-10-02T06:23:55.3038140Z [1m[32m  Downloaded[0m zerofrom v0.1.6
2025-10-02T06:23:55.3071150Z [1m[32m  Downloaded[0m yoke-derive v0.8.0
2025-10-02T06:23:55.3072960Z [1m[32m  Downloaded[0m yoke v0.8.0
2025-10-02T06:23:55.3101490Z [1m[32m  Downloaded[0m indexmap v2.11.4
2025-10-02T06:23:55.3170330Z [1m[32m  Downloaded[0m iana-time-zone v0.1.64
2025-10-02T06:23:55.3217590Z [1m[32m  Downloaded[0m want v0.3.1
2025-10-02T06:23:55.3229990Z [1m[32m  Downloaded[0m url v2.5.7
2025-10-02T06:23:55.3269290Z [1m[32m  Downloaded[0m tokio-util v0.7.16
2025-10-02T06:23:55.3766100Z [1m[32m  Downloaded[0m sync_wrapper v0.1.2
2025-10-02T06:23:55.3779520Z [1m[32m  Downloaded[0m syn v2.0.106
2025-10-02T06:23:55.3983010Z [1m[32m  Downloaded[0m http-body v0.4.6
2025-10-02T06:23:55.4018760Z [1m[32m  Downloaded[0m http v0.2.12
2025-10-02T06:23:55.4076950Z [1m[32m  Downloaded[0m futures-util v0.3.31
2025-10-02T06:23:55.4643100Z [1m[32m  Downloaded[0m clap_builder v4.5.48
2025-10-02T06:23:55.4747690Z [1m[32m  Downloaded[0m unicode-ident v1.0.19
2025-10-02T06:23:55.4793520Z [1m[32m  Downloaded[0m try-lock v0.2.5
2025-10-02T06:23:55.4805390Z [1m[32m  Downloaded[0m tower-service v0.3.3
2025-10-02T06:23:55.4814980Z [1m[32m  Downloaded[0m tinystr v0.8.1
2025-10-02T06:23:55.4844410Z [1m[32m  Downloaded[0m idna_adapter v1.2.1
2025-10-02T06:23:55.5137760Z [1m[32m  Downloaded[0m humantime v2.3.0
2025-10-02T06:23:55.5165780Z [1m[32m  Downloaded[0m futures-sink v0.3.31
2025-10-02T06:23:55.5176030Z [1m[32m  Downloaded[0m futures-core v0.3.31
2025-10-02T06:23:55.5194820Z [1m[32m  Downloaded[0m form_urlencoded v1.2.2
2025-10-02T06:23:55.5223350Z [1m[32m  Downloaded[0m find-msvc-tools v0.1.2
2025-10-02T06:23:55.5236770Z [1m[32m  Downloaded[0m equivalent v1.0.2
2025-10-02T06:23:55.5253260Z [1m[32m  Downloaded[0m core-foundation v0.9.4
2025-10-02T06:23:55.5293670Z [1m[32m  Downloaded[0m base64 v0.21.7
2025-10-02T06:23:55.5362740Z [1m[32m  Downloaded[0m strsim v0.11.1
2025-10-02T06:23:55.5723280Z [1m[32m   Compiling[0m proc-macro2 v1.0.101
2025-10-02T06:23:55.5740850Z [1m[32m   Compiling[0m quote v1.0.41
2025-10-02T06:23:55.5745920Z [1m[32m   Compiling[0m unicode-ident v1.0.19
2025-10-02T06:23:55.8248180Z [1m[32m   Compiling[0m libc v0.2.176
2025-10-02T06:23:57.8335810Z [1m[32m   Compiling[0m autocfg v1.5.0
2025-10-02T06:23:58.1405790Z [1m[32m    Checking[0m cfg-if v1.0.3
2025-10-02T06:23:58.1508740Z [1m[32m    Checking[0m stable_deref_trait v1.2.0
2025-10-02T06:23:58.1601010Z [1m[32m   Compiling[0m serde_core v1.0.228
2025-10-02T06:23:58.3076710Z [1m[32m   Compiling[0m syn v2.0.106
2025-10-02T06:23:58.3177870Z [1m[32m    Checking[0m smallvec v1.15.1
2025-10-02T06:23:58.4102970Z [1m[32m   Compiling[0m find-msvc-tools v0.1.2
2025-10-02T06:23:58.5244530Z [1m[32m   Compiling[0m serde v1.0.228
2025-10-02T06:23:58.6590700Z [1m[32m   Compiling[0m shlex v1.3.0
2025-10-02T06:23:58.7421200Z [1m[32m   Compiling[0m cc v1.2.39
2025-10-02T06:23:59.5262880Z [1m[32m   Compiling[0m lock_api v0.4.13
2025-10-02T06:23:59.6534800Z [1m[32m    Checking[0m pin-project-lite v0.2.16
2025-10-02T06:23:59.6937140Z [1m[32m   Compiling[0m parking_lot_core v0.9.11
2025-10-02T06:23:59.7340270Z [1m[32m   Compiling[0m ring v0.17.14
2025-10-02T06:23:59.8764010Z [1m[32m    Checking[0m scopeguard v1.2.0
2025-10-02T06:23:59.9074210Z [1m[32m    Checking[0m bytes v1.10.1
2025-10-02T06:24:00.0149640Z [1m[32m    Checking[0m itoa v1.0.15
2025-10-02T06:24:00.3728770Z [1m[32m    Checking[0m writeable v0.6.1
2025-10-02T06:24:00.4749070Z [1m[32m   Compiling[0m synstructure v0.13.2
2025-10-02T06:24:00.8033730Z [1m[32m    Checking[0m litemap v0.8.0
2025-10-02T06:24:00.9001420Z [1m[32m    Checking[0m parking_lot v0.12.4
2025-10-02T06:24:01.0033470Z [1m[32m    Checking[0m getrandom v0.2.16
2025-10-02T06:24:01.0635210Z [1m[32m    Checking[0m socket2 v0.6.0
2025-10-02T06:24:01.1994010Z [1m[32m    Checking[0m signal-hook-registry v1.4.6
2025-10-02T06:24:01.2614640Z [1m[32m    Checking[0m mio v1.0.4
2025-10-02T06:24:01.4357590Z [1m[32m   Compiling[0m icu_properties_data v2.0.1
2025-10-02T06:24:01.5554480Z [1m[32m   Compiling[0m zerofrom-derive v0.1.6
2025-10-02T06:24:01.5606590Z [1m[32m   Compiling[0m yoke-derive v0.8.0
2025-10-02T06:24:02.1268570Z [1m[32m   Compiling[0m zerovec-derive v0.11.1
2025-10-02T06:24:02.3005520Z [1m[32m    Checking[0m zerofrom v0.1.6
2025-10-02T06:24:02.3390160Z [1m[32m    Checking[0m yoke v0.8.0
2025-10-02T06:24:02.4123830Z [1m[32m   Compiling[0m displaydoc v0.2.5
2025-10-02T06:24:02.7614900Z [1m[32m    Checking[0m zerovec v0.11.4
2025-10-02T06:24:02.8012330Z [1m[32m   Compiling[0m serde_derive v1.0.228
2025-10-02T06:24:03.1973080Z [1m[32m    Checking[0m tinystr v0.8.1
2025-10-02T06:24:03.2756130Z [1m[32m    Checking[0m icu_locale_core v2.0.0
2025-10-02T06:24:03.3860530Z [1m[32m    Checking[0m potential_utf v0.1.3
2025-10-02T06:24:03.4233120Z [1m[32m    Checking[0m zerotrie v0.2.2
2025-10-02T06:24:03.5366060Z [1m[32m   Compiling[0m tokio-macros v2.5.0
2025-10-02T06:24:03.5500050Z [1m[32m    Checking[0m memchr v2.7.6
2025-10-02T06:24:03.7442490Z [1m[32m    Checking[0m futures-core v0.3.31
2025-10-02T06:24:03.8047490Z [1m[32m    Checking[0m untrusted v0.9.0
2025-10-02T06:24:03.8601360Z [1m[32m    Checking[0m equivalent v1.0.2
2025-10-02T06:24:03.8825080Z [1m[32m   Compiling[0m icu_normalizer_data v2.0.0
2025-10-02T06:24:03.8926320Z [1m[32m    Checking[0m hashbrown v0.16.0
2025-10-02T06:24:03.9813240Z [1m[32m    Checking[0m tokio v1.47.1
2025-10-02T06:24:04.1860470Z [1m[32m    Checking[0m indexmap v2.11.4
2025-10-02T06:24:04.8174670Z [1m[32m    Checking[0m icu_provider v2.0.0
2025-10-02T06:24:04.9331600Z [1m[32m    Checking[0m icu_collections v2.0.0
2025-10-02T06:24:05.1070060Z [1m[32m    Checking[0m core-foundation-sys v0.8.7
2025-10-02T06:24:05.1153630Z [1m[32m    Checking[0m fnv v1.0.7
2025-10-02T06:24:05.1372410Z [1m[32m    Checking[0m once_cell v1.21.3
2025-10-02T06:24:05.2031680Z [1m[32m    Checking[0m tracing-core v0.1.34
2025-10-02T06:24:05.2090100Z [1m[32m    Checking[0m http v0.2.12
2025-10-02T06:24:05.4800140Z [1m[32m   Compiling[0m futures-macro v0.3.31
2025-10-02T06:24:05.5349340Z [1m[32m   Compiling[0m rustls v0.21.12
2025-10-02T06:24:05.6754920Z [1m[32m    Checking[0m futures-sink v0.3.31
2025-10-02T06:24:05.7186400Z [1m[32m    Checking[0m log v0.4.28
2025-10-02T06:24:05.7992680Z [1m[32m   Compiling[0m httparse v1.10.1
2025-10-02T06:24:05.9292830Z [1m[32m    Checking[0m pin-utils v0.1.0
2025-10-02T06:24:05.9502930Z [1m[32m    Checking[0m slab v0.4.11
2025-10-02T06:24:06.0110410Z [1m[32m    Checking[0m futures-task v0.3.31
2025-10-02T06:24:06.0639210Z [1m[32m    Checking[0m tokio-util v0.7.16
2025-10-02T06:24:06.0694560Z [1m[32m    Checking[0m futures-util v0.3.31
2025-10-02T06:24:06.0795210Z [1m[32m    Checking[0m icu_normalizer v2.0.0
2025-10-02T06:24:06.2333620Z [1m[32m    Checking[0m icu_properties v2.0.1
2025-10-02T06:24:06.2879010Z [1m[32m    Checking[0m tracing v0.1.41
2025-10-02T06:24:06.3713000Z [1m[32m    Checking[0m rustls-webpki v0.101.7
2025-10-02T06:24:06.5520150Z [1m[32m    Checking[0m sct v0.7.1
2025-10-02T06:24:06.6186410Z [1m[32m    Checking[0m percent-encoding v2.3.2
2025-10-02T06:24:06.6724700Z [1m[32m   Compiling[0m system-configuration-sys v0.5.0
2025-10-02T06:24:06.7936320Z [1m[32m    Checking[0m try-lock v0.2.5
2025-10-02T06:24:06.8037900Z [1m[32m    Checking[0m ryu v1.0.20
2025-10-02T06:24:06.8278650Z [1m[32m    Checking[0m want v0.3.1
2025-10-02T06:24:06.8540530Z [1m[32m    Checking[0m idna_adapter v1.2.1
2025-10-02T06:24:06.8820470Z [1m[32m    Checking[0m form_urlencoded v1.2.2
2025-10-02T06:24:07.0065650Z [1m[32m    Checking[0m h2 v0.3.27
2025-10-02T06:24:07.0261840Z [1m[32m    Checking[0m http-body v0.4.6
2025-10-02T06:24:07.1083710Z [1m[32m    Checking[0m futures-channel v0.3.31
2025-10-02T06:24:07.1893280Z [1m[32m    Checking[0m aho-corasick v1.1.3
2025-10-02T06:24:07.5842570Z [1m[32m    Checking[0m socket2 v0.5.10
2025-10-02T06:24:07.7047720Z [1m[32m   Compiling[0m num-traits v0.2.19
2025-10-02T06:24:07.7149180Z [1m[32m    Checking[0m tower-service v0.3.3
2025-10-02T06:24:07.7441840Z [1m[32m    Checking[0m regex-syntax v0.8.6
2025-10-02T06:24:07.8064640Z [1m[32m    Checking[0m httpdate v1.0.3
2025-10-02T06:24:07.8596910Z [1m[32m    Checking[0m utf8parse v0.2.2
2025-10-02T06:24:07.8987510Z [1m[32m    Checking[0m utf8_iter v1.0.4
2025-10-02T06:24:07.9615780Z [1m[32m    Checking[0m idna v1.1.0
2025-10-02T06:24:08.0936210Z [1m[32m    Checking[0m anstyle-parse v0.2.7
2025-10-02T06:24:08.2349640Z [1m[32m    Checking[0m tokio-rustls v0.24.1
2025-10-02T06:24:08.3597150Z [1m[32m    Checking[0m core-foundation v0.9.4
2025-10-02T06:24:08.4306980Z [1m[32m    Checking[0m hyper v0.14.32
2025-10-02T06:24:08.5245360Z [1m[32m    Checking[0m bitflags v1.3.2
2025-10-02T06:24:08.5546630Z [1m[32m    Checking[0m colorchoice v1.0.4
2025-10-02T06:24:08.5850310Z [1m[32m    Checking[0m is_terminal_polyfill v1.70.1
2025-10-02T06:24:08.6164450Z [1m[32m   Compiling[0m thiserror v1.0.69
2025-10-02T06:24:08.7760190Z [1m[32m   Compiling[0m serde_json v1.0.145
2025-10-02T06:24:08.8782860Z [1m[32m    Checking[0m base64 v0.21.7
2025-10-02T06:24:08.9787440Z [1m[32m    Checking[0m regex-automata v0.4.11
2025-10-02T06:24:08.9987910Z [1m[32m    Checking[0m anstyle v1.0.13
2025-10-02T06:24:09.0894580Z [1m[32m    Checking[0m anstyle-query v1.1.4
2025-10-02T06:24:09.1196240Z [1m[32m    Checking[0m anstream v0.6.20
2025-10-02T06:24:09.2241300Z [1m[32m    Checking[0m rustls-pemfile v1.0.4
2025-10-02T06:24:09.3324750Z [1m[32m    Checking[0m system-configuration v0.5.1
2025-10-02T06:24:09.7842950Z [1m[32m    Checking[0m url v2.5.7
2025-10-02T06:24:10.0349500Z [1m[32m    Checking[0m serde_urlencoded v0.7.1
2025-10-02T06:24:10.1356530Z [1m[32m    Checking[0m iana-time-zone v0.1.64
2025-10-02T06:24:10.1858810Z [1m[32m    Checking[0m serde_spanned v0.6.9
2025-10-02T06:24:10.2525410Z [1m[32m    Checking[0m hyper-rustls v0.24.2
2025-10-02T06:24:10.2653390Z [1m[32m    Checking[0m toml_datetime v0.6.11
2025-10-02T06:24:10.3273840Z [1m[32m    Checking[0m regex v1.11.3
2025-10-02T06:24:10.3379850Z [1m[32m   Compiling[0m thiserror-impl v1.0.69
2025-10-02T06:24:10.3483730Z [1m[32m    Checking[0m encoding_rs v0.8.35
2025-10-02T06:24:10.5498390Z [1m[32m    Checking[0m ipnet v2.11.0
2025-10-02T06:24:10.6601510Z [1m[32m    Checking[0m strsim v0.11.1
2025-10-02T06:24:10.7366510Z [1m[32m    Checking[0m clap_lex v0.7.5
2025-10-02T06:24:10.7985890Z [1m[32m   Compiling[0m anyhow v1.0.100
2025-10-02T06:24:10.9713890Z [1m[32m   Compiling[0m heck v0.5.0
2025-10-02T06:24:11.0805600Z [1m[32m    Checking[0m winnow v0.7.13
2025-10-02T06:24:11.2512000Z [1m[32m    Checking[0m mime v0.3.17
2025-10-02T06:24:11.3314960Z [1m[32m    Checking[0m webpki-roots v0.25.4
2025-10-02T06:24:11.3817260Z [1m[32m    Checking[0m sync_wrapper v0.1.2
2025-10-02T06:24:11.4121440Z [1m[32m    Checking[0m toml_write v0.1.2
2025-10-02T06:24:11.5226240Z [1m[32m   Compiling[0m clap_derive v4.5.47
2025-10-02T06:24:11.5929530Z [1m[32m    Checking[0m reqwest v0.11.27
2025-10-02T06:24:12.0747880Z [1m[32m    Checking[0m clap_builder v4.5.48
2025-10-02T06:24:12.4566510Z [1m[32m    Checking[0m toml_edit v0.22.27
2025-10-02T06:24:12.8553850Z [1m[32m    Checking[0m chrono v0.4.42
2025-10-02T06:24:13.6395590Z [1m[32m    Checking[0m csv-core v0.1.12
2025-10-02T06:24:13.7198970Z [1m[32m    Checking[0m is-terminal v0.4.16
2025-10-02T06:24:13.7664380Z [1m[32m    Checking[0m lazy_static v1.5.0
2025-10-02T06:24:13.8087090Z [1m[32m    Checking[0m termcolor v1.4.1
2025-10-02T06:24:13.8204160Z [1m[32m    Checking[0m humantime v2.3.0
2025-10-02T06:24:13.8629560Z [1m[32m    Checking[0m toml v0.8.23
2025-10-02T06:24:13.9133720Z [1m[32m    Checking[0m influxdb v0.7.2
2025-10-02T06:24:13.9535490Z [1m[32m    Checking[0m env_logger v0.10.2
2025-10-02T06:24:14.0638850Z [1m[32m    Checking[0m csv v1.3.1
2025-10-02T06:24:14.1597590Z [1m[32m    Checking[0m clap v4.5.48
2025-10-02T06:24:14.2799820Z [1m[32m    Checking[0m gnt2influx v0.1.0 (/Users/runner/work/gnt2influx/gnt2influx)
2025-10-02T06:24:14.5514490Z [0m[1m[38;5;9merror[0m[0m[1m: this `if` statement can be collapsed[0m
2025-10-02T06:24:14.5515250Z [0m   [0m[0m[1m[38;5;12m--> [0m[0msrc/parser.rs:258:5[0m
2025-10-02T06:24:14.5515670Z [0m    [0m[0m[1m[38;5;12m|[0m
2025-10-02T06:24:14.5520300Z [0m[1m[38;5;12m258[0m[0m [0m[0m[1m[38;5;12m|[0m[0m [0m[0m[1m[38;5;9m/[0m[0m [0m[0m    if let Ok(timestamp) = value.parse::<i64>() {[0m
2025-10-02T06:24:14.5521950Z [0m[1m[38;5;12m259[0m[0m [0m[0m[1m[38;5;12m|[0m[0m [0m[0m[1m[38;5;9m|[0m[0m [0m[0m        if let Some(dt) = DateTime::from_timestamp(timestamp, 0) {[0m
2025-10-02T06:24:14.5522580Z [0m[1m[38;5;12m260[0m[0m [0m[0m[1m[38;5;12m|[0m[0m [0m[0m[1m[38;5;9m|[0m[0m [0m[0m            return Ok(dt);[0m
2025-10-02T06:24:14.5523460Z [0m[1m[38;5;12m261[0m[0m [0m[0m[1m[38;5;12m|[0m[0m [0m[0m[1m[38;5;9m|[0m[0m [0m[0m        }[0m
2025-10-02T06:24:14.5524000Z [0m[1m[38;5;12m262[0m[0m [0m[0m[1m[38;5;12m|[0m[0m [0m[0m[1m[38;5;9m|[0m[0m [0m[0m    }[0m
2025-10-02T06:24:14.5524490Z [0m    [0m[0m[1m[38;5;12m|[0m[0m [0m[0m[1m[38;5;9m|_____^[0m
2025-10-02T06:24:14.5524940Z [0m    [0m[0m[1m[38;5;12m|[0m
2025-10-02T06:24:14.5525770Z [0m    [0m[0m[1m[38;5;12m= [0m[0m[1mhelp[0m[0m: for further information visit https://rust-lang.github.io/rust-clippy/master/index.html#collapsible_if[0m
2025-10-02T06:24:14.5526490Z [0m    [0m[0m[1m[38;5;12m= [0m[0m[1mnote[0m[0m: `-D clippy::collapsible-if` implied by `-D warnings`[0m
2025-10-02T06:24:14.5527200Z [0m    [0m[0m[1m[38;5;12m= [0m[0m[1mhelp[0m[0m: to override `-D warnings` add `#[allow(clippy::collapsible_if)]`[0m
2025-10-02T06:24:14.5527910Z [0m[1m[38;5;14mhelp[0m[0m: collapse nested if block[0m
2025-10-02T06:24:14.5528300Z [0m    [0m[0m[1m[38;5;12m|[0m
2025-10-02T06:24:14.5528850Z [0m[1m[38;5;12m258[0m[0m [0m[0m[38;5;10m~ [0m[0m    if let Ok(timestamp) = value.parse::<i64>()[0m
2025-10-02T06:24:14.5529610Z [0m[1m[38;5;12m259[0m[0m [0m[0m[38;5;10m~ [0m[0m        [0m[0m[38;5;10m&&[0m[0m let Some(dt) = DateTime::from_timestamp(timestamp, 0) {[0m
2025-10-02T06:24:14.5530380Z [0m[1m[38;5;12m260[0m[0m [0m[0m[1m[38;5;12m|[0m[0m             return Ok(dt);[0m
2025-10-02T06:24:14.5530860Z [0m[1m[38;5;12m261[0m[0m [0m[0m[38;5;10m~ [0m[0m        }[0m
2025-10-02T06:24:14.5531300Z [0m    [0m[0m[1m[38;5;12m|[0m
2025-10-02T06:24:14.5531520Z 
2025-10-02T06:24:14.5654980Z [1m[31merror[0m[1m:[0m could not compile `gnt2influx` (bin "gnt2influx") due to 1 previous error
2025-10-02T06:24:14.6213800Z ##[error]The operation was canceled.
2025-10-02T06:24:14.6368200Z Post job cleanup.
2025-10-02T06:24:14.8072390Z [command]/opt/homebrew/bin/git version
2025-10-02T06:24:14.8233980Z git version 2.50.1
2025-10-02T06:24:14.8256420Z Copying '/Users/runner/.gitconfig' to '/Users/runner/work/_temp/f59fc76e-e3c7-4f11-b8c3-b8b7c5413192/.gitconfig'
2025-10-02T06:24:14.8265400Z Temporarily overriding HOME='/Users/runner/work/_temp/f59fc76e-e3c7-4f11-b8c3-b8b7c5413192' before making global git config changes
2025-10-02T06:24:14.8266140Z Adding repository directory to the temporary git global config as a safe directory
2025-10-02T06:24:14.8275930Z [command]/opt/homebrew/bin/git config --global --add safe.directory /Users/runner/work/gnt2influx/gnt2influx
2025-10-02T06:24:14.8372090Z [command]/opt/homebrew/bin/git config --local --name-only --get-regexp core\.sshCommand
2025-10-02T06:24:14.8430180Z [command]/opt/homebrew/bin/git submodule foreach --recursive sh -c "git config --local --name-only --get-regexp 'core\.sshCommand' && git config --local --unset-all 'core.sshCommand' || :"
2025-10-02T06:24:14.9270970Z [command]/opt/homebrew/bin/git config --local --name-only --get-regexp http\.https\:\/\/github\.com\/\.extraheader
2025-10-02T06:24:14.9328090Z http.https://github.com/.extraheader
2025-10-02T06:24:14.9407270Z [command]/opt/homebrew/bin/git config --local --unset-all http.https://github.com/.extraheader
2025-10-02T06:24:14.9485370Z [command]/opt/homebrew/bin/git submodule foreach --recursive sh -c "git config --local --name-only --get-regexp 'http\.https\:\/\/github\.com\/\.extraheader' && git config --local --unset-all 'http.https://github.com/.extraheader' || :"
2025-10-02T06:24:15.0579090Z Cleaning up orphan processes
