2025-10-02T06:11:08.9639117Z ##[group]Run dtolnay/rust-toolchain@stable
2025-10-02T06:11:08.9640240Z with:
2025-10-02T06:11:08.9641118Z   toolchain: stable
2025-10-02T06:11:08.9641919Z env:
2025-10-02T06:11:08.9642683Z   CARGO_TERM_COLOR: always
2025-10-02T06:11:08.9643570Z ##[endgroup]
2025-10-02T06:11:08.9781181Z ##[group]Run : parse toolchain version
2025-10-02T06:11:08.9782473Z [36;1m: parse toolchain version[0m
2025-10-02T06:11:08.9783511Z [36;1mif [[ -z $toolchain ]]; then[0m
2025-10-02T06:11:08.9785176Z [36;1m  # GitHub does not enforce `required: true` inputs itself. https://github.com/actions/runner/issues/1070[0m
2025-10-02T06:11:08.9786943Z [36;1m  echo "'toolchain' is a required input" >&2[0m
2025-10-02T06:11:08.9788238Z [36;1m  exit 1[0m
2025-10-02T06:11:08.9789355Z [36;1melif [[ $toolchain =~ ^stable' '[0-9]+' '(year|month|week|day)s?' 'ago$ ]]; then[0m
2025-10-02T06:11:08.9790723Z [36;1m  if [[ Linux == macOS ]]; then[0m
2025-10-02T06:11:08.9792434Z [36;1m    echo "toolchain=1.$((($(date -v-$(sed 's/stable \([0-9]*\) \(.\).*/\1\2/' <<< $toolchain) +%s)/60/60/24-16569)/7/6))" >> $GITHUB_OUTPUT[0m
2025-10-02T06:11:08.9794076Z [36;1m  else[0m
2025-10-02T06:11:08.9795401Z [36;1m    echo "toolchain=1.$((($(date --date "${toolchain#stable }" +%s)/60/60/24-16569)/7/6))" >> $GITHUB_OUTPUT[0m
2025-10-02T06:11:08.9796902Z [36;1m  fi[0m
2025-10-02T06:11:08.9797936Z [36;1melif [[ $toolchain =~ ^stable' 'minus' '[0-9]+' 'releases?$ ]]; then[0m
2025-10-02T06:11:08.9799659Z [36;1m  echo "toolchain=1.$((($(date +%s)/60/60/24-16569)/7/6-${toolchain//[^0-9]/}))" >> $GITHUB_OUTPUT[0m
2025-10-02T06:11:08.9801242Z [36;1melif [[ $toolchain =~ ^1\.[0-9]+$ ]]; then[0m
2025-10-02T06:11:08.9802937Z [36;1m  echo "toolchain=1.$((i=${toolchain#1.}, c=($(date +%s)/60/60/24-16569)/7/6, i+9*i*(10*i<=c)+90*i*(100*i<=c)))" >> $GITHUB_OUTPUT[0m
2025-10-02T06:11:08.9804536Z [36;1melse[0m
2025-10-02T06:11:08.9805411Z [36;1m  echo "toolchain=$toolchain" >> $GITHUB_OUTPUT[0m
2025-10-02T06:11:08.9806456Z [36;1mfi[0m
2025-10-02T06:11:08.9834885Z shell: /usr/bin/bash --noprofile --norc -e -o pipefail {0}
2025-10-02T06:11:08.9836097Z env:
2025-10-02T06:11:08.9836815Z   CARGO_TERM_COLOR: always
2025-10-02T06:11:08.9837660Z   toolchain: stable
2025-10-02T06:11:08.9838406Z ##[endgroup]
2025-10-02T06:11:08.9996820Z ##[group]Run : construct rustup command line
2025-10-02T06:11:08.9997966Z [36;1m: construct rustup command line[0m
2025-10-02T06:11:08.9999448Z [36;1mecho "targets=$(for t in ${targets//,/ }; do echo -n ' --target' $t; done)" >> $GITHUB_OUTPUT[0m
2025-10-02T06:11:09.0001740Z [36;1mecho "components=$(for c in ${components//,/ }; do echo -n ' --component' $c; done)" >> $GITHUB_OUTPUT[0m
2025-10-02T06:11:09.0003393Z [36;1mecho "downgrade=" >> $GITHUB_OUTPUT[0m
2025-10-02T06:11:09.0026949Z shell: /usr/bin/bash --noprofile --norc -e -o pipefail {0}
2025-10-02T06:11:09.0028136Z env:
2025-10-02T06:11:09.0028840Z   CARGO_TERM_COLOR: always
2025-10-02T06:11:09.0029661Z   targets: 
2025-10-02T06:11:09.0030367Z   components: 
2025-10-02T06:11:09.0031287Z ##[endgroup]
2025-10-02T06:11:09.0132104Z ##[group]Run : set $CARGO_HOME
2025-10-02T06:11:09.0133062Z [36;1m: set $CARGO_HOME[0m
2025-10-02T06:11:09.0134211Z [36;1mecho CARGO_HOME=${CARGO_HOME:-"$HOME/.cargo"} >> $GITHUB_ENV[0m
2025-10-02T06:11:09.0156148Z shell: /usr/bin/bash --noprofile --norc -e -o pipefail {0}
2025-10-02T06:11:09.0157301Z env:
2025-10-02T06:11:09.0158007Z   CARGO_TERM_COLOR: always
2025-10-02T06:11:09.0158833Z ##[endgroup]
2025-10-02T06:11:09.0283613Z ##[group]Run : install rustup if needed
2025-10-02T06:11:09.0285341Z [36;1m: install rustup if needed[0m
2025-10-02T06:11:09.0287065Z [36;1mif ! command -v rustup &>/dev/null; then[0m
2025-10-02T06:11:09.0291145Z [36;1m  curl --proto '=https' --tlsv1.2 --retry 10 --retry-connrefused --location --silent --show-error --fail https://sh.rustup.rs | sh -s -- --default-toolchain none -y[0m
2025-10-02T06:11:09.0295128Z [36;1m  echo "$CARGO_HOME/bin" >> $GITHUB_PATH[0m
2025-10-02T06:11:09.0296868Z [36;1mfi[0m
2025-10-02T06:11:09.0332279Z shell: /usr/bin/bash --noprofile --norc -e -o pipefail {0}
2025-10-02T06:11:09.0333866Z env:
2025-10-02T06:11:09.0334832Z   CARGO_TERM_COLOR: always
2025-10-02T06:11:09.0335975Z   CARGO_HOME: /home/runner/.cargo
2025-10-02T06:11:09.0337264Z ##[endgroup]
2025-10-02T06:11:09.0446093Z ##[group]Run rustup toolchain install stable --profile minimal --no-self-update
2025-10-02T06:11:09.0447897Z [36;1mrustup toolchain install stable --profile minimal --no-self-update[0m
2025-10-02T06:11:09.0472477Z shell: /usr/bin/bash --noprofile --norc -e -o pipefail {0}
2025-10-02T06:11:09.0473622Z env:
2025-10-02T06:11:09.0474326Z   CARGO_TERM_COLOR: always
2025-10-02T06:11:09.0475349Z   CARGO_HOME: /home/runner/.cargo
2025-10-02T06:11:09.0476240Z ##[endgroup]
2025-10-02T06:11:09.5856976Z info: syncing channel updates for 'stable-x86_64-unknown-linux-gnu'
2025-10-02T06:11:09.9433015Z info: latest update on 2025-09-18, rust version 1.90.0 (1159e78c4 2025-09-14)
2025-10-02T06:11:09.9434474Z info: downloading component 'cargo'
2025-10-02T06:11:10.1998518Z info: downloading component 'rust-std'
2025-10-02T06:11:10.6382016Z info: downloading component 'rustc'
2025-10-02T06:11:11.6807961Z info: installing component 'cargo'
2025-10-02T06:11:12.4522648Z info: installing component 'rust-std'
2025-10-02T06:11:14.5287639Z info: installing component 'rustc'
2025-10-02T06:11:19.9845431Z 
2025-10-02T06:11:19.9947518Z   stable-x86_64-unknown-linux-gnu installed - rustc 1.90.0 (1159e78c4 2025-09-14)
2025-10-02T06:11:19.9948145Z 
2025-10-02T06:11:19.9993660Z ##[group]Run rustup default stable
2025-10-02T06:11:19.9993970Z [36;1mrustup default stable[0m
2025-10-02T06:11:20.0013707Z shell: /usr/bin/bash --noprofile --norc -e -o pipefail {0}
2025-10-02T06:11:20.0014059Z env:
2025-10-02T06:11:20.0014249Z   CARGO_TERM_COLOR: always
2025-10-02T06:11:20.0014498Z   CARGO_HOME: /home/runner/.cargo
2025-10-02T06:11:20.0014716Z ##[endgroup]
2025-10-02T06:11:20.0104234Z info: using existing install for 'stable-x86_64-unknown-linux-gnu'
2025-10-02T06:11:20.0415844Z info: default toolchain set to 'stable-x86_64-unknown-linux-gnu'
2025-10-02T06:11:20.0416368Z 
2025-10-02T06:11:20.0514688Z   stable-x86_64-unknown-linux-gnu unchanged - rustc 1.90.0 (1159e78c4 2025-09-14)
2025-10-02T06:11:20.0515477Z 
2025-10-02T06:11:20.0551224Z ##[group]Run : create cachekey
2025-10-02T06:11:20.0551595Z [36;1m: create cachekey[0m
2025-10-02T06:11:20.0552022Z [36;1mDATE=$(rustc +stable --version --verbose | sed -ne 's/^commit-date: \(20[0-9][0-9]\)-\([01][0-9]\)-\([0-3][0-9]\)$/\1\2\3/p')[0m
2025-10-02T06:11:20.0552574Z [36;1mHASH=$(rustc +stable --version --verbose | sed -ne 's/^commit-hash: //p')[0m
2025-10-02T06:11:20.0553006Z [36;1mecho "cachekey=$(echo $DATE$HASH | head -c12)" >> $GITHUB_OUTPUT[0m
2025-10-02T06:11:20.0572637Z shell: /usr/bin/bash --noprofile --norc -e -o pipefail {0}
2025-10-02T06:11:20.0572945Z env:
2025-10-02T06:11:20.0573161Z   CARGO_TERM_COLOR: always
2025-10-02T06:11:20.0573398Z   CARGO_HOME: /home/runner/.cargo
2025-10-02T06:11:20.0573636Z ##[endgroup]
2025-10-02T06:11:20.0975587Z ##[group]Run : disable incremental compilation
2025-10-02T06:11:20.0975943Z [36;1m: disable incremental compilation[0m
2025-10-02T06:11:20.0976283Z [36;1mif [ -z "${CARGO_INCREMENTAL+set}" ]; then[0m
2025-10-02T06:11:20.0976566Z [36;1m  echo CARGO_INCREMENTAL=0 >> $GITHUB_ENV[0m
2025-10-02T06:11:20.0976816Z [36;1mfi[0m
2025-10-02T06:11:20.0996285Z shell: /usr/bin/bash --noprofile --norc -e -o pipefail {0}
2025-10-02T06:11:20.0996608Z env:
2025-10-02T06:11:20.0996801Z   CARGO_TERM_COLOR: always
2025-10-02T06:11:20.0997022Z   CARGO_HOME: /home/runner/.cargo
2025-10-02T06:11:20.0997244Z ##[endgroup]
2025-10-02T06:11:20.1058486Z ##[group]Run : enable colors in Cargo output
2025-10-02T06:11:20.1058850Z [36;1m: enable colors in Cargo output[0m
2025-10-02T06:11:20.1059132Z [36;1mif [ -z "${CARGO_TERM_COLOR+set}" ]; then[0m
2025-10-02T06:11:20.1059436Z [36;1m  echo CARGO_TERM_COLOR=always >> $GITHUB_ENV[0m
2025-10-02T06:11:20.1059683Z [36;1mfi[0m
2025-10-02T06:11:20.1079055Z shell: /usr/bin/bash --noprofile --norc -e -o pipefail {0}
2025-10-02T06:11:20.1079366Z env:
2025-10-02T06:11:20.1079541Z   CARGO_TERM_COLOR: always
2025-10-02T06:11:20.1079761Z   CARGO_HOME: /home/runner/.cargo
2025-10-02T06:11:20.1079981Z   CARGO_INCREMENTAL: 0
2025-10-02T06:11:20.1080176Z ##[endgroup]
2025-10-02T06:11:20.1143380Z ##[group]Run : enable Cargo sparse registry
2025-10-02T06:11:20.1143715Z [36;1m: enable Cargo sparse registry[0m
2025-10-02T06:11:20.1144033Z [36;1m# implemented in 1.66, stabilized in 1.68, made default in 1.70[0m
2025-10-02T06:11:20.1144639Z [36;1mif [ -z "${CARGO_REGISTRIES_CRATES_IO_PROTOCOL+set}" -o -f "/home/runner/work/_temp"/.implicit_cargo_registries_crates_io_protocol ]; then[0m
2025-10-02T06:11:20.1145365Z [36;1m  if rustc +stable --version --verbose | grep -q '^release: 1\.6[89]\.'; then[0m
2025-10-02T06:11:20.1145853Z [36;1m    touch "/home/runner/work/_temp"/.implicit_cargo_registries_crates_io_protocol || true[0m
2025-10-02T06:11:20.1146330Z [36;1m    echo CARGO_REGISTRIES_CRATES_IO_PROTOCOL=sparse >> $GITHUB_ENV[0m
2025-10-02T06:11:20.1146754Z [36;1m  elif rustc +stable --version --verbose | grep -q '^release: 1\.6[67]\.'; then[0m
2025-10-02T06:11:20.1147248Z [36;1m    touch "/home/runner/work/_temp"/.implicit_cargo_registries_crates_io_protocol || true[0m
2025-10-02T06:11:20.1147683Z [36;1m    echo CARGO_REGISTRIES_CRATES_IO_PROTOCOL=git >> $GITHUB_ENV[0m
2025-10-02T06:11:20.1147978Z [36;1m  fi[0m
2025-10-02T06:11:20.1148155Z [36;1mfi[0m
2025-10-02T06:11:20.1166792Z shell: /usr/bin/bash --noprofile --norc -e -o pipefail {0}
2025-10-02T06:11:20.1167137Z env:
2025-10-02T06:11:20.1167322Z   CARGO_TERM_COLOR: always
2025-10-02T06:11:20.1167578Z   CARGO_HOME: /home/runner/.cargo
2025-10-02T06:11:20.1167805Z   CARGO_INCREMENTAL: 0
2025-10-02T06:11:20.1168009Z ##[endgroup]
2025-10-02T06:11:20.1529426Z ##[group]Run : work around spurious network errors in curl 8.0
2025-10-02T06:11:20.1529848Z [36;1m: work around spurious network errors in curl 8.0[0m
2025-10-02T06:11:20.1530358Z [36;1m# https://rust-lang.zulipchat.com/#narrow/stream/246057-t-cargo/topic/timeout.20investigation[0m
2025-10-02T06:11:20.1531114Z [36;1mif rustc +stable --version --verbose | grep -q '^release: 1\.7[01]\.'; then[0m
2025-10-02T06:11:20.1531542Z [36;1m  echo CARGO_HTTP_MULTIPLEXING=false >> $GITHUB_ENV[0m
2025-10-02T06:11:20.1531843Z [36;1mfi[0m
2025-10-02T06:11:20.1551383Z shell: /usr/bin/bash --noprofile --norc -e -o pipefail {0}
2025-10-02T06:11:20.1551701Z env:
2025-10-02T06:11:20.1551895Z   CARGO_TERM_COLOR: always
2025-10-02T06:11:20.1552122Z   CARGO_HOME: /home/runner/.cargo
2025-10-02T06:11:20.1552355Z   CARGO_INCREMENTAL: 0
2025-10-02T06:11:20.1552573Z ##[endgroup]
2025-10-02T06:11:20.1761556Z ##[group]Run rustc +stable --version --verbose
2025-10-02T06:11:20.1761924Z [36;1mrustc +stable --version --verbose[0m
2025-10-02T06:11:20.1781788Z shell: /usr/bin/bash --noprofile --norc -e -o pipefail {0}
2025-10-02T06:11:20.1782124Z env:
2025-10-02T06:11:20.1782338Z   CARGO_TERM_COLOR: always
2025-10-02T06:11:20.1782564Z   CARGO_HOME: /home/runner/.cargo
2025-10-02T06:11:20.1782798Z   CARGO_INCREMENTAL: 0
2025-10-02T06:11:20.1782990Z ##[endgroup]
2025-10-02T06:11:20.1957300Z rustc 1.90.0 (1159e78c4 2025-09-14)
2025-10-02T06:11:20.1958224Z binary: rustc
2025-10-02T06:11:20.1958756Z commit-hash: 1159e78c4747b02ef996e55082b704c09b970588
2025-10-02T06:11:20.1959319Z commit-date: 2025-09-14
2025-10-02T06:11:20.1959705Z host: x86_64-unknown-linux-gnu
2025-10-02T06:11:20.1960108Z release: 1.90.0
2025-10-02T06:11:20.1960515Z LLVM version: 20.1.8
