2025-10-02T06:11:09.6806400Z ##[group]Run dtolnay/rust-toolchain@stable
2025-10-02T06:11:09.6806870Z with:
2025-10-02T06:11:09.6807180Z   toolchain: stable
2025-10-02T06:11:09.6807450Z env:
2025-10-02T06:11:09.6807740Z   CARGO_TERM_COLOR: always
2025-10-02T06:11:09.6808070Z ##[endgroup]
2025-10-02T06:11:09.6930640Z ##[group]Run : parse toolchain version
2025-10-02T06:11:09.6931130Z [36;1m: parse toolchain version[0m
2025-10-02T06:11:09.6931800Z [36;1mif [[ -z $toolchain ]]; then[0m
2025-10-02T06:11:09.6932410Z [36;1m  # GitHub does not enforce `required: true` inputs itself. https://github.com/actions/runner/issues/1070[0m
2025-10-02T06:11:09.6933060Z [36;1m  echo "'toolchain' is a required input" >&2[0m
2025-10-02T06:11:09.6933440Z [36;1m  exit 1[0m
2025-10-02T06:11:09.6933840Z [36;1melif [[ $toolchain =~ ^stable' '[0-9]+' '(year|month|week|day)s?' 'ago$ ]]; then[0m
2025-10-02T06:11:09.6934340Z [36;1m  if [[ macOS == macOS ]]; then[0m
2025-10-02T06:11:09.6934940Z [36;1m    echo "toolchain=1.$((($(date -v-$(sed 's/stable \([0-9]*\) \(.\).*/\1\2/' <<< $toolchain) +%s)/60/60/24-16569)/7/6))" >> $GITHUB_OUTPUT[0m
2025-10-02T06:11:09.6935570Z [36;1m  else[0m
2025-10-02T06:11:09.6936050Z [36;1m    echo "toolchain=1.$((($(date --date "${toolchain#stable }" +%s)/60/60/24-16569)/7/6))" >> $GITHUB_OUTPUT[0m
2025-10-02T06:11:09.6936600Z [36;1m  fi[0m
2025-10-02T06:11:09.6936980Z [36;1melif [[ $toolchain =~ ^stable' 'minus' '[0-9]+' 'releases?$ ]]; then[0m
2025-10-02T06:11:09.6937610Z [36;1m  echo "toolchain=1.$((($(date +%s)/60/60/24-16569)/7/6-${toolchain//[^0-9]/}))" >> $GITHUB_OUTPUT[0m
2025-10-02T06:11:09.6938170Z [36;1melif [[ $toolchain =~ ^1\.[0-9]+$ ]]; then[0m
2025-10-02T06:11:09.6938790Z [36;1m  echo "toolchain=1.$((i=${toolchain#1.}, c=($(date +%s)/60/60/24-16569)/7/6, i+9*i*(10*i<=c)+90*i*(100*i<=c)))" >> $GITHUB_OUTPUT[0m
2025-10-02T06:11:09.6939370Z [36;1melse[0m
2025-10-02T06:11:09.6939680Z [36;1m  echo "toolchain=$toolchain" >> $GITHUB_OUTPUT[0m
2025-10-02T06:11:09.6940050Z [36;1mfi[0m
2025-10-02T06:11:09.6988380Z shell: /bin/bash --noprofile --norc -e -o pipefail {0}
2025-10-02T06:11:09.6988810Z env:
2025-10-02T06:11:09.6989070Z   CARGO_TERM_COLOR: always
2025-10-02T06:11:09.6989370Z   toolchain: stable
2025-10-02T06:11:09.6989630Z ##[endgroup]
2025-10-02T06:11:09.7327520Z ##[group]Run : construct rustup command line
2025-10-02T06:11:09.7328050Z [36;1m: construct rustup command line[0m
2025-10-02T06:11:09.7332310Z [36;1mecho "targets=$(for t in ${targets//,/ }; do echo -n ' --target' $t; done)" >> $GITHUB_OUTPUT[0m
2025-10-02T06:11:09.7333190Z [36;1mecho "components=$(for c in ${components//,/ }; do echo -n ' --component' $c; done)" >> $GITHUB_OUTPUT[0m
2025-10-02T06:11:09.7335980Z [36;1mecho "downgrade=" >> $GITHUB_OUTPUT[0m
2025-10-02T06:11:09.7375280Z shell: /bin/bash --noprofile --norc -e -o pipefail {0}
2025-10-02T06:11:09.7375780Z env:
2025-10-02T06:11:09.7376080Z   CARGO_TERM_COLOR: always
2025-10-02T06:11:09.7376420Z   targets: 
2025-10-02T06:11:09.7376670Z   components: 
2025-10-02T06:11:09.7376970Z ##[endgroup]
2025-10-02T06:11:09.7638930Z ##[group]Run : set $CARGO_HOME
2025-10-02T06:11:09.7639370Z [36;1m: set $CARGO_HOME[0m
2025-10-02T06:11:09.7639800Z [36;1mecho CARGO_HOME=${CARGO_HOME:-"$HOME/.cargo"} >> $GITHUB_ENV[0m
2025-10-02T06:11:09.7673550Z shell: /bin/bash --noprofile --norc -e -o pipefail {0}
2025-10-02T06:11:09.7674030Z env:
2025-10-02T06:11:09.7674320Z   CARGO_TERM_COLOR: always
2025-10-02T06:11:09.7674680Z ##[endgroup]
2025-10-02T06:11:09.7922830Z ##[group]Run : install rustup if needed
2025-10-02T06:11:09.7923330Z [36;1m: install rustup if needed[0m
2025-10-02T06:11:09.7923720Z [36;1mif ! command -v rustup &>/dev/null; then[0m
2025-10-02T06:11:09.7924650Z [36;1m  curl --proto '=https' --tlsv1.2 --retry 10 --retry-connrefused --location --silent --show-error --fail https://sh.rustup.rs | sh -s -- --default-toolchain none -y[0m
2025-10-02T06:11:09.7925550Z [36;1m  echo "$CARGO_HOME/bin" >> $GITHUB_PATH[0m
2025-10-02T06:11:09.7926050Z [36;1mfi[0m
2025-10-02T06:11:09.7960630Z shell: /bin/bash --noprofile --norc -e -o pipefail {0}
2025-10-02T06:11:09.7961100Z env:
2025-10-02T06:11:09.7961370Z   CARGO_TERM_COLOR: always
2025-10-02T06:11:09.7961710Z   CARGO_HOME: /Users/runner/.cargo
2025-10-02T06:11:09.7962050Z ##[endgroup]
2025-10-02T06:11:09.8190460Z ##[group]Run rustup toolchain install stable --profile minimal --no-self-update
2025-10-02T06:11:09.8191520Z [36;1mrustup toolchain install stable --profile minimal --no-self-update[0m
2025-10-02T06:11:09.8226420Z shell: /bin/bash --noprofile --norc -e -o pipefail {0}
2025-10-02T06:11:09.8226870Z env:
2025-10-02T06:11:09.8227140Z   CARGO_TERM_COLOR: always
2025-10-02T06:11:09.8227480Z   CARGO_HOME: /Users/runner/.cargo
2025-10-02T06:11:09.8227830Z ##[endgroup]
2025-10-02T06:11:09.8898900Z info: syncing channel updates for 'stable-aarch64-apple-darwin'
2025-10-02T06:11:10.0470160Z info: latest update on 2025-09-18, rust version 1.90.0 (1159e78c4 2025-09-14)
2025-10-02T06:11:10.0483370Z info: downloading component 'cargo'
2025-10-02T06:11:10.1040310Z info: downloading component 'rust-std'
2025-10-02T06:11:10.2607580Z info: downloading component 'rustc'
2025-10-02T06:11:10.6773200Z info: installing component 'cargo'
2025-10-02T06:11:11.2100590Z info: installing component 'rust-std'
2025-10-02T06:11:12.9691920Z info: installing component 'rustc'
2025-10-02T06:11:16.3185620Z 
2025-10-02T06:11:16.4147960Z info: self-update is disabled for this build of rustup
2025-10-02T06:11:16.4148890Z   stable-aarch64-apple-darwin installed - rustc 1.90.0 (1159e78c4 2025-09-14)
2025-10-02T06:11:16.4149830Z info: any updates to rustup will need to be fetched with your system package manager
2025-10-02T06:11:16.4150150Z 
2025-10-02T06:11:16.4287070Z ##[group]Run rustup default stable
2025-10-02T06:11:16.4287370Z [36;1mrustup default stable[0m
2025-10-02T06:11:16.4358420Z shell: /bin/bash --noprofile --norc -e -o pipefail {0}
2025-10-02T06:11:16.4358700Z env:
2025-10-02T06:11:16.4358860Z   CARGO_TERM_COLOR: always
2025-10-02T06:11:16.4359060Z   CARGO_HOME: /Users/runner/.cargo
2025-10-02T06:11:16.4359300Z ##[endgroup]
2025-10-02T06:11:16.4691970Z info: using existing install for 'stable-aarch64-apple-darwin'
2025-10-02T06:11:16.4909120Z info: default toolchain set to 'stable-aarch64-apple-darwin'
2025-10-02T06:11:16.4909450Z 
2025-10-02T06:11:16.4985790Z   stable-aarch64-apple-darwin unchanged - rustc 1.90.0 (1159e78c4 2025-09-14)
2025-10-02T06:11:16.4986720Z 
2025-10-02T06:11:16.5012820Z ##[group]Run : create cachekey
2025-10-02T06:11:16.5013070Z [36;1m: create cachekey[0m
2025-10-02T06:11:16.5013430Z [36;1mDATE=$(rustc +stable --version --verbose | sed -ne 's/^commit-date: \(20[0-9][0-9]\)-\([01][0-9]\)-\([0-3][0-9]\)$/\1\2\3/p')[0m
2025-10-02T06:11:16.5013920Z [36;1mHASH=$(rustc +stable --version --verbose | sed -ne 's/^commit-hash: //p')[0m
2025-10-02T06:11:16.5014300Z [36;1mecho "cachekey=$(echo $DATE$HASH | head -c12)" >> $GITHUB_OUTPUT[0m
2025-10-02T06:11:16.5044300Z shell: /bin/bash --noprofile --norc -e -o pipefail {0}
2025-10-02T06:11:16.5044570Z env:
2025-10-02T06:11:16.5044740Z   CARGO_TERM_COLOR: always
2025-10-02T06:11:16.5044930Z   CARGO_HOME: /Users/runner/.cargo
2025-10-02T06:11:16.5045140Z ##[endgroup]
2025-10-02T06:11:16.5667600Z ##[group]Run : disable incremental compilation
2025-10-02T06:11:16.5667970Z [36;1m: disable incremental compilation[0m
2025-10-02T06:11:16.5668270Z [36;1mif [ -z "${CARGO_INCREMENTAL+set}" ]; then[0m
2025-10-02T06:11:16.5668570Z [36;1m  echo CARGO_INCREMENTAL=0 >> $GITHUB_ENV[0m
2025-10-02T06:11:16.5668800Z [36;1mfi[0m
2025-10-02T06:11:16.5702880Z shell: /bin/bash --noprofile --norc -e -o pipefail {0}
2025-10-02T06:11:16.5703160Z env:
2025-10-02T06:11:16.5703320Z   CARGO_TERM_COLOR: always
2025-10-02T06:11:16.5703500Z   CARGO_HOME: /Users/runner/.cargo
2025-10-02T06:11:16.5703700Z ##[endgroup]
2025-10-02T06:11:16.5911230Z ##[group]Run : enable colors in Cargo output
2025-10-02T06:11:16.5911700Z [36;1m: enable colors in Cargo output[0m
2025-10-02T06:11:16.5911980Z [36;1mif [ -z "${CARGO_TERM_COLOR+set}" ]; then[0m
2025-10-02T06:11:16.5913920Z [36;1m  echo CARGO_TERM_COLOR=always >> $GITHUB_ENV[0m
2025-10-02T06:11:16.5914160Z [36;1mfi[0m
2025-10-02T06:11:16.5952110Z shell: /bin/bash --noprofile --norc -e -o pipefail {0}
2025-10-02T06:11:16.5952410Z env:
2025-10-02T06:11:16.5952580Z   CARGO_TERM_COLOR: always
2025-10-02T06:11:16.5952790Z   CARGO_HOME: /Users/runner/.cargo
2025-10-02T06:11:16.5957310Z   CARGO_INCREMENTAL: 0
2025-10-02T06:11:16.5957520Z ##[endgroup]
2025-10-02T06:11:16.6172730Z ##[group]Run : enable Cargo sparse registry
2025-10-02T06:11:16.6173080Z [36;1m: enable Cargo sparse registry[0m
2025-10-02T06:11:16.6173370Z [36;1m# implemented in 1.66, stabilized in 1.68, made default in 1.70[0m
2025-10-02T06:11:16.6173920Z [36;1mif [ -z "${CARGO_REGISTRIES_CRATES_IO_PROTOCOL+set}" -o -f "/Users/runner/work/_temp"/.implicit_cargo_registries_crates_io_protocol ]; then[0m
2025-10-02T06:11:16.6174470Z [36;1m  if rustc +stable --version --verbose | grep -q '^release: 1\.6[89]\.'; then[0m
2025-10-02T06:11:16.6174940Z [36;1m    touch "/Users/runner/work/_temp"/.implicit_cargo_registries_crates_io_protocol || true[0m
2025-10-02T06:11:16.6175360Z [36;1m    echo CARGO_REGISTRIES_CRATES_IO_PROTOCOL=sparse >> $GITHUB_ENV[0m
2025-10-02T06:11:16.6175750Z [36;1m  elif rustc +stable --version --verbose | grep -q '^release: 1\.6[67]\.'; then[0m
2025-10-02T06:11:16.6176180Z [36;1m    touch "/Users/runner/work/_temp"/.implicit_cargo_registries_crates_io_protocol || true[0m
2025-10-02T06:11:16.6176650Z [36;1m    echo CARGO_REGISTRIES_CRATES_IO_PROTOCOL=git >> $GITHUB_ENV[0m
2025-10-02T06:11:16.6176960Z [36;1m  fi[0m
2025-10-02T06:11:16.6177100Z [36;1mfi[0m
2025-10-02T06:11:16.6214050Z shell: /bin/bash --noprofile --norc -e -o pipefail {0}
2025-10-02T06:11:16.6214380Z env:
2025-10-02T06:11:16.6214570Z   CARGO_TERM_COLOR: always
2025-10-02T06:11:16.6214790Z   CARGO_HOME: /Users/runner/.cargo
2025-10-02T06:11:16.6215010Z   CARGO_INCREMENTAL: 0
2025-10-02T06:11:16.6215190Z ##[endgroup]
2025-10-02T06:11:16.6751450Z ##[group]Run : work around spurious network errors in curl 8.0
2025-10-02T06:11:16.6751900Z [36;1m: work around spurious network errors in curl 8.0[0m
2025-10-02T06:11:16.6752530Z [36;1m# https://rust-lang.zulipchat.com/#narrow/stream/246057-t-cargo/topic/timeout.20investigation[0m
2025-10-02T06:11:16.6753040Z [36;1mif rustc +stable --version --verbose | grep -q '^release: 1\.7[01]\.'; then[0m
2025-10-02T06:11:16.6753440Z [36;1m  echo CARGO_HTTP_MULTIPLEXING=false >> $GITHUB_ENV[0m
2025-10-02T06:11:16.6753700Z [36;1mfi[0m
2025-10-02T06:11:16.6789490Z shell: /bin/bash --noprofile --norc -e -o pipefail {0}
2025-10-02T06:11:16.6790000Z env:
2025-10-02T06:11:16.6790170Z   CARGO_TERM_COLOR: always
2025-10-02T06:11:16.6790370Z   CARGO_HOME: /Users/runner/.cargo
2025-10-02T06:11:16.6790580Z   CARGO_INCREMENTAL: 0
2025-10-02T06:11:16.6790770Z ##[endgroup]
2025-10-02T06:11:16.7147000Z ##[group]Run rustc +stable --version --verbose
2025-10-02T06:11:16.7147390Z [36;1mrustc +stable --version --verbose[0m
2025-10-02T06:11:16.7181930Z shell: /bin/bash --noprofile --norc -e -o pipefail {0}
2025-10-02T06:11:16.7182250Z env:
2025-10-02T06:11:16.7182420Z   CARGO_TERM_COLOR: always
2025-10-02T06:11:16.7182620Z   CARGO_HOME: /Users/runner/.cargo
2025-10-02T06:11:16.7182840Z   CARGO_INCREMENTAL: 0
2025-10-02T06:11:16.7183010Z ##[endgroup]
2025-10-02T06:11:16.7501350Z rustc 1.90.0 (1159e78c4 2025-09-14)
2025-10-02T06:11:16.7501890Z binary: rustc
2025-10-02T06:11:16.7502140Z commit-hash: 1159e78c4747b02ef996e55082b704c09b970588
2025-10-02T06:11:16.7502390Z commit-date: 2025-09-14
2025-10-02T06:11:16.7502590Z host: aarch64-apple-darwin
2025-10-02T06:11:16.7502770Z release: 1.90.0
2025-10-02T06:11:16.7505580Z LLVM version: 20.1.8
