2025-10-02T06:23:42.0703718Z ##[group]Run dtolnay/rust-toolchain@stable
2025-10-02T06:23:42.0704732Z with:
2025-10-02T06:23:42.0705409Z   toolchain: stable
2025-10-02T06:23:42.0706155Z   components: rustfmt, clippy
2025-10-02T06:23:42.0707121Z env:
2025-10-02T06:23:42.0707780Z   CARGO_TERM_COLOR: always
2025-10-02T06:23:42.0708567Z ##[endgroup]
2025-10-02T06:23:42.0839725Z ##[group]Run : parse toolchain version
2025-10-02T06:23:42.0840827Z [36;1m: parse toolchain version[0m
2025-10-02T06:23:42.0841774Z [36;1mif [[ -z $toolchain ]]; then[0m
2025-10-02T06:23:42.0843408Z [36;1m  # GitHub does not enforce `required: true` inputs itself. https://github.com/actions/runner/issues/1070[0m
2025-10-02T06:23:42.0845151Z [36;1m  echo "'toolchain' is a required input" >&2[0m
2025-10-02T06:23:42.0846555Z [36;1m  exit 1[0m
2025-10-02T06:23:42.0847647Z [36;1melif [[ $toolchain =~ ^stable' '[0-9]+' '(year|month|week|day)s?' 'ago$ ]]; then[0m
2025-10-02T06:23:42.0848963Z [36;1m  if [[ Linux == macOS ]]; then[0m
2025-10-02T06:23:42.0850560Z [36;1m    echo "toolchain=1.$((($(date -v-$(sed 's/stable \([0-9]*\) \(.\).*/\1\2/' <<< $toolchain) +%s)/60/60/24-16569)/7/6))" >> $GITHUB_OUTPUT[0m
2025-10-02T06:23:42.0852174Z [36;1m  else[0m
2025-10-02T06:23:42.0853467Z [36;1m    echo "toolchain=1.$((($(date --date "${toolchain#stable }" +%s)/60/60/24-16569)/7/6))" >> $GITHUB_OUTPUT[0m
2025-10-02T06:23:42.0854932Z [36;1m  fi[0m
2025-10-02T06:23:42.0855927Z [36;1melif [[ $toolchain =~ ^stable' 'minus' '[0-9]+' 'releases?$ ]]; then[0m
2025-10-02T06:23:42.0857724Z [36;1m  echo "toolchain=1.$((($(date +%s)/60/60/24-16569)/7/6-${toolchain//[^0-9]/}))" >> $GITHUB_OUTPUT[0m
2025-10-02T06:23:42.0859204Z [36;1melif [[ $toolchain =~ ^1\.[0-9]+$ ]]; then[0m
2025-10-02T06:23:42.0860855Z [36;1m  echo "toolchain=1.$((i=${toolchain#1.}, c=($(date +%s)/60/60/24-16569)/7/6, i+9*i*(10*i<=c)+90*i*(100*i<=c)))" >> $GITHUB_OUTPUT[0m
2025-10-02T06:23:42.0862401Z [36;1melse[0m
2025-10-02T06:23:42.0863237Z [36;1m  echo "toolchain=$toolchain" >> $GITHUB_OUTPUT[0m
2025-10-02T06:23:42.0864261Z [36;1mfi[0m
2025-10-02T06:23:42.0902821Z shell: /usr/bin/bash --noprofile --norc -e -o pipefail {0}
2025-10-02T06:23:42.0903974Z env:
2025-10-02T06:23:42.0904638Z   CARGO_TERM_COLOR: always
2025-10-02T06:23:42.0905452Z   toolchain: stable
2025-10-02T06:23:42.0906162Z ##[endgroup]
2025-10-02T06:23:42.1147532Z ##[group]Run : construct rustup command line
2025-10-02T06:23:42.1148641Z [36;1m: construct rustup command line[0m
2025-10-02T06:23:42.1150073Z [36;1mecho "targets=$(for t in ${targets//,/ }; do echo -n ' --target' $t; done)" >> $GITHUB_OUTPUT[0m
2025-10-02T06:23:42.1152074Z [36;1mecho "components=$(for c in ${components//,/ }; do echo -n ' --component' $c; done)" >> $GITHUB_OUTPUT[0m
2025-10-02T06:23:42.1153677Z [36;1mecho "downgrade=" >> $GITHUB_OUTPUT[0m
2025-10-02T06:23:42.1188409Z shell: /usr/bin/bash --noprofile --norc -e -o pipefail {0}
2025-10-02T06:23:42.1189520Z env:
2025-10-02T06:23:42.1190197Z   CARGO_TERM_COLOR: always
2025-10-02T06:23:42.1190989Z   targets: 
2025-10-02T06:23:42.1191720Z   components: rustfmt, clippy
2025-10-02T06:23:42.1192549Z ##[endgroup]
2025-10-02T06:23:42.1297939Z ##[group]Run : set $CARGO_HOME
2025-10-02T06:23:42.1298842Z [36;1m: set $CARGO_HOME[0m
2025-10-02T06:23:42.1299943Z [36;1mecho CARGO_HOME=${CARGO_HOME:-"$HOME/.cargo"} >> $GITHUB_ENV[0m
2025-10-02T06:23:42.1332760Z shell: /usr/bin/bash --noprofile --norc -e -o pipefail {0}
2025-10-02T06:23:42.1333863Z env:
2025-10-02T06:23:42.1334533Z   CARGO_TERM_COLOR: always
2025-10-02T06:23:42.1335326Z ##[endgroup]
2025-10-02T06:23:42.1440736Z ##[group]Run : install rustup if needed
2025-10-02T06:23:42.1441737Z [36;1m: install rustup if needed[0m
2025-10-02T06:23:42.1442742Z [36;1mif ! command -v rustup &>/dev/null; then[0m
2025-10-02T06:23:42.1445010Z [36;1m  curl --proto '=https' --tlsv1.2 --retry 10 --retry-connrefused --location --silent --show-error --fail https://sh.rustup.rs | sh -s -- --default-toolchain none -y[0m
2025-10-02T06:23:42.1447483Z [36;1m  echo "$CARGO_HOME/bin" >> $GITHUB_PATH[0m
2025-10-02T06:23:42.1448660Z [36;1mfi[0m
2025-10-02T06:23:42.1480868Z shell: /usr/bin/bash --noprofile --norc -e -o pipefail {0}
2025-10-02T06:23:42.1481978Z env:
2025-10-02T06:23:42.1482654Z   CARGO_TERM_COLOR: always
2025-10-02T06:23:42.1483500Z   CARGO_HOME: /home/runner/.cargo
2025-10-02T06:23:42.1484361Z ##[endgroup]
2025-10-02T06:23:42.1591277Z ##[group]Run rustup toolchain install stable --component rustfmt --component clippy --profile minimal --no-self-update
2025-10-02T06:23:42.1593818Z [36;1mrustup toolchain install stable --component rustfmt --component clippy --profile minimal --no-self-update[0m
2025-10-02T06:23:42.1627235Z shell: /usr/bin/bash --noprofile --norc -e -o pipefail {0}
2025-10-02T06:23:42.1628497Z env:
2025-10-02T06:23:42.1629168Z   CARGO_TERM_COLOR: always
2025-10-02T06:23:42.1630064Z   CARGO_HOME: /home/runner/.cargo
2025-10-02T06:23:42.1630937Z ##[endgroup]
2025-10-02T06:23:42.2081267Z info: syncing channel updates for 'stable-x86_64-unknown-linux-gnu'
2025-10-02T06:23:42.2767078Z info: latest update on 2025-09-18, rust version 1.90.0 (1159e78c4 2025-09-14)
2025-10-02T06:23:42.2769196Z info: downloading component 'cargo'
2025-10-02T06:23:42.3185871Z info: downloading component 'clippy'
2025-10-02T06:23:42.3459095Z info: downloading component 'rust-std'
2025-10-02T06:23:42.4444371Z info: downloading component 'rustc'
2025-10-02T06:23:42.7034411Z info: downloading component 'rustfmt'
2025-10-02T06:23:42.7234923Z info: installing component 'cargo'
2025-10-02T06:23:43.4147264Z info: installing component 'clippy'
2025-10-02T06:23:43.7888797Z info: installing component 'rust-std'
2025-10-02T06:23:45.6698346Z info: installing component 'rustc'
2025-10-02T06:23:50.3535680Z info: installing component 'rustfmt'
2025-10-02T06:23:50.6409865Z 
2025-10-02T06:23:50.6506742Z   stable-x86_64-unknown-linux-gnu installed - rustc 1.90.0 (1159e78c4 2025-09-14)
2025-10-02T06:23:50.6507576Z 
2025-10-02T06:23:50.6569212Z ##[group]Run rustup default stable
2025-10-02T06:23:50.6569560Z [36;1mrustup default stable[0m
2025-10-02T06:23:50.6602835Z shell: /usr/bin/bash --noprofile --norc -e -o pipefail {0}
2025-10-02T06:23:50.6603211Z env:
2025-10-02T06:23:50.6603420Z   CARGO_TERM_COLOR: always
2025-10-02T06:23:50.6603684Z   CARGO_HOME: /home/runner/.cargo
2025-10-02T06:23:50.6603945Z ##[endgroup]
2025-10-02T06:23:50.6706928Z info: using existing install for 'stable-x86_64-unknown-linux-gnu'
2025-10-02T06:23:50.7039531Z info: default toolchain set to 'stable-x86_64-unknown-linux-gnu'
2025-10-02T06:23:50.7040129Z 
2025-10-02T06:23:50.7129140Z   stable-x86_64-unknown-linux-gnu unchanged - rustc 1.90.0 (1159e78c4 2025-09-14)
2025-10-02T06:23:50.7129689Z 
2025-10-02T06:23:50.7174996Z ##[group]Run : create cachekey
2025-10-02T06:23:50.7175309Z [36;1m: create cachekey[0m
2025-10-02T06:23:50.7175790Z [36;1mDATE=$(rustc +stable --version --verbose | sed -ne 's/^commit-date: \(20[0-9][0-9]\)-\([01][0-9]\)-\([0-3][0-9]\)$/\1\2\3/p')[0m
2025-10-02T06:23:50.7177024Z [36;1mHASH=$(rustc +stable --version --verbose | sed -ne 's/^commit-hash: //p')[0m
2025-10-02T06:23:50.7177566Z [36;1mecho "cachekey=$(echo $DATE$HASH | head -c12)" >> $GITHUB_OUTPUT[0m
2025-10-02T06:23:50.7211907Z shell: /usr/bin/bash --noprofile --norc -e -o pipefail {0}
2025-10-02T06:23:50.7212258Z env:
2025-10-02T06:23:50.7212472Z   CARGO_TERM_COLOR: always
2025-10-02T06:23:50.7212740Z   CARGO_HOME: /home/runner/.cargo
2025-10-02T06:23:50.7212998Z ##[endgroup]
2025-10-02T06:23:50.7610840Z ##[group]Run : disable incremental compilation
2025-10-02T06:23:50.7611258Z [36;1m: disable incremental compilation[0m
2025-10-02T06:23:50.7611598Z [36;1mif [ -z "${CARGO_INCREMENTAL+set}" ]; then[0m
2025-10-02T06:23:50.7611960Z [36;1m  echo CARGO_INCREMENTAL=0 >> $GITHUB_ENV[0m
2025-10-02T06:23:50.7612247Z [36;1mfi[0m
2025-10-02T06:23:50.7644984Z shell: /usr/bin/bash --noprofile --norc -e -o pipefail {0}
2025-10-02T06:23:50.7645396Z env:
2025-10-02T06:23:50.7645602Z   CARGO_TERM_COLOR: always
2025-10-02T06:23:50.7645858Z   CARGO_HOME: /home/runner/.cargo
2025-10-02T06:23:50.7646543Z ##[endgroup]
2025-10-02T06:23:50.7717633Z ##[group]Run : enable colors in Cargo output
2025-10-02T06:23:50.7717974Z [36;1m: enable colors in Cargo output[0m
2025-10-02T06:23:50.7718291Z [36;1mif [ -z "${CARGO_TERM_COLOR+set}" ]; then[0m
2025-10-02T06:23:50.7718636Z [36;1m  echo CARGO_TERM_COLOR=always >> $GITHUB_ENV[0m
2025-10-02T06:23:50.7718934Z [36;1mfi[0m
2025-10-02T06:23:50.7750199Z shell: /usr/bin/bash --noprofile --norc -e -o pipefail {0}
2025-10-02T06:23:50.7750550Z env:
2025-10-02T06:23:50.7750757Z   CARGO_TERM_COLOR: always
2025-10-02T06:23:50.7751015Z   CARGO_HOME: /home/runner/.cargo
2025-10-02T06:23:50.7751273Z   CARGO_INCREMENTAL: 0
2025-10-02T06:23:50.7751663Z ##[endgroup]
2025-10-02T06:23:50.7823376Z ##[group]Run : enable Cargo sparse registry
2025-10-02T06:23:50.7823722Z [36;1m: enable Cargo sparse registry[0m
2025-10-02T06:23:50.7824103Z [36;1m# implemented in 1.66, stabilized in 1.68, made default in 1.70[0m
2025-10-02T06:23:50.7824783Z [36;1mif [ -z "${CARGO_REGISTRIES_CRATES_IO_PROTOCOL+set}" -o -f "/home/runner/work/_temp"/.implicit_cargo_registries_crates_io_protocol ]; then[0m
2025-10-02T06:23:50.7825452Z [36;1m  if rustc +stable --version --verbose | grep -q '^release: 1\.6[89]\.'; then[0m
2025-10-02T06:23:50.7825999Z [36;1m    touch "/home/runner/work/_temp"/.implicit_cargo_registries_crates_io_protocol || true[0m
2025-10-02T06:23:50.7826759Z [36;1m    echo CARGO_REGISTRIES_CRATES_IO_PROTOCOL=sparse >> $GITHUB_ENV[0m
2025-10-02T06:23:50.7827242Z [36;1m  elif rustc +stable --version --verbose | grep -q '^release: 1\.6[67]\.'; then[0m
2025-10-02T06:23:50.7827775Z [36;1m    touch "/home/runner/work/_temp"/.implicit_cargo_registries_crates_io_protocol || true[0m
2025-10-02T06:23:50.7828274Z [36;1m    echo CARGO_REGISTRIES_CRATES_IO_PROTOCOL=git >> $GITHUB_ENV[0m
2025-10-02T06:23:50.7828617Z [36;1m  fi[0m
2025-10-02T06:23:50.7828819Z [36;1mfi[0m
2025-10-02T06:23:50.7859796Z shell: /usr/bin/bash --noprofile --norc -e -o pipefail {0}
2025-10-02T06:23:50.7860175Z env:
2025-10-02T06:23:50.7860378Z   CARGO_TERM_COLOR: always
2025-10-02T06:23:50.7860635Z   CARGO_HOME: /home/runner/.cargo
2025-10-02T06:23:50.7860894Z   CARGO_INCREMENTAL: 0
2025-10-02T06:23:50.7861120Z ##[endgroup]
2025-10-02T06:23:50.8231636Z ##[group]Run : work around spurious network errors in curl 8.0
2025-10-02T06:23:50.8232113Z [36;1m: work around spurious network errors in curl 8.0[0m
2025-10-02T06:23:50.8232655Z [36;1m# https://rust-lang.zulipchat.com/#narrow/stream/246057-t-cargo/topic/timeout.20investigation[0m
2025-10-02T06:23:50.8233259Z [36;1mif rustc +stable --version --verbose | grep -q '^release: 1\.7[01]\.'; then[0m
2025-10-02T06:23:50.8233719Z [36;1m  echo CARGO_HTTP_MULTIPLEXING=false >> $GITHUB_ENV[0m
2025-10-02T06:23:50.8234047Z [36;1mfi[0m
2025-10-02T06:23:50.8268854Z shell: /usr/bin/bash --noprofile --norc -e -o pipefail {0}
2025-10-02T06:23:50.8269217Z env:
2025-10-02T06:23:50.8269431Z   CARGO_TERM_COLOR: always
2025-10-02T06:23:50.8269706Z   CARGO_HOME: /home/runner/.cargo
2025-10-02T06:23:50.8269974Z   CARGO_INCREMENTAL: 0
2025-10-02T06:23:50.8270206Z ##[endgroup]
2025-10-02T06:23:50.8499707Z ##[group]Run rustc +stable --version --verbose
2025-10-02T06:23:50.8500117Z [36;1mrustc +stable --version --verbose[0m
2025-10-02T06:23:50.8534673Z shell: /usr/bin/bash --noprofile --norc -e -o pipefail {0}
2025-10-02T06:23:50.8535062Z env:
2025-10-02T06:23:50.8535281Z   CARGO_TERM_COLOR: always
2025-10-02T06:23:50.8535544Z   CARGO_HOME: /home/runner/.cargo
2025-10-02T06:23:50.8535824Z   CARGO_INCREMENTAL: 0
2025-10-02T06:23:50.8536054Z ##[endgroup]
2025-10-02T06:23:50.8724877Z rustc 1.90.0 (1159e78c4 2025-09-14)
2025-10-02T06:23:50.8725522Z binary: rustc
2025-10-02T06:23:50.8726003Z commit-hash: 1159e78c4747b02ef996e55082b704c09b970588
2025-10-02T06:23:50.8726630Z commit-date: 2025-09-14
2025-10-02T06:23:50.8727104Z host: x86_64-unknown-linux-gnu
2025-10-02T06:23:50.8727419Z release: 1.90.0
2025-10-02T06:23:50.8727714Z LLVM version: 20.1.8
